Archive member included to satisfy reference by file (symbol)

c:/program files (x86)/embitz/1.11/share/em_armgcc/bin/../lib/gcc/arm-none-eabi/5.4.1/../../../../arm-none-eabi/lib/armv7e-m/fpu\libc_n.a(lib_a-ctype_.o)
                              obj\release\~#\source\nrf\sdk\nrf5_sdk_13.0.0\components\libraries\log\src\nrf_log_backend_serial.o (__ctype_ptr__)
c:/program files (x86)/embitz/1.11/share/em_armgcc/bin/../lib/gcc/arm-none-eabi/5.4.1/../../../../arm-none-eabi/lib/armv7e-m/fpu\libc_n.a(lib_a-memcpy-stub.o)
                              obj\release\src\pecpec_nrf52.o (memcpy)
c:/program files (x86)/embitz/1.11/share/em_armgcc/bin/../lib/gcc/arm-none-eabi/5.4.1/../../../../arm-none-eabi/lib/armv7e-m/fpu\libc_n.a(lib_a-memset.o)
                              obj\release\src\pecpec_ble.o (memset)
c:/program files (x86)/embitz/1.11/share/em_armgcc/bin/../lib/gcc/arm-none-eabi/5.4.1/../../../../arm-none-eabi/lib/armv7e-m/fpu\libc_n.a(lib_a-snprintf.o)
                              obj\release\~#\source\nrf\sdk\nrf5_sdk_13.0.0\components\libraries\log\src\nrf_log_backend_serial.o (snprintf)
c:/program files (x86)/embitz/1.11/share/em_armgcc/bin/../lib/gcc/arm-none-eabi/5.4.1/../../../../arm-none-eabi/lib/armv7e-m/fpu\libc_n.a(lib_a-sprintf.o)
                              obj\release\src\pecpec_nrf52.o (sprintf)
c:/program files (x86)/embitz/1.11/share/em_armgcc/bin/../lib/gcc/arm-none-eabi/5.4.1/../../../../arm-none-eabi/lib/armv7e-m/fpu\libc_n.a(lib_a-strcpy.o)
                              obj\release\~#\source\nrf\sdk\nrf5_sdk_13.0.0\external\segger_rtt\segger_rtt.o (strcpy)
c:/program files (x86)/embitz/1.11/share/em_armgcc/bin/../lib/gcc/arm-none-eabi/5.4.1/../../../../arm-none-eabi/lib/armv7e-m/fpu\libc_n.a(lib_a-strlen.o)
                              obj\release\src\pecpec_ble.o (strlen)
c:/program files (x86)/embitz/1.11/share/em_armgcc/bin/../lib/gcc/arm-none-eabi/5.4.1/../../../../arm-none-eabi/lib/armv7e-m/fpu\libc_n.a(lib_a-impure.o)
                              c:/program files (x86)/embitz/1.11/share/em_armgcc/bin/../lib/gcc/arm-none-eabi/5.4.1/../../../../arm-none-eabi/lib/armv7e-m/fpu\libc_n.a(lib_a-snprintf.o) (_impure_ptr)
c:/program files (x86)/embitz/1.11/share/em_armgcc/bin/../lib/gcc/arm-none-eabi/5.4.1/../../../../arm-none-eabi/lib/armv7e-m/fpu\libc_n.a(lib_a-nano-svfprintf.o)
                              c:/program files (x86)/embitz/1.11/share/em_armgcc/bin/../lib/gcc/arm-none-eabi/5.4.1/../../../../arm-none-eabi/lib/armv7e-m/fpu\libc_n.a(lib_a-snprintf.o) (_svfprintf_r)
c:/program files (x86)/embitz/1.11/share/em_armgcc/bin/../lib/gcc/arm-none-eabi/5.4.1/../../../../arm-none-eabi/lib/armv7e-m/fpu\libc_n.a(lib_a-nano-vfprintf_i.o)
                              c:/program files (x86)/embitz/1.11/share/em_armgcc/bin/../lib/gcc/arm-none-eabi/5.4.1/../../../../arm-none-eabi/lib/armv7e-m/fpu\libc_n.a(lib_a-nano-svfprintf.o) (_printf_i)
c:/program files (x86)/embitz/1.11/share/em_armgcc/bin/../lib/gcc/arm-none-eabi/5.4.1/../../../../arm-none-eabi/lib/armv7e-m/fpu\libc_n.a(lib_a-memchr.o)
                              c:/program files (x86)/embitz/1.11/share/em_armgcc/bin/../lib/gcc/arm-none-eabi/5.4.1/../../../../arm-none-eabi/lib/armv7e-m/fpu\libc_n.a(lib_a-nano-svfprintf.o) (memchr)
c:/program files (x86)/embitz/1.11/share/em_armgcc/bin/../lib/gcc/arm-none-eabi/5.4.1/../../../../arm-none-eabi/lib/armv7e-m/fpu\libc_n.a(lib_a-memmove.o)
                              c:/program files (x86)/embitz/1.11/share/em_armgcc/bin/../lib/gcc/arm-none-eabi/5.4.1/../../../../arm-none-eabi/lib/armv7e-m/fpu\libc_n.a(lib_a-nano-svfprintf.o) (memmove)
c:/program files (x86)/embitz/1.11/share/em_armgcc/bin/../lib/gcc/arm-none-eabi/5.4.1/../../../../arm-none-eabi/lib/armv7e-m/fpu\libc_n.a(lib_a-nano-freer.o)
                              c:/program files (x86)/embitz/1.11/share/em_armgcc/bin/../lib/gcc/arm-none-eabi/5.4.1/../../../../arm-none-eabi/lib/armv7e-m/fpu\libc_n.a(lib_a-nano-svfprintf.o) (_free_r)
c:/program files (x86)/embitz/1.11/share/em_armgcc/bin/../lib/gcc/arm-none-eabi/5.4.1/../../../../arm-none-eabi/lib/armv7e-m/fpu\libc_n.a(lib_a-nano-mallocr.o)
                              c:/program files (x86)/embitz/1.11/share/em_armgcc/bin/../lib/gcc/arm-none-eabi/5.4.1/../../../../arm-none-eabi/lib/armv7e-m/fpu\libc_n.a(lib_a-nano-svfprintf.o) (_malloc_r)
c:/program files (x86)/embitz/1.11/share/em_armgcc/bin/../lib/gcc/arm-none-eabi/5.4.1/../../../../arm-none-eabi/lib/armv7e-m/fpu\libc_n.a(lib_a-nano-reallocr.o)
                              c:/program files (x86)/embitz/1.11/share/em_armgcc/bin/../lib/gcc/arm-none-eabi/5.4.1/../../../../arm-none-eabi/lib/armv7e-m/fpu\libc_n.a(lib_a-nano-svfprintf.o) (_realloc_r)
c:/program files (x86)/embitz/1.11/share/em_armgcc/bin/../lib/gcc/arm-none-eabi/5.4.1/../../../../arm-none-eabi/lib/armv7e-m/fpu\libc_n.a(lib_a-sbrkr.o)
[...]
Memory Configuration

Name             Origin             Length             Attributes
FLASH            0x0001f000         0x00061000         xr
RAM              0x200025f8         0x0000da08         xrw
*default*        0x00000000         0xffffffff

Linker script and memory map


.text           0x0001f000     0x6b32
 *(.isr_vector)
 .isr_vector    0x0001f000      0x200 obj\release\~#\source\nrf\sdk\nrf5_sdk_13.0.0\components\toolchain\gcc\gcc_startup_nrf52.o
                0x0001f000                __isr_vector
 *(.text*)
 .text.pchar_ToSpareTimeLabs
                0x0001f200       0x1c obj\release\src\main.o
                0x0001f200                pchar_ToSpareTimeLabs
 .text.timer_1s_handler
                0x0001f21c       0x10 obj\release\src\main.o
 .text.startup.main
                0x0001f22c       0xa4 obj\release\src\main.o
                0x0001f22c                main
 .text.sd_ble_gap_disconnect
                0x0001f2d0        0x4 obj\release\src\pecpec_ble.o
 .text.sd_ble_gap_ppcp_set
                0x0001f2d4        0x4 obj\release\src\pecpec_ble.o
 .text.sd_ble_gap_device_name_set
                0x0001f2d8        0x4 obj\release\src\pecpec_ble.o
 .text.sd_ble_gap_sec_params_reply
                0x0001f2dc        0x4 obj\release\src\pecpec_ble.o
 .text.sd_ble_gap_data_length_update
                0x0001f2e0        0x4 obj\release\src\pecpec_ble.o
 .text.sd_ble_gatts_rw_authorize_reply
                0x0001f2e4        0x4 obj\release\src\pecpec_ble.o
 .text.sd_ble_gatts_sys_attr_set
                0x0001f2e8        0x4 obj\release\src\pecpec_ble.o
 .text.sd_ble_cfg_set
                0x0001f2ec        0x4 obj\release\src\pecpec_ble.o
 .text.sd_ble_user_mem_reply
                0x0001f2f0        0x4 obj\release\src\pecpec_ble.o
 .text.conn_params_error_handler
                0x0001f2f4        0x4 obj\release\src\pecpec_ble.o
 .text.ble_evt_dispatch
                0x0001f2f8      0x164 obj\release\src\pecpec_ble.o
 .text.nus_data_handler
                0x0001f45c       0x10 obj\release\src\pecpec_ble.o
 .text.on_adv_evt
                0x0001f46c        0x8 obj\release\src\pecpec_ble.o
 .text.on_conn_params_evt
                0x0001f474       0x24 obj\release\src\pecpec_ble.o
 .text.gatt_evt_handler
                0x0001f498       0x30 obj\release\src\pecpec_ble.o
                0x0001f498                gatt_evt_handler
 .text.ble_init
                0x0001f4c8      0x254 obj\release\src\pecpec_ble.o
                0x0001f4c8                ble_init
 .text.ble_start
                0x0001f71c       0x14 obj\release\src\pecpec_ble.o
                0x0001f71c                ble_start
 .text.ble_send
                0x0001f730       0x2c obj\release\src\pecpec_ble.o
                0x0001f730                ble_send
 .text.sd_power_system_off
                0x0001f75c        0x4 obj\release\src\pecpec_nrf52.o
 .text.sd_app_evt_wait
                0x0001f760        0x4 obj\release\src\pecpec_nrf52.o
 .text.LED1_timer_handler
                0x0001f764       0x10 obj\release\src\pecpec_nrf52.o
 .text.twi_handler
                0x0001f774        0x4 obj\release\src\pecpec_nrf52.o
                0x0001f774                twi_handler
 .text.timer_twi_handler
                0x0001f778       0x18 obj\release\src\pecpec_nrf52.o
 .text.INT_gpiote_event_handler
                0x0001f790      0x138 obj\release\src\pecpec_nrf52.o
                0x0001f790                INT_gpiote_event_handler
 .text.power_manage
                0x0001f8c8       0x14 obj\release\src\pecpec_nrf52.o
                0x0001f8c8                power_manage
 .text.sleep_mode_enter
                0x0001f8dc       0x20 obj\release\src\pecpec_nrf52.o
                0x0001f8dc                sleep_mode_enter
 .text.Acc_Get_and_Display
                0x0001f8fc      0x184 obj\release\src\pecpec_nrf52.o
                0x0001f8fc                Acc_Get_and_Display
 .text.MMA8453_Init_and_Test
                0x0001fa80      0x12c obj\release\src\pecpec_nrf52.o
                0x0001fa80                MMA8453_Init_and_Test
 .text.timer_twi_start
                0x0001fbac       0x20 obj\release\src\pecpec_nrf52.o
                0x0001fbac                timer_twi_start
 .text.timer_twi_stop
                0x0001fbcc       0x18 obj\release\src\pecpec_nrf52.o
                0x0001fbcc                timer_twi_stop
 .text.twi_init
                0x0001fbe4       0x5c obj\release\src\pecpec_nrf52.o
                0x0001fbe4                twi_init
 .text.LED1_blink
                0x0001fc40       0x44 obj\release\src\pecpec_nrf52.o
                0x0001fc40                LED1_blink
 .text.buttons_leds_ports_init
                0x0001fc84       0xa0 obj\release\src\pecpec_nrf52.o
                0x0001fc84                buttons_leds_ports_init
 .text.buttons_leds_ports_start
                0x0001fd24       0x18 obj\release\src\pecpec_nrf52.o
                0x0001fd24                buttons_leds_ports_start
 .text.sd_ble_gap_adv_start
                0x0001fd3c        0x4 obj\release\~#\source\nrf\sdk\nrf5_sdk_13.0.0\components\ble\ble_advertising\ble_advertising.o
 .text.ble_advertising_start.part.1
                0x0001fd40      0x244 obj\release\~#\source\nrf\sdk\nrf5_sdk_13.0.0\components\ble\ble_advertising\ble_advertising.o
 .text.ble_advertising_conn_cfg_tag_set
                0x0001ff84        0xc obj\release\~#\source\nrf\sdk\nrf5_sdk_13.0.0\components\ble\ble_advertising\ble_advertising.o
                0x0001ff84                ble_advertising_conn_cfg_tag_set
 .text.ble_advertising_init
                0x0001ff90      0x184 obj\release\~#\source\nrf\sdk\nrf5_sdk_13.0.0\components\ble\ble_advertising\ble_advertising.o
                0x0001ff90                ble_advertising_init
 .text.ble_advertising_start
                0x00020114       0x40 obj\release\~#\source\nrf\sdk\nrf5_sdk_13.0.0\components\ble\ble_advertising\ble_advertising.o
                0x00020114                ble_advertising_start
 .text.ble_advertising_on_ble_evt
                0x00020154       0xc0 obj\release\~#\source\nrf\sdk\nrf5_sdk_13.0.0\components\ble\ble_advertising\ble_advertising.o
                0x00020154                ble_advertising_on_ble_evt
 .text.sd_ble_gatts_service_add
                0x00020214        0x4 obj\release\~#\source\nrf\sdk\nrf5_sdk_13.0.0\components\ble\ble_services\ble_nus\ble_nus.o
 .text.sd_ble_gatts_characteristic_add
                0x00020218        0x4 obj\release\~#\source\nrf\sdk\nrf5_sdk_13.0.0\components\ble\ble_services\ble_nus\ble_nus.o
 .text.sd_ble_gatts_hvx
                0x0002021c        0x4 obj\release\~#\source\nrf\sdk\nrf5_sdk_13.0.0\components\ble\ble_services\ble_nus\ble_nus.o
 .text.sd_ble_uuid_vs_add
                0x00020220        0x4 obj\release\~#\source\nrf\sdk\nrf5_sdk_13.0.0\components\ble\ble_services\ble_nus\ble_nus.o
 .text.ble_nus_on_ble_evt
                0x00020224       0x58 obj\release\~#\source\nrf\sdk\nrf5_sdk_13.0.0\components\ble\ble_services\ble_nus\ble_nus.o
                0x00020224                ble_nus_on_ble_evt
 .text.ble_nus_init
                0x0002027c      0x1f0 obj\release\~#\source\nrf\sdk\nrf5_sdk_13.0.0\components\ble\ble_services\ble_nus\ble_nus.o
                0x0002027c                ble_nus_init
 .text.ble_nus_string_send
                0x0002046c       0x60 obj\release\~#\source\nrf\sdk\nrf5_sdk_13.0.0\components\ble\ble_services\ble_nus\ble_nus.o
                0x0002046c                ble_nus_string_send
 .text.sd_ble_gap_addr_get
                0x000204cc        0x4 obj\release\~#\source\nrf\sdk\nrf5_sdk_13.0.0\components\ble\common\ble_advdata.o
 .text.sd_ble_gap_adv_data_set
                0x000204d0        0x4 obj\release\~#\source\nrf\sdk\nrf5_sdk_13.0.0\components\ble\common\ble_advdata.o
 .text.sd_ble_gap_appearance_get
                0x000204d4        0x4 obj\release\~#\source\nrf\sdk\nrf5_sdk_13.0.0\components\ble\common\ble_advdata.o
 .text.sd_ble_gap_device_name_get
                0x000204d8        0x4 obj\release\~#\source\nrf\sdk\nrf5_sdk_13.0.0\components\ble\common\ble_advdata.o
 .text.sd_ble_uuid_encode
                0x000204dc        0x4 obj\release\~#\source\nrf\sdk\nrf5_sdk_13.0.0\components\ble\common\ble_advdata.o
 .text.uuid_list_sized_encode
                0x000204e0       0xb8 obj\release\~#\source\nrf\sdk\nrf5_sdk_13.0.0\components\ble\common\ble_advdata.o
 .text.adv_data_encode
                0x00020598      0x3f8 obj\release\~#\source\nrf\sdk\nrf5_sdk_13.0.0\components\ble\common\ble_advdata.o
                0x00020598                adv_data_encode
 .text.ble_advdata_set
                0x00020990      0x4dc obj\release\~#\source\nrf\sdk\nrf5_sdk_13.0.0\components\ble\common\ble_advdata.o
                0x00020990                ble_advdata_set
 .text.sd_ble_gap_conn_param_update
                0x00020e6c        0x4 obj\release\~#\source\nrf\sdk\nrf5_sdk_13.0.0\components\ble\common\ble_conn_params.o
 .text.sd_ble_gap_disconnect
                0x00020e70        0x4 obj\release\~#\source\nrf\sdk\nrf5_sdk_13.0.0\components\ble\common\ble_conn_params.o
 .text.sd_ble_gap_ppcp_set
                0x00020e74        0x4 obj\release\~#\source\nrf\sdk\nrf5_sdk_13.0.0\components\ble\common\ble_conn_params.o
 .text.sd_ble_gap_ppcp_get
                0x00020e78        0x4 obj\release\~#\source\nrf\sdk\nrf5_sdk_13.0.0\components\ble\common\ble_conn_params.o
 .text.update_timeout_handler
                0x00020e7c       0x74 obj\release\~#\source\nrf\sdk\nrf5_sdk_13.0.0\components\ble\common\ble_conn_params.o
 .text.conn_params_negotiation
                0x00020ef0       0x94 obj\release\~#\source\nrf\sdk\nrf5_sdk_13.0.0\components\ble\common\ble_conn_params.o
 .text.ble_conn_params_init
                0x00020f84       0x74 obj\release\~#\source\nrf\sdk\nrf5_sdk_13.0.0\components\ble\common\ble_conn_params.o
                0x00020f84                ble_conn_params_init
 .text.ble_conn_params_on_ble_evt
                0x00020ff8       0xb8 obj\release\~#\source\nrf\sdk\nrf5_sdk_13.0.0\components\ble\common\ble_conn_params.o
                0x00020ff8                ble_conn_params_on_ble_evt
 .text.ble_srv_is_notification_enabled
                0x000210b0        0x8 obj\release\~#\source\nrf\sdk\nrf5_sdk_13.0.0\components\ble\common\ble_srv_common.o
                0x000210b0                ble_srv_is_notification_enabled
 .text.sd_ble_gap_data_length_update
                0x000210b8        0x4 obj\release\~#\source\nrf\sdk\nrf5_sdk_13.0.0\components\ble\nrf_ble_gatt\nrf_ble_gatt.o
 .text.sd_ble_gattc_exchange_mtu_request
                0x000210bc        0x4 obj\release\~#\source\nrf\sdk\nrf5_sdk_13.0.0\components\ble\nrf_ble_gatt\nrf_ble_gatt.o
 .text.sd_ble_gatts_exchange_mtu_reply
                0x000210c0        0x4 obj\release\~#\source\nrf\sdk\nrf5_sdk_13.0.0\components\ble\nrf_ble_gatt\nrf_ble_gatt.o
 .text.nrf_ble_gatt_init
                0x000210c4       0x38 obj\release\~#\source\nrf\sdk\nrf5_sdk_13.0.0\components\ble\nrf_ble_gatt\nrf_ble_gatt.o
                0x000210c4                nrf_ble_gatt_init
 .text.nrf_ble_gatt_att_mtu_periph_set
                0x000210fc       0x18 obj\release\~#\source\nrf\sdk\nrf5_sdk_13.0.0\components\ble\nrf_ble_gatt\nrf_ble_gatt.o
                0x000210fc                nrf_ble_gatt_att_mtu_periph_set
 .text.nrf_ble_gatt_on_ble_evt
                0x00021114      0x208 obj\release\~#\source\nrf\sdk\nrf5_sdk_13.0.0\components\ble\nrf_ble_gatt\nrf_ble_gatt.o
                0x00021114                nrf_ble_gatt_on_ble_evt
 .text.POWER_CLOCK_IRQHandler
                0x0002131c       0x78 obj\release\~#\source\nrf\sdk\nrf5_sdk_13.0.0\components\drivers_nrf\clock\nrf_drv_clock.o
                0x0002131c                POWER_CLOCK_IRQHandler
 .text.nrf_drv_clock_on_soc_event
                0x00021394       0x20 obj\release\~#\source\nrf\sdk\nrf5_sdk_13.0.0\components\drivers_nrf\clock\nrf_drv_clock.o
                0x00021394                nrf_drv_clock_on_soc_event
 .text.nrf_drv_clock_on_sd_enable
                0x000213b4       0x60 obj\release\~#\source\nrf\sdk\nrf5_sdk_13.0.0\components\drivers_nrf\clock\nrf_drv_clock.o
                0x000213b4                nrf_drv_clock_on_sd_enable
 .text.nrf_drv_common_irq_enable
                0x00021414       0x50 obj\release\~#\source\nrf\sdk\nrf5_sdk_13.0.0\components\drivers_nrf\common\nrf_drv_common.o
                0x00021414                nrf_drv_common_irq_enable
 .text.nrf_drv_gpiote_init
                0x00021464       0x84 obj\release\~#\source\nrf\sdk\nrf5_sdk_13.0.0\components\drivers_nrf\gpiote\nrf_drv_gpiote.o
                0x00021464                nrf_drv_gpiote_init
 .text.nrf_drv_gpiote_in_init
                0x000214e8      0x190 obj\release\~#\source\nrf\sdk\nrf5_sdk_13.0.0\components\drivers_nrf\gpiote\nrf_drv_gpiote.o
                0x000214e8                nrf_drv_gpiote_in_init
 .text.nrf_drv_gpiote_in_event_enable
                0x00021678       0xc4 obj\release\~#\source\nrf\sdk\nrf5_sdk_13.0.0\components\drivers_nrf\gpiote\nrf_drv_gpiote.o
                0x00021678                nrf_drv_gpiote_in_event_enable
 .text.GPIOTE_IRQHandler
                0x0002173c      0x4f4 obj\release\~#\source\nrf\sdk\nrf5_sdk_13.0.0\components\drivers_nrf\gpiote\nrf_drv_gpiote.o
                0x0002173c                GPIOTE_IRQHandler
 .text.nrf_drv_twi_init
                0x00021c30      0x348 obj\release\~#\source\nrf\sdk\nrf5_sdk_13.0.0\components\drivers_nrf\twi_master\nrf_drv_twi.o
                0x00021c30                nrf_drv_twi_init
 .text.nrf_drv_twi_enable
                0x00021f78       0x20 obj\release\~#\source\nrf\sdk\nrf5_sdk_13.0.0\components\drivers_nrf\twi_master\nrf_drv_twi.o
                0x00021f78                nrf_drv_twi_enable
 .text.nrf_drv_twi_xfer
                0x00021f98      0x2b4 obj\release\~#\source\nrf\sdk\nrf5_sdk_13.0.0\components\drivers_nrf\twi_master\nrf_drv_twi.o
                0x00021f98                nrf_drv_twi_xfer
 .text.nrf_drv_twi_tx
                0x0002224c      0x180 obj\release\~#\source\nrf\sdk\nrf5_sdk_13.0.0\components\drivers_nrf\twi_master\nrf_drv_twi.o
                0x0002224c                nrf_drv_twi_tx
 .text.SPIM0_SPIS0_TWIM0_TWIS0_SPI0_TWI0_IRQHandler
                0x000223cc      0x184 obj\release\~#\source\nrf\sdk\nrf5_sdk_13.0.0\components\drivers_nrf\twi_master\nrf_drv_twi.o
                0x000223cc                SPIM0_SPIS0_TWIM0_TWIS0_SPI0_TWI0_IRQHandler
 .text.fs_queued_op_count_get
                0x00022550       0x14 obj\release\~#\source\nrf\sdk\nrf5_sdk_13.0.0\components\libraries\fstorage\fstorage.o
                0x00022550                fs_queued_op_count_get
 .text.HardFault_process
                0x00022564       0x24 obj\release\~#\source\nrf\sdk\nrf5_sdk_13.0.0\components\libraries\hardfault\hardfault_implementation.o
                0x00022564                HardFault_process
 .text.HardFault_c_handler
                0x00022588       0x34 obj\release\~#\source\nrf\sdk\nrf5_sdk_13.0.0\components\libraries\hardfault\hardfault_implementation.o
                0x00022588                HardFault_c_handler
 .text.HardFault_Handler
                0x000225bc       0x34 obj\release\~#\source\nrf\sdk\nrf5_sdk_13.0.0\components\libraries\hardfault\nrf52\handler\hardfault_handler_gcc.o
                0x000225bc                HardFault_Handler
 .text.nrf_log_backend_serial_std_handler
                0x000225f0      0x1b4 obj\release\~#\source\nrf\sdk\nrf5_sdk_13.0.0\components\libraries\log\src\nrf_log_backend_serial.o
 .text.nrf_log_backend_serial_hexdump_handler
                0x000227a4      0x27c obj\release\~#\source\nrf\sdk\nrf5_sdk_13.0.0\components\libraries\log\src\nrf_log_backend_serial.o
 .text.nrf_log_backend_init
                0x00022a20       0x28 obj\release\~#\source\nrf\sdk\nrf5_sdk_13.0.0\components\libraries\log\src\nrf_log_backend_serial.o
                0x00022a20                nrf_log_backend_init
 .text.nrf_log_backend_std_handler_get
                0x00022a48        0x8 obj\release\~#\source\nrf\sdk\nrf5_sdk_13.0.0\components\libraries\log\src\nrf_log_backend_serial.o
                0x00022a48                nrf_log_backend_std_handler_get
 .text.nrf_log_backend_hexdump_handler_get
                0x00022a50        0x8 obj\release\~#\source\nrf\sdk\nrf5_sdk_13.0.0\components\libraries\log\src\nrf_log_backend_serial.o
                0x00022a50                nrf_log_backend_hexdump_handler_get
 .text.nrf_log_init
                0x00022a58       0x38 obj\release\~#\source\nrf\sdk\nrf5_sdk_13.0.0\components\libraries\log\src\nrf_log_frontend.o
                0x00022a58                nrf_log_init
 .text.nrf_log_blocking_backend_set
                0x00022a90        0x8 obj\release\~#\source\nrf\sdk\nrf5_sdk_13.0.0\components\libraries\log\src\nrf_log_frontend.o
                0x00022a90                nrf_log_blocking_backend_set
 .text.nrf_log_frontend_std_0
                0x00022a98       0xb0 obj\release\~#\source\nrf\sdk\nrf5_sdk_13.0.0\components\libraries\log\src\nrf_log_frontend.o
                0x00022a98                nrf_log_frontend_std_0
 .text.nrf_log_frontend_std_1
                0x00022b48       0xbc obj\release\~#\source\nrf\sdk\nrf5_sdk_13.0.0\components\libraries\log\src\nrf_log_frontend.o
                0x00022b48                nrf_log_frontend_std_1
 .text.nrf_log_frontend_std_2
                0x00022c04       0xcc obj\release\~#\source\nrf\sdk\nrf5_sdk_13.0.0\components\libraries\log\src\nrf_log_frontend.o
                0x00022c04                nrf_log_frontend_std_2
 .text.nrf_log_frontend_std_4
                0x00022cd0       0xe4 obj\release\~#\source\nrf\sdk\nrf5_sdk_13.0.0\components\libraries\log\src\nrf_log_frontend.o
                0x00022cd0                nrf_log_frontend_std_4
 .text.nrf_log_frontend_std_6
                0x00022db4       0xf8 obj\release\~#\source\nrf\sdk\nrf5_sdk_13.0.0\components\libraries\log\src\nrf_log_frontend.o
                0x00022db4                nrf_log_frontend_std_6
 .text.nrf_log_frontend_dequeue
                0x00022eac      0x144 obj\release\~#\source\nrf\sdk\nrf5_sdk_13.0.0\components\libraries\log\src\nrf_log_frontend.o
                0x00022eac                nrf_log_frontend_dequeue
 .text.RTC1_IRQHandler
                0x00022ff0       0xa0 obj\release\~#\source\nrf\sdk\nrf5_sdk_13.0.0\components\libraries\timer\app_timer.o
                0x00022ff0                RTC1_IRQHandler
 .text.SWI0_EGU0_IRQHandler
                0x00023090      0x610 obj\release\~#\source\nrf\sdk\nrf5_sdk_13.0.0\components\libraries\timer\app_timer.o
                0x00023090                SWI0_EGU0_IRQHandler
 .text.app_timer_init
                0x000236a0      0x184 obj\release\~#\source\nrf\sdk\nrf5_sdk_13.0.0\components\libraries\timer\app_timer.o
                0x000236a0                app_timer_init
 .text.app_timer_create
                0x00023824       0x24 obj\release\~#\source\nrf\sdk\nrf5_sdk_13.0.0\components\libraries\timer\app_timer.o
                0x00023824                app_timer_create
 .text.app_timer_start
                0x00023848       0xac obj\release\~#\source\nrf\sdk\nrf5_sdk_13.0.0\components\libraries\timer\app_timer.o
                0x00023848                app_timer_start
 .text.app_timer_stop
                0x000238f4       0x78 obj\release\~#\source\nrf\sdk\nrf5_sdk_13.0.0\components\libraries\timer\app_timer.o
                0x000238f4                app_timer_stop
 .text.app_error_handler_bare
                0x0002396c       0x20 obj\release\~#\source\nrf\sdk\nrf5_sdk_13.0.0\components\libraries\util\app_error.o
                0x0002396c                app_error_handler_bare
 .text.app_error_fault_handler
                0x0002398c       0x58 obj\release\~#\source\nrf\sdk\nrf5_sdk_13.0.0\components\libraries\util\app_error_weak.o
                0x0002398c                app_error_fault_handler
 .text.app_util_critical_region_enter
                0x000239e4       0x50 obj\release\~#\source\nrf\sdk\nrf5_sdk_13.0.0\components\libraries\util\app_util_platform.o
                0x000239e4                app_util_critical_region_enter
 .text.app_util_critical_region_exit
                0x00023a34       0x30 obj\release\~#\source\nrf\sdk\nrf5_sdk_13.0.0\components\libraries\util\app_util_platform.o
                0x00023a34                app_util_critical_region_exit
 .text.sd_evt_get
                0x00023a64        0x4 obj\release\~#\source\nrf\sdk\nrf5_sdk_13.0.0\components\softdevice\common\softdevice_handler\softdevice_handler.o
 .text.sd_softdevice_enable
                0x00023a68        0x4 obj\release\~#\source\nrf\sdk\nrf5_sdk_13.0.0\components\softdevice\common\softdevice_handler\softdevice_handler.o
 .text.sd_ble_enable
                0x00023a6c        0x4 obj\release\~#\source\nrf\sdk\nrf5_sdk_13.0.0\components\softdevice\common\softdevice_handler\softdevice_handler.o
 .text.sd_ble_evt_get
                0x00023a70        0x4 obj\release\~#\source\nrf\sdk\nrf5_sdk_13.0.0\components\softdevice\common\softdevice_handler\softdevice_handler.o
 .text.softdevice_fault_handler
                0x00023a74        0x4 obj\release\~#\source\nrf\sdk\nrf5_sdk_13.0.0\components\softdevice\common\softdevice_handler\softdevice_handler.o
                0x00023a74                softdevice_fault_handler
 .text.intern_softdevice_events_execute.part.2
                0x00023a78       0xc0 obj\release\~#\source\nrf\sdk\nrf5_sdk_13.0.0\components\softdevice\common\softdevice_handler\softdevice_handler.o
 .text.softdevice_handler_is_enabled
                0x00023b38        0xc obj\release\~#\source\nrf\sdk\nrf5_sdk_13.0.0\components\softdevice\common\softdevice_handler\softdevice_handler.o
                0x00023b38                softdevice_handler_is_enabled
 .text.softdevice_handler_init
                0x00023b44       0x94 obj\release\~#\source\nrf\sdk\nrf5_sdk_13.0.0\components\softdevice\common\softdevice_handler\softdevice_handler.o
                0x00023b44                softdevice_handler_init
 .text.softdevice_ble_evt_handler_set
                0x00023bd8       0x14 obj\release\~#\source\nrf\sdk\nrf5_sdk_13.0.0\components\softdevice\common\softdevice_handler\softdevice_handler.o
                0x00023bd8                softdevice_ble_evt_handler_set
 .text.SWI2_EGU2_IRQHandler
                0x00023bec       0x30 obj\release\~#\source\nrf\sdk\nrf5_sdk_13.0.0\components\softdevice\common\softdevice_handler\softdevice_handler.o
                0x00023bec                SWI2_EGU2_IRQHandler
 .text.softdevice_app_ram_start_get
                0x00023c1c       0x14 obj\release\~#\source\nrf\sdk\nrf5_sdk_13.0.0\components\softdevice\common\softdevice_handler\softdevice_handler.o
                0x00023c1c                softdevice_app_ram_start_get
 .text.softdevice_enable
                0x00023c30       0x68 obj\release\~#\source\nrf\sdk\nrf5_sdk_13.0.0\components\softdevice\common\softdevice_handler\softdevice_handler.o
                0x00023c30                softdevice_enable
 .text          0x00023c98       0x50 obj\release\~#\source\nrf\sdk\nrf5_sdk_13.0.0\components\toolchain\gcc\gcc_startup_nrf52.o
                0x00023c98                Reset_Handler
                0x00023cd4                NMI_Handler
                0x00023cd8                MemoryManagement_Handler
                0x00023cda                BusFault_Handler
                0x00023cdc                UsageFault_Handler
                0x00023cde                SVC_Handler
                0x00023ce0                DebugMon_Handler
                0x00023ce2                PendSV_Handler
                0x00023ce4                SysTick_Handler
                0x00023ce6                TEMP_IRQHandler
                0x00023ce6                QDEC_IRQHandler
                0x00023ce6                TIMER3_IRQHandler
                0x00023ce6                FPU_IRQHandler
                0x00023ce6                PDM_IRQHandler
                0x00023ce6                UARTE0_UART0_IRQHandler
                0x00023ce6                TIMER4_IRQHandler
                0x00023ce6                I2S_IRQHandler
                0x00023ce6                SWI4_EGU4_IRQHandler
                0x00023ce6                TIMER0_IRQHandler
                0x00023ce6                RADIO_IRQHandler
                0x00023ce6                RTC0_IRQHandler
                0x00023ce6                PWM2_IRQHandler
                0x00023ce6                ECB_IRQHandler
                0x00023ce6                SPIM1_SPIS1_TWIM1_TWIS1_SPI1_TWI1_IRQHandler
                0x00023ce6                Default_Handler
                0x00023ce6                SAADC_IRQHandler
                0x00023ce6                CCM_AAR_IRQHandler
                0x00023ce6                WDT_IRQHandler
                0x00023ce6                PWM1_IRQHandler
                0x00023ce6                SWI5_EGU5_IRQHandler
                0x00023ce6                RNG_IRQHandler
                0x00023ce6                RTC2_IRQHandler
                0x00023ce6                PWM0_IRQHandler
                0x00023ce6                SWI3_EGU3_IRQHandler
                0x00023ce6                SWI1_EGU1_IRQHandler
                0x00023ce6                SPIM2_SPIS2_SPI2_IRQHandler
                0x00023ce6                NFCT_IRQHandler
                0x00023ce6                TIMER1_IRQHandler
                0x00023ce6                MWU_IRQHandler
                0x00023ce6                TIMER2_IRQHandler
                0x00023ce6                COMP_LPCOMP_IRQHandler
 .text.SystemInit
                0x00023ce8      0x348 obj\release\~#\source\nrf\sdk\nrf5_sdk_13.0.0\components\toolchain\system_nrf52.o
                0x00023ce8                SystemInit
 .text.SEGGER_RTT_WriteNoLock
                0x00024030      0x17c obj\release\~#\source\nrf\sdk\nrf5_sdk_13.0.0\external\segger_rtt\segger_rtt.o
                0x00024030                SEGGER_RTT_WriteNoLock
 .text.SEGGER_RTT_Write
                0x000241ac      0x210 obj\release\~#\source\nrf\sdk\nrf5_sdk_13.0.0\external\segger_rtt\segger_rtt.o
                0x000241ac                SEGGER_RTT_Write
 .text.SEGGER_RTT_Init
                0x000243bc       0x64 obj\release\~#\source\nrf\sdk\nrf5_sdk_13.0.0\external\segger_rtt\segger_rtt.o
                0x000243bc                SEGGER_RTT_Init
 .text.MMA8453_initialize
                0x00024420       0xdc obj\release\~#\source\open\mma8453.o
                0x00024420                MMA8453_initialize
 .text.MMA8453_setAddress
                0x000244fc        0x4 obj\release\~#\source\open\mma8453.o
                0x000244fc                MMA8453_setAddress
 .text.MMA8453_testConnection
                0x00024500       0x2c obj\release\~#\source\open\mma8453.o
                0x00024500                MMA8453_testConnection
 .text.MMA8453_ReadRegister
                0x0002452c       0x10 obj\release\~#\source\open\mma8453.o
                0x0002452c                MMA8453_ReadRegister
 .text.MMA8453_getAcceleration
                0x0002453c       0x3c obj\release\~#\source\open\mma8453.o
                0x0002453c                MMA8453_getAcceleration
 .text.MMA8453_twi_handler
                0x00024578       0x28 obj\release\~#\source\open\mma8453_port_nrf52.o
                0x00024578                MMA8453_twi_handler
 .text.MMA8453_twi_stop
                0x000245a0       0x18 obj\release\~#\source\open\mma8453_port_nrf52.o
                0x000245a0                MMA8453_twi_stop
 .text.MMA8453_readByte_BLOCK
                0x000245b8       0x90 obj\release\~#\source\open\mma8453_port_nrf52.o
                0x000245b8                MMA8453_readByte_BLOCK
 .text.MMA8453_readBytes_BLOCK
                0x00024648       0xa4 obj\release\~#\source\open\mma8453_port_nrf52.o
                0x00024648                MMA8453_readBytes_BLOCK
 .text.MMA8453_writeByte
                0x000246ec       0x44 obj\release\~#\source\open\mma8453_port_nrf52.o
                0x000246ec                MMA8453_writeByte
 .text.init_printf
                0x00024730       0x14 obj\release\~#\source\open\printf.o
                0x00024730                init_printf
 .text.memcpy   0x00024744       0x16 c:/program files (x86)/embitz/1.11/share/em_armgcc/bin/../lib/gcc/arm-none-eabi/5.4.1/../../../../arm-none-eabi/lib/armv7e-m/fpu\libc_n.a(lib_a-memcpy-stub.o)
                0x00024744                memcpy
 .text.memset   0x0002475a       0x10 c:/program files (x86)/embitz/1.11/share/em_armgcc/bin/../lib/gcc/arm-none-eabi/5.4.1/../../../../arm-none-eabi/lib/armv7e-m/fpu\libc_n.a(lib_a-memset.o)
                0x0002475a                memset
 *fill*         0x0002476a        0x2 
 .text.snprintf
                0x0002476c       0x64 c:/program files (x86)/embitz/1.11/share/em_armgcc/bin/../lib/gcc/arm-none-eabi/5.4.1/../../../../arm-none-eabi/lib/armv7e-m/fpu\libc_n.a(lib_a-snprintf.o)
                0x0002476c                sniprintf
                0x0002476c                snprintf
 .text.sprintf  0x000247d0       0x48 c:/program files (x86)/embitz/1.11/share/em_armgcc/bin/../lib/gcc/arm-none-eabi/5.4.1/../../../../arm-none-eabi/lib/armv7e-m/fpu\libc_n.a(lib_a-sprintf.o)
                0x000247d0                siprintf
                0x000247d0                sprintf
 .text.strcpy   0x00024818       0x10 c:/program files (x86)/embitz/1.11/share/em_armgcc/bin/../lib/gcc/arm-none-eabi/5.4.1/../../../../arm-none-eabi/lib/armv7e-m/fpu\libc_n.a(lib_a-strcpy.o)
                0x00024818                strcpy
 .text          0x00024828       0x10 c:/program files (x86)/embitz/1.11/share/em_armgcc/bin/../lib/gcc/arm-none-eabi/5.4.1/../../../../arm-none-eabi/lib/armv7e-m/fpu\libc_n.a(lib_a-strlen.o)
                0x00024828                strlen
 .text.__ssputs_r
                0x00024838       0xb2 c:/program files (x86)/embitz/1.11/share/em_armgcc/bin/../lib/gcc/arm-none-eabi/5.4.1/../../../../arm-none-eabi/lib/armv7e-m/fpu\libc_n.a(lib_a-nano-svfprintf.o)
                0x00024838                __ssputs_r
 *fill*         0x000248ea        0x2 
 .text._svfprintf_r
                0x000248ec      0x1e8 c:/program files (x86)/embitz/1.11/share/em_armgcc/bin/../lib/gcc/arm-none-eabi/5.4.1/../../../../arm-none-eabi/lib/armv7e-m/fpu\libc_n.a(lib_a-nano-svfprintf.o)
                0x000248ec                _svfiprintf_r
                0x000248ec                _svfprintf_r
 .text._printf_common
                0x00024ad4       0xec c:/program files (x86)/embitz/1.11/share/em_armgcc/bin/../lib/gcc/arm-none-eabi/5.4.1/../../../../arm-none-eabi/lib/armv7e-m/fpu\libc_n.a(lib_a-nano-vfprintf_i.o)
                0x00024ad4                _printf_common
 .text._printf_i
                0x00024bc0      0x24c c:/program files (x86)/embitz/1.11/share/em_armgcc/bin/../lib/gcc/arm-none-eabi/5.4.1/../../../../arm-none-eabi/lib/armv7e-m/fpu\libc_n.a(lib_a-nano-vfprintf_i.o)
                0x00024bc0                _printf_i
 *fill*         0x00024e0c        0x4 
 .text          0x00024e10       0xa0 c:/program files (x86)/embitz/1.11/share/em_armgcc/bin/../lib/gcc/arm-none-eabi/5.4.1/../../../../arm-none-eabi/lib/armv7e-m/fpu\libc_n.a(lib_a-memchr.o)
                0x00024e10                memchr
 .text.memmove  0x00024eb0       0x36 c:/program files (x86)/embitz/1.11/share/em_armgcc/bin/../lib/gcc/arm-none-eabi/5.4.1/../../../../arm-none-eabi/lib/armv7e-m/fpu\libc_n.a(lib_a-memmove.o)
                0x00024eb0                memmove
 *fill*         0x00024ee6        0x2 
 .text._free_r  0x00024ee8       0x9c c:/program files (x86)/embitz/1.11/share/em_armgcc/bin/../lib/gcc/arm-none-eabi/5.4.1/../../../../arm-none-eabi/lib/armv7e-m/fpu\libc_n.a(lib_a-nano-freer.o)
                0x00024ee8                _free_r
 .text._malloc_r
                0x00024f84       0xbc c:/program files (x86)/embitz/1.11/share/em_armgcc/bin/../lib/gcc/arm-none-eabi/5.4.1/../../../../arm-none-eabi/lib/armv7e-m/fpu\libc_n.a(lib_a-nano-mallocr.o)
                0x00024f84                _malloc_r
 .text._realloc_r
                0x00025040       0x4c c:/program files (x86)/embitz/1.11/share/em_armgcc/bin/../lib/gcc/arm-none-eabi/5.4.1/../../../../arm-none-eabi/lib/armv7e-m/fpu\libc_n.a(lib_a-nano-reallocr.o)
                0x00025040                _realloc_r
 .text._sbrk_r  0x0002508c       0x20 c:/program files (x86)/embitz/1.11/share/em_armgcc/bin/../lib/gcc/arm-none-eabi/5.4.1/../../../../arm-none-eabi/lib/armv7e-m/fpu\libc_n.a(lib_a-sbrkr.o)
                0x0002508c                _sbrk_r
 .text.__malloc_lock
                0x000250ac        0x2 c:/program files (x86)/embitz/1.11/share/em_armgcc/bin/../lib/gcc/arm-none-eabi/5.4.1/../../../../arm-none-eabi/lib/armv7e-m/fpu\libc_n.a(lib_a-mlock.o)
                0x000250ac                __malloc_lock
 .text.__malloc_unlock
                0x000250ae        0x2 c:/program files (x86)/embitz/1.11/share/em_armgcc/bin/../lib/gcc/arm-none-eabi/5.4.1/../../../../arm-none-eabi/lib/armv7e-m/fpu\libc_n.a(lib_a-mlock.o)
                0x000250ae                __malloc_unlock
 .text._malloc_usable_size_r
                0x000250b0       0x14 c:/program files (x86)/embitz/1.11/share/em_armgcc/bin/../lib/gcc/arm-none-eabi/5.4.1/../../../../arm-none-eabi/lib/armv7e-m/fpu\libc_n.a(lib_a-nano-msizer.o)
                0x000250b0                _malloc_usable_size_r
 .text._sbrk    0x000250c4       0x1c c:/program files (x86)/embitz/1.11/share/em_armgcc/bin/../lib/gcc/arm-none-eabi/5.4.1/../../../../arm-none-eabi/lib/armv7e-m/fpu\libnosys.a(sbrk.o)
                0x000250c4                _sbrk
 .text          0x000250e0       0x30 c:/program files (x86)/embitz/1.11/share/em_armgcc/bin/../lib/gcc/arm-none-eabi/5.4.1/armv7e-m/fpu\libgcc.a(_aeabi_uldivmod.o)
                0x000250e0                __aeabi_uldivmod
 .text          0x00025110      0x2e4 c:/program files (x86)/embitz/1.11/share/em_armgcc/bin/../lib/gcc/arm-none-eabi/5.4.1/armv7e-m/fpu\libgcc.a(_udivmoddi4.o)
                0x00025110                __udivmoddi4
 .text          0x000253f4        0x4 c:/program files (x86)/embitz/1.11/share/em_armgcc/bin/../lib/gcc/arm-none-eabi/5.4.1/armv7e-m/fpu\libgcc.a(_dvmd_tls.o)
                0x000253f4                __aeabi_idiv0
                0x000253f4                __aeabi_ldiv0
 *(.init)
 *(.fini)
 *crtbegin.o(.ctors)
 *crtbegin?.o(.ctors)
 *(EXCLUDE_FILE(*crtend.o *crtend?.o) .ctors)
 *(SORT(.ctors.*))
 *(.ctors)
 *crtbegin.o(.dtors)
 *crtbegin?.o(.dtors)
 *(EXCLUDE_FILE(*crtend.o *crtend?.o) .dtors)
 *(SORT(.dtors.*))
 *(.dtors)
 *(.rodata*)
 .rodata.timer_1s_id
                0x000253f8        0x4 obj\release\src\main.o
 .rodata.str1.4
                0x000253fc       0x2e obj\release\src\main.o
 *fill*         0x0002542a        0x2 
 .rodata        0x0002542c        0x4 obj\release\src\pecpec_ble.o
 .rodata.str1.4
                0x00025430       0x98 obj\release\src\pecpec_ble.o
 .rodata.timer_twi_id
                0x000254c8        0x4 obj\release\src\pecpec_nrf52.o
 .rodata.str1.4
                0x000254cc      0x227 obj\release\src\pecpec_nrf52.o
 *fill*         0x000256f3        0x1 
 .rodata.m_twi  0x000256f4        0x8 obj\release\src\pecpec_nrf52.o
                0x000256f4                m_twi
 .rodata.LED1_timer_id
                0x000256fc        0x4 obj\release\src\pecpec_nrf52.o
 .rodata        0x00025700       0x10 obj\release\~#\source\nrf\sdk\nrf5_sdk_13.0.0\components\ble\ble_services\ble_nus\ble_nus.o
 .rodata.m_conn_params_timer_id
                0x00025710        0x4 obj\release\~#\source\nrf\sdk\nrf5_sdk_13.0.0\components\ble\common\ble_conn_params.o
 .rodata.str1.4
                0x00025714      0x195 obj\release\~#\source\nrf\sdk\nrf5_sdk_13.0.0\components\ble\nrf_ble_gatt\nrf_ble_gatt.o
 *fill*         0x000258a9        0x3 
 .rodata.str1.4
                0x000258ac       0x26 obj\release\~#\source\nrf\sdk\nrf5_sdk_13.0.0\components\libraries\hardfault\hardfault_implementation.o
 *fill*         0x000258d2        0x2 
 .rodata.m_default_color
                0x000258d4        0x5 obj\release\~#\source\nrf\sdk\nrf5_sdk_13.0.0\components\libraries\log\src\nrf_log_backend_serial.o
 *fill*         0x000258d9        0x3 
 .rodata.str1.4
                0x000258dc        0x7 obj\release\~#\source\nrf\sdk\nrf5_sdk_13.0.0\components\libraries\log\src\nrf_log_backend_serial.o
 *fill*         0x000258e3        0x1 
 .rodata.str1.4
                0x000258e4        0xf obj\release\~#\source\nrf\sdk\nrf5_sdk_13.0.0\components\libraries\log\src\nrf_log_frontend.o
 *fill*         0x000258f3        0x1 
 .rodata.str1.4
                0x000258f4       0x31 obj\release\~#\source\nrf\sdk\nrf5_sdk_13.0.0\components\libraries\util\app_error_weak.o
 *fill*         0x00025925        0x3 
 .rodata.str1.4
                0x00025928       0xb1 obj\release\~#\source\nrf\sdk\nrf5_sdk_13.0.0\components\softdevice\common\softdevice_handler\softdevice_handler.o
 *fill*         0x000259d9        0x3 
 .rodata.str1.4
                0x000259dc       0x18 obj\release\~#\source\nrf\sdk\nrf5_sdk_13.0.0\external\segger_rtt\segger_rtt.o
                                 0x17 (size before relaxing)
 .rodata.m_twi  0x000259f4        0x8 obj\release\~#\source\open\mma8453_port_nrf52.o
 .rodata._ctype_
                0x000259fc      0x101 c:/program files (x86)/embitz/1.11/share/em_armgcc/bin/../lib/gcc/arm-none-eabi/5.4.1/../../../../arm-none-eabi/lib/armv7e-m/fpu\libc_n.a(lib_a-ctype_.o)
                0x000259fc                _ctype_
 .rodata.str1.1
                0x00025afd        0x2 c:/program files (x86)/embitz/1.11/share/em_armgcc/bin/../lib/gcc/arm-none-eabi/5.4.1/../../../../arm-none-eabi/lib/armv7e-m/fpu\libc_n.a(lib_a-impure.o)
 .rodata.str1.1
                0x00025aff       0x11 c:/program files (x86)/embitz/1.11/share/em_armgcc/bin/../lib/gcc/arm-none-eabi/5.4.1/../../../../arm-none-eabi/lib/armv7e-m/fpu\libc_n.a(lib_a-nano-svfprintf.o)
 .rodata.str1.1
                0x00025b10       0x22 c:/program files (x86)/embitz/1.11/share/em_armgcc/bin/../lib/gcc/arm-none-eabi/5.4.1/../../../../arm-none-eabi/lib/armv7e-m/fpu\libc_n.a(lib_a-nano-vfprintf_i.o)
 *(.eh_frame*)

.glue_7         0x00025b34        0x0
 .glue_7        0x00025b34        0x0 linker stubs

.glue_7t        0x00025b34        0x0
 .glue_7t       0x00025b34        0x0 linker stubs

.vfp11_veneer   0x00025b34        0x0
 .vfp11_veneer  0x00025b34        0x0 linker stubs

.v4_bx          0x00025b34        0x0
 .v4_bx         0x00025b34        0x0 linker stubs

.iplt           0x00025b34        0x0
 .iplt          0x00025b34        0x0 obj\release\src\main.o

.pwr_mgmt_data  0x00025b32        0x0
                [!provide]                PROVIDE (__start_pwr_mgmt_data, .)
 *(SORT(.pwr_mgmt_data*))
                [!provide]                PROVIDE (__stop_pwr_mgmt_data, .)

.ARM.extab
 *(.ARM.extab* .gnu.linkonce.armextab.*)
                0x00025b32                __exidx_start = .

.ARM.exidx      0x00025b34        0x8
 *(.ARM.exidx* .gnu.linkonce.armexidx.*)
 .ARM.exidx     0x00025b34        0x8 c:/program files (x86)/embitz/1.11/share/em_armgcc/bin/../lib/gcc/arm-none-eabi/5.4.1/armv7e-m/fpu\libgcc.a(_udivmoddi4.o)
                0x00025b3c                __exidx_end = .
                0x00025b3c                __etext = .

.rel.dyn        0x00025b3c        0x0
 .rel.iplt      0x00025b3c        0x0 obj\release\src\main.o

.data           0x200025f8       0x74 load address 0x00025b3c
                0x200025f8                __data_start__ = .
 *(vtable)
 *(.data*)
 .data.m_adv_uuids
                0x200025f8        0x4 obj\release\src\pecpec_ble.o
 .data.m_conn_handle
                0x200025fc        0x2 obj\release\src\pecpec_ble.o
 *fill*         0x200025fe        0x2 
 .data.SystemCoreClock
                0x20002600        0x4 obj\release\~#\source\nrf\sdk\nrf5_sdk_13.0.0\components\toolchain\system_nrf52.o
                0x20002600                SystemCoreClock
 .data.__ctype_ptr__
                0x20002604        0x4 c:/program files (x86)/embitz/1.11/share/em_armgcc/bin/../lib/gcc/arm-none-eabi/5.4.1/../../../../arm-none-eabi/lib/armv7e-m/fpu\libc_n.a(lib_a-ctype_.o)
                0x20002604                __ctype_ptr__
 .data.impure_data
                0x20002608       0x60 c:/program files (x86)/embitz/1.11/share/em_armgcc/bin/../lib/gcc/arm-none-eabi/5.4.1/../../../../arm-none-eabi/lib/armv7e-m/fpu\libc_n.a(lib_a-impure.o)
 .data._impure_ptr
                0x20002668        0x4 c:/program files (x86)/embitz/1.11/share/em_armgcc/bin/../lib/gcc/arm-none-eabi/5.4.1/../../../../arm-none-eabi/lib/armv7e-m/fpu\libc_n.a(lib_a-impure.o)
                0x20002668                _impure_ptr
                0x2000266c                . = ALIGN (0x4)
                [!provide]                PROVIDE (__preinit_array_start, .)
 *(.preinit_array)
                [!provide]                PROVIDE (__preinit_array_end, .)
                0x2000266c                . = ALIGN (0x4)
                [!provide]                PROVIDE (__init_array_start, .)
 *(SORT(.init_array.*))
 *(.init_array)
                [!provide]                PROVIDE (__init_array_end, .)
                0x2000266c                . = ALIGN (0x4)
                [!provide]                PROVIDE (__fini_array_start, .)
 *(SORT(.fini_array.*))
 *(.fini_array)
                [!provide]                PROVIDE (__fini_array_end, .)
 *(.jcr*)
                0x2000266c                . = ALIGN (0x4)
                0x2000266c                __data_end__ = .
                0x00001024                __HEAP_SIZE = 0x1024
                0x00002048                __STACK_SIZE = 0x2048
START GROUP
LOAD c:/program files (x86)/embitz/1.11/share/em_armgcc/bin/../lib/gcc/arm-none-eabi/5.4.1/armv7e-m/fpu\libgcc.a
LOAD c:/program files (x86)/embitz/1.11/share/em_armgcc/bin/../lib/gcc/arm-none-eabi/5.4.1/../../../../arm-none-eabi/lib/armv7e-m/fpu\libc.a
LOAD c:/program files (x86)/embitz/1.11/share/em_armgcc/bin/../lib/gcc/arm-none-eabi/5.4.1/../../../../arm-none-eabi/lib/armv7e-m/fpu\libnosys.a
END GROUP

.igot.plt       0x2000266c        0x0 load address 0x00025bb0
 .igot.plt      0x2000266c        0x0 obj\release\src\main.o

.fs_data        0x2000266c        0x0
                0x2000266c                PROVIDE (__start_fs_data, .)
 *(.fs_data)
                0x2000266c                PROVIDE (__stop_fs_data, .)

.bss            0x2000266c     0x1870 load address 0x00025bb0
                0x2000266c                . = ALIGN (0x4)
                0x2000266c                __bss_start__ = .
 *(.bss*)
 .bss.timer_1s_id_data
                0x2000266c       0x20 obj\release\src\main.o
 .bss.m_gatt    0x2000268c       0x1c obj\release\src\pecpec_ble.o
 .bss.BLE_EVT_BUFFER.10345
                0x200026a8       0xd8 obj\release\src\pecpec_ble.o
 .bss.m_nus     0x20002780       0x1c obj\release\src\pecpec_ble.o
 .bss.TiltStat  0x2000279c        0x1 obj\release\src\pecpec_nrf52.o
 *fill*         0x2000279d        0x3 
 .bss.LED1_timer_id_data
                0x200027a0       0x20 obj\release\src\pecpec_nrf52.o
 .bss.timer_twi_id_data
                0x200027c0       0x20 obj\release\src\pecpec_nrf52.o
 .bss.Tilt1Stat
                0x200027e0        0x1 obj\release\src\pecpec_nrf52.o
 .bss.TiltFailedCnt
                0x200027e1        0x1 obj\release\src\pecpec_nrf52.o
 .bss.Tilt2Stat
                0x200027e2        0x1 obj\release\src\pecpec_nrf52.o
 *fill*         0x200027e3        0x1 
 .bss.data_array.10356
                0x200027e4       0x9b obj\release\src\pecpec_nrf52.o
 *fill*         0x2000287f        0x1 
 .bss.m_advdata
                0x20002880       0x3c obj\release\~#\source\nrf\sdk\nrf5_sdk_13.0.0\components\ble\ble_advertising\ble_advertising.o
 .bss.m_whitelist_in_use
                0x200028bc        0x1 obj\release\~#\source\nrf\sdk\nrf5_sdk_13.0.0\components\ble\ble_advertising\ble_advertising.o
 *fill*         0x200028bd        0x3 
 .bss.m_manuf_specific_data
                0x200028c0        0xc obj\release\~#\source\nrf\sdk\nrf5_sdk_13.0.0\components\ble\ble_advertising\ble_advertising.o
 .bss.m_evt_handler
                0x200028cc        0x4 obj\release\~#\source\nrf\sdk\nrf5_sdk_13.0.0\components\ble\ble_advertising\ble_advertising.o
 .bss.m_advertising_start_pending
                0x200028d0        0x1 obj\release\~#\source\nrf\sdk\nrf5_sdk_13.0.0\components\ble\ble_advertising\ble_advertising.o
 *fill*         0x200028d1        0x3 
 .bss.m_manuf_data_array
                0x200028d4       0x1f obj\release\~#\source\nrf\sdk\nrf5_sdk_13.0.0\components\ble\ble_advertising\ble_advertising.o
 .bss.m_whitelist_temporarily_disabled
                0x200028f3        0x1 obj\release\~#\source\nrf\sdk\nrf5_sdk_13.0.0\components\ble\ble_advertising\ble_advertising.o
 .bss.m_error_handler
                0x200028f4        0x4 obj\release\~#\source\nrf\sdk\nrf5_sdk_13.0.0\components\ble\ble_advertising\ble_advertising.o
 .bss.m_peer_address
                0x200028f8        0x7 obj\release\~#\source\nrf\sdk\nrf5_sdk_13.0.0\components\ble\ble_advertising\ble_advertising.o
 *fill*         0x200028ff        0x1 
 .bss.m_adv_modes_config
                0x20002900       0x20 obj\release\~#\source\nrf\sdk\nrf5_sdk_13.0.0\components\ble\ble_advertising\ble_advertising.o
 .bss.m_current_slave_link_conn_handle
                0x20002920        0x2 obj\release\~#\source\nrf\sdk\nrf5_sdk_13.0.0\components\ble\ble_advertising\ble_advertising.o
 *fill*         0x20002922        0x2 
 .bss.m_slave_conn_int
                0x20002924        0x4 obj\release\~#\source\nrf\sdk\nrf5_sdk_13.0.0\components\ble\ble_advertising\ble_advertising.o
 .bss.m_service_data_array
                0x20002928       0x1f obj\release\~#\source\nrf\sdk\nrf5_sdk_13.0.0\components\ble\ble_advertising\ble_advertising.o
 .bss.m_whitelist_reply_expected
                0x20002947        0x1 obj\release\~#\source\nrf\sdk\nrf5_sdk_13.0.0\components\ble\ble_advertising\ble_advertising.o
 .bss.m_conn_cfg_tag
                0x20002948        0x1 obj\release\~#\source\nrf\sdk\nrf5_sdk_13.0.0\components\ble\ble_advertising\ble_advertising.o
 .bss.m_adv_mode_current
                0x20002949        0x1 obj\release\~#\source\nrf\sdk\nrf5_sdk_13.0.0\components\ble\ble_advertising\ble_advertising.o
 .bss.m_peer_addr_reply_expected
                0x2000294a        0x1 obj\release\~#\source\nrf\sdk\nrf5_sdk_13.0.0\components\ble\ble_advertising\ble_advertising.o
 .bss.m_initialized
                0x2000294b        0x1 obj\release\~#\source\nrf\sdk\nrf5_sdk_13.0.0\components\ble\ble_advertising\ble_advertising.o
 .bss.m_service_data
                0x2000294c        0xc obj\release\~#\source\nrf\sdk\nrf5_sdk_13.0.0\components\ble\ble_advertising\ble_advertising.o
 .bss.m_adv_evt
                0x20002958        0x1 obj\release\~#\source\nrf\sdk\nrf5_sdk_13.0.0\components\ble\ble_advertising\ble_advertising.o
 .bss.m_change_param
                0x20002959        0x1 obj\release\~#\source\nrf\sdk\nrf5_sdk_13.0.0\components\ble\common\ble_conn_params.o
 *fill*         0x2000295a        0x2 
 .bss.m_current_conn_params
                0x2000295c        0x8 obj\release\~#\source\nrf\sdk\nrf5_sdk_13.0.0\components\ble\common\ble_conn_params.o
 .bss.m_update_count
                0x20002964        0x1 obj\release\~#\source\nrf\sdk\nrf5_sdk_13.0.0\components\ble\common\ble_conn_params.o
 *fill*         0x20002965        0x3 
 .bss.m_conn_params_config
                0x20002968       0x1c obj\release\~#\source\nrf\sdk\nrf5_sdk_13.0.0\components\ble\common\ble_conn_params.o
 .bss.m_conn_params_timer_id_data
                0x20002984       0x20 obj\release\~#\source\nrf\sdk\nrf5_sdk_13.0.0\components\ble\common\ble_conn_params.o
 .bss.m_conn_handle
                0x200029a4        0x2 obj\release\~#\source\nrf\sdk\nrf5_sdk_13.0.0\components\ble\common\ble_conn_params.o
 *fill*         0x200029a6        0x2 
 .bss.m_preferred_conn_params
                0x200029a8        0x8 obj\release\~#\source\nrf\sdk\nrf5_sdk_13.0.0\components\ble\common\ble_conn_params.o
 .bss.m_clock_cb
                0x200029b0       0x14 obj\release\~#\source\nrf\sdk\nrf5_sdk_13.0.0\components\drivers_nrf\clock\nrf_drv_clock.o
 .bss.m_cb      0x200029c4       0x58 obj\release\~#\source\nrf\sdk\nrf5_sdk_13.0.0\components\drivers_nrf\gpiote\nrf_drv_gpiote.o
 .bss.m_cb      0x20002a1c       0x28 obj\release\~#\source\nrf\sdk\nrf5_sdk_13.0.0\components\drivers_nrf\twi_master\nrf_drv_twi.o
 .bss.m_queue   0x20002a44       0x68 obj\release\~#\source\nrf\sdk\nrf5_sdk_13.0.0\components\libraries\fstorage\fstorage.o
 .bss.m_blocking_mode
                0x20002aac        0x1 obj\release\~#\source\nrf\sdk\nrf5_sdk_13.0.0\components\libraries\log\src\nrf_log_backend_serial.o
 .bss.m_initialized
                0x20002aad        0x1 obj\release\~#\source\nrf\sdk\nrf5_sdk_13.0.0\components\libraries\log\src\nrf_log_backend_serial.o
 *fill*         0x20002aae        0x2 
 .bss.m_log_data
                0x20002ab0     0x1018 obj\release\~#\source\nrf\sdk\nrf5_sdk_13.0.0\components\libraries\log\src\nrf_log_frontend.o
 .bss.m_ticks_latest
                0x20003ac8        0x4 obj\release\~#\source\nrf\sdk\nrf5_sdk_13.0.0\components\libraries\timer\app_timer.o
 .bss.mp_timer_id_head
                0x20003acc        0x4 obj\release\~#\source\nrf\sdk\nrf5_sdk_13.0.0\components\libraries\timer\app_timer.o
 .bss.m_ticks_elapsed_q_read_ind
                0x20003ad0        0x1 obj\release\~#\source\nrf\sdk\nrf5_sdk_13.0.0\components\libraries\timer\app_timer.o
 .bss.m_ticks_elapsed_q_write_ind
                0x20003ad1        0x1 obj\release\~#\source\nrf\sdk\nrf5_sdk_13.0.0\components\libraries\timer\app_timer.o
 .bss.m_rtc1_reset
                0x20003ad2        0x1 obj\release\~#\source\nrf\sdk\nrf5_sdk_13.0.0\components\libraries\timer\app_timer.o
 *fill*         0x20003ad3        0x1 
 .bss.m_op_queue
                0x20003ad4      0x10c obj\release\~#\source\nrf\sdk\nrf5_sdk_13.0.0\components\libraries\timer\app_timer.o
 .bss.m_ticks_elapsed
                0x20003be0        0x8 obj\release\~#\source\nrf\sdk\nrf5_sdk_13.0.0\components\libraries\timer\app_timer.o
 .bss.m_rtc1_running
                0x20003be8        0x1 obj\release\~#\source\nrf\sdk\nrf5_sdk_13.0.0\components\libraries\timer\app_timer.o
 .bss.m_suspended
                0x20003be9        0x1 obj\release\~#\source\nrf\sdk\nrf5_sdk_13.0.0\components\softdevice\common\softdevice_handler\softdevice_handler.o
 .bss.m_softdevice_enabled
                0x20003bea        0x1 obj\release\~#\source\nrf\sdk\nrf5_sdk_13.0.0\components\softdevice\common\softdevice_handler\softdevice_handler.o
 *fill*         0x20003beb        0x1 
 .bss.m_ble_evt_buffer_size
                0x20003bec        0x2 obj\release\~#\source\nrf\sdk\nrf5_sdk_13.0.0\components\softdevice\common\softdevice_handler\softdevice_handler.o
 *fill*         0x20003bee        0x2 
 .bss.mp_ble_evt_buffer
                0x20003bf0        0x4 obj\release\~#\source\nrf\sdk\nrf5_sdk_13.0.0\components\softdevice\common\softdevice_handler\softdevice_handler.o
 .bss.m_sys_evt_handler
                0x20003bf4        0x4 obj\release\~#\source\nrf\sdk\nrf5_sdk_13.0.0\components\softdevice\common\softdevice_handler\softdevice_handler.o
 .bss.m_ble_evt_handler
                0x20003bf8        0x4 obj\release\~#\source\nrf\sdk\nrf5_sdk_13.0.0\components\softdevice\common\softdevice_handler\softdevice_handler.o
 .bss.m_evt_schedule_func
                0x20003bfc        0x4 obj\release\~#\source\nrf\sdk\nrf5_sdk_13.0.0\components\softdevice\common\softdevice_handler\softdevice_handler.o
 .bss._acDownBuffer
                0x20003c00       0x10 obj\release\~#\source\nrf\sdk\nrf5_sdk_13.0.0\external\segger_rtt\segger_rtt.o
 .bss._acUpBuffer
                0x20003c10      0x200 obj\release\~#\source\nrf\sdk\nrf5_sdk_13.0.0\external\segger_rtt\segger_rtt.o
 .bss.ReadTimeout
                0x20003e10        0x2 obj\release\~#\source\open\mma8453.o
 *fill*         0x20003e12        0x2 
 .bss.buffer    0x20003e14        0x6 obj\release\~#\source\open\mma8453.o
 .bss.twi_rx_result
                0x20003e1a        0x1 obj\release\~#\source\open\mma8453_port_nrf52.o
 .bss.m_xfer_done
                0x20003e1b        0x1 obj\release\~#\source\open\mma8453_port_nrf52.o
 .bss.twi_rx_req
                0x20003e1c        0x1 obj\release\~#\source\open\mma8453_port_nrf52.o
 *fill*         0x20003e1d        0x3 
 .bss.stdout_putf
                0x20003e20        0x4 obj\release\~#\source\open\printf.o
 .bss.stdout_putp
                0x20003e24        0x4 obj\release\~#\source\open\printf.o
 .bss.__malloc_sbrk_start
                0x20003e28        0x4 c:/program files (x86)/embitz/1.11/share/em_armgcc/bin/../lib/gcc/arm-none-eabi/5.4.1/../../../../arm-none-eabi/lib/armv7e-m/fpu\libc_n.a(lib_a-nano-mallocr.o)
                0x20003e28                __malloc_sbrk_start
 .bss.__malloc_free_list
                0x20003e2c        0x4 c:/program files (x86)/embitz/1.11/share/em_armgcc/bin/../lib/gcc/arm-none-eabi/5.4.1/../../../../arm-none-eabi/lib/armv7e-m/fpu\libc_n.a(lib_a-nano-mallocr.o)
                0x20003e2c                __malloc_free_list
 .bss.heap_end.4169
                0x20003e30        0x4 c:/program files (x86)/embitz/1.11/share/em_armgcc/bin/../lib/gcc/arm-none-eabi/5.4.1/../../../../arm-none-eabi/lib/armv7e-m/fpu\libnosys.a(sbrk.o)
 *(COMMON)
 COMMON         0x20003e34       0x1e obj\release\src\pecpec_nrf52.o
                0x20003e34                twi_tx_buff
                0x20003e40                Acc1
                0x20003e44                Acc2
                0x20003e48                twi_rx_buff
 *fill*         0x20003e52        0x2 
 COMMON         0x20003e54        0xc obj\release\~#\source\nrf\sdk\nrf5_sdk_13.0.0\components\libraries\util\app_util_platform.o
                0x20003e54                nrf_nvic_state
 COMMON         0x20003e60       0x78 obj\release\~#\source\nrf\sdk\nrf5_sdk_13.0.0\external\segger_rtt\segger_rtt.o
                0x20003e60                _SEGGER_RTT
 COMMON         0x20003ed8        0x4 c:/program files (x86)/embitz/1.11/share/em_armgcc/bin/../lib/gcc/arm-none-eabi/5.4.1/../../../../arm-none-eabi/lib/armv7e-m/fpu\libc_n.a(lib_a-reent.o)
                0x20003ed8                errno
                0x20003edc                . = ALIGN (0x4)
                0x20003edc                __bss_end__ = .

.heap           0x20003ee0     0x1024
                0x20003ee0                __HeapBase = .
                0x20003ee0                __end__ = .
                0x20003ee0                PROVIDE (end, .)
 *(.heap*)
 .heap          0x20003ee0     0x1024 obj\release\~#\source\nrf\sdk\nrf5_sdk_13.0.0\components\toolchain\gcc\gcc_startup_nrf52.o
                0x20004f04                __HeapLimit = .

.stack_dummy    0x20003ee0     0x2048
 *(.stack*)
 .stack         0x20003ee0     0x2048 obj\release\~#\source\nrf\sdk\nrf5_sdk_13.0.0\components\toolchain\gcc\gcc_startup_nrf52.o
                0x20010000                __StackTop = (ORIGIN (RAM) + LENGTH (RAM))
                0x2000dfb8                __StackLimit = (__StackTop - SIZEOF (.stack_dummy))
                [!provide]                PROVIDE (__stack, __StackTop)
                0x00000001                ASSERT ((__StackLimit >= __HeapLimit), region RAM overflowed with stack)
LOAD obj\release\src\main.o
LOAD obj\release\src\pecpec_ble.o
LOAD obj\release\src\pecpec_nrf52.o
LOAD obj\release\~#\source\nrf\sdk\nrf5_sdk_13.0.0\components\ble\ble_advertising\ble_advertising.o
LOAD obj\release\~#\source\nrf\sdk\nrf5_sdk_13.0.0\components\ble\ble_services\ble_nus\ble_nus.o
LOAD obj\release\~#\source\nrf\sdk\nrf5_sdk_13.0.0\components\ble\common\ble_advdata.o
LOAD obj\release\~#\source\nrf\sdk\nrf5_sdk_13.0.0\components\ble\common\ble_conn_params.o
LOAD obj\release\~#\source\nrf\sdk\nrf5_sdk_13.0.0\components\ble\common\ble_srv_common.o
LOAD obj\release\~#\source\nrf\sdk\nrf5_sdk_13.0.0\components\ble\nrf_ble_gatt\nrf_ble_gatt.o
LOAD obj\release\~#\source\nrf\sdk\nrf5_sdk_13.0.0\components\drivers_nrf\clock\nrf_drv_clock.o
LOAD obj\release\~#\source\nrf\sdk\nrf5_sdk_13.0.0\components\drivers_nrf\common\nrf_drv_common.o
LOAD obj\release\~#\source\nrf\sdk\nrf5_sdk_13.0.0\components\drivers_nrf\gpiote\nrf_drv_gpiote.o
LOAD obj\release\~#\source\nrf\sdk\nrf5_sdk_13.0.0\components\drivers_nrf\systick\nrf_drv_systick.o
LOAD obj\release\~#\source\nrf\sdk\nrf5_sdk_13.0.0\components\drivers_nrf\twi_master\nrf_drv_twi.o
LOAD obj\release\~#\source\nrf\sdk\nrf5_sdk_13.0.0\components\drivers_nrf\uart\nrf_drv_uart.o
LOAD obj\release\~#\source\nrf\sdk\nrf5_sdk_13.0.0\components\libraries\fifo\app_fifo.o
LOAD obj\release\~#\source\nrf\sdk\nrf5_sdk_13.0.0\components\libraries\fstorage\fstorage.o
LOAD obj\release\~#\source\nrf\sdk\nrf5_sdk_13.0.0\components\libraries\gpiote\app_gpiote.o
LOAD obj\release\~#\source\nrf\sdk\nrf5_sdk_13.0.0\components\libraries\hardfault\hardfault_implementation.o
LOAD obj\release\~#\source\nrf\sdk\nrf5_sdk_13.0.0\components\libraries\hardfault\nrf52\handler\hardfault_handler_gcc.o
LOAD obj\release\~#\source\nrf\sdk\nrf5_sdk_13.0.0\components\libraries\log\src\nrf_log_backend_serial.o
LOAD obj\release\~#\source\nrf\sdk\nrf5_sdk_13.0.0\components\libraries\log\src\nrf_log_frontend.o
LOAD obj\release\~#\source\nrf\sdk\nrf5_sdk_13.0.0\components\libraries\scheduler\app_scheduler.o
LOAD obj\release\~#\source\nrf\sdk\nrf5_sdk_13.0.0\components\libraries\strerror\nrf_strerror.o
LOAD obj\release\~#\source\nrf\sdk\nrf5_sdk_13.0.0\components\libraries\timer\app_timer.o
LOAD obj\release\~#\source\nrf\sdk\nrf5_sdk_13.0.0\components\libraries\uart\app_uart_fifo.o
LOAD obj\release\~#\source\nrf\sdk\nrf5_sdk_13.0.0\components\libraries\uart\retarget.o
LOAD obj\release\~#\source\nrf\sdk\nrf5_sdk_13.0.0\components\libraries\util\app_error.o
LOAD obj\release\~#\source\nrf\sdk\nrf5_sdk_13.0.0\components\libraries\util\app_error_weak.o
LOAD obj\release\~#\source\nrf\sdk\nrf5_sdk_13.0.0\components\libraries\util\app_util_platform.o
LOAD obj\release\~#\source\nrf\sdk\nrf5_sdk_13.0.0\components\libraries\util\nrf_assert.o
LOAD obj\release\~#\source\nrf\sdk\nrf5_sdk_13.0.0\components\softdevice\common\softdevice_handler\softdevice_handler.o
LOAD obj\release\~#\source\nrf\sdk\nrf5_sdk_13.0.0\components\toolchain\gcc\gcc_startup_nrf52.o
LOAD obj\release\~#\source\nrf\sdk\nrf5_sdk_13.0.0\components\toolchain\system_nrf52.o
LOAD obj\release\~#\source\nrf\sdk\nrf5_sdk_13.0.0\external\segger_rtt\rtt_syscalls_gcc.o
LOAD obj\release\~#\source\nrf\sdk\nrf5_sdk_13.0.0\external\segger_rtt\segger_rtt.o
LOAD obj\release\~#\source\nrf\sdk\nrf5_sdk_13.0.0\external\segger_rtt\segger_rtt_printf.o
LOAD obj\release\~#\source\open\mma8453.o
LOAD obj\release\~#\source\open\mma8453_port_nrf52.o
LOAD obj\release\~#\source\open\printf.o
LOAD c:/program files (x86)/embitz/1.11/share/em_armgcc/bin/../lib/gcc/arm-none-eabi/5.4.1/../../../../arm-none-eabi/lib/armv7e-m/fpu\libc_n.a
LOAD c:/program files (x86)/embitz/1.11/share/em_armgcc/bin/../lib/gcc/arm-none-eabi/5.4.1/../../../../arm-none-eabi/lib/armv7e-m/fpu\libnosys.a
START GROUP
LOAD c:/program files (x86)/embitz/1.11/share/em_armgcc/bin/../lib/gcc/arm-none-eabi/5.4.1/armv7e-m/fpu\libgcc.a
LOAD c:/program files (x86)/embitz/1.11/share/em_armgcc/bin/../lib/gcc/arm-none-eabi/5.4.1/../../../../arm-none-eabi/lib/armv7e-m/fpu\libg_n.a
LOAD c:/program files (x86)/embitz/1.11/share/em_armgcc/bin/../lib/gcc/arm-none-eabi/5.4.1/../../../../arm-none-eabi/lib/armv7e-m/fpu\libc_n.a
END GROUP
START GROUP
LOAD c:/program files (x86)/embitz/1.11/share/em_armgcc/bin/../lib/gcc/arm-none-eabi/5.4.1/armv7e-m/fpu\libgcc.a
LOAD c:/program files (x86)/embitz/1.11/share/em_armgcc/bin/../lib/gcc/arm-none-eabi/5.4.1/../../../../arm-none-eabi/lib/armv7e-m/fpu\libc_n.a
LOAD c:/program files (x86)/embitz/1.11/share/em_armgcc/bin/../lib/gcc/arm-none-eabi/5.4.1/../../../../arm-none-eabi/lib/armv7e-m/fpu\libnosys_s.a
END GROUP
START GROUP
LOAD c:/program files (x86)/embitz/1.11/share/em_armgcc/bin/../lib/gcc/arm-none-eabi/5.4.1/armv7e-m/fpu\libgcc.a
LOAD c:/program files (x86)/embitz/1.11/share/em_armgcc/bin/../lib/gcc/arm-none-eabi/5.4.1/../../../../arm-none-eabi/lib/armv7e-m/fpu\libc.a
LOAD c:/program files (x86)/embitz/1.11/share/em_armgcc/bin/../lib/gcc/arm-none-eabi/5.4.1/../../../../arm-none-eabi/lib/armv7e-m/fpu\libnosys.a
END GROUP
OUTPUT(bin\Release\NRF52.elf elf32-littlearm)

.debug_info     0x00000000    0x26652
 .debug_info    0x00000000      0x531 obj\release\src\main.o
 .debug_info    0x00000531     0x35be obj\release\src\pecpec_ble.o
 .debug_info    0x00003aef     0x2344 obj\release\src\pecpec_nrf52.o
 .debug_info    0x00005e33     0x24a4 obj\release\~#\source\nrf\sdk\nrf5_sdk_13.0.0\components\ble\ble_advertising\ble_advertising.o
 .debug_info    0x000082d7     0x1e81 obj\release\~#\source\nrf\sdk\nrf5_sdk_13.0.0\components\ble\ble_services\ble_nus\ble_nus.o
 .debug_info    0x0000a158     0x1b29 obj\release\~#\source\nrf\sdk\nrf5_sdk_13.0.0\components\ble\common\ble_advdata.o
 .debug_info    0x0000bc81     0x1c62 obj\release\~#\source\nrf\sdk\nrf5_sdk_13.0.0\components\ble\common\ble_conn_params.o
 .debug_info    0x0000d8e3      0xcb8 obj\release\~#\source\nrf\sdk\nrf5_sdk_13.0.0\components\ble\common\ble_srv_common.o
 .debug_info    0x0000e59b     0x20bc obj\release\~#\source\nrf\sdk\nrf5_sdk_13.0.0\components\ble\nrf_ble_gatt\nrf_ble_gatt.o
 .debug_info    0x00010657     0x171c obj\release\~#\source\nrf\sdk\nrf5_sdk_13.0.0\components\drivers_nrf\clock\nrf_drv_clock.o
 .debug_info    0x00011d73      0x6c9 obj\release\~#\source\nrf\sdk\nrf5_sdk_13.0.0\components\drivers_nrf\common\nrf_drv_common.o
 .debug_info    0x0001243c     0x278a obj\release\~#\source\nrf\sdk\nrf5_sdk_13.0.0\components\drivers_nrf\gpiote\nrf_drv_gpiote.o
 .debug_info    0x00014bc6     0x3286 obj\release\~#\source\nrf\sdk\nrf5_sdk_13.0.0\components\drivers_nrf\twi_master\nrf_drv_twi.o
 .debug_info    0x00017e4c     0x12b2 obj\release\~#\source\nrf\sdk\nrf5_sdk_13.0.0\components\libraries\fstorage\fstorage.o
 .debug_info    0x000190fe      0x4b0 obj\release\~#\source\nrf\sdk\nrf5_sdk_13.0.0\components\libraries\hardfault\hardfault_implementation.o
 .debug_info    0x000195ae       0xe5 obj\release\~#\source\nrf\sdk\nrf5_sdk_13.0.0\components\libraries\hardfault\nrf52\handler\hardfault_handler_gcc.o
 .debug_info    0x00019693      0xb78 obj\release\~#\source\nrf\sdk\nrf5_sdk_13.0.0\components\libraries\log\src\nrf_log_backend_serial.o
 .debug_info    0x0001a20b     0x155c obj\release\~#\source\nrf\sdk\nrf5_sdk_13.0.0\components\libraries\log\src\nrf_log_frontend.o
 .debug_info    0x0001b767     0x1aac obj\release\~#\source\nrf\sdk\nrf5_sdk_13.0.0\components\libraries\timer\app_timer.o
 .debug_info    0x0001d213      0x38a obj\release\~#\source\nrf\sdk\nrf5_sdk_13.0.0\components\libraries\util\app_error.o
 .debug_info    0x0001d59d      0x437 obj\release\~#\source\nrf\sdk\nrf5_sdk_13.0.0\components\libraries\util\app_error_weak.o
 .debug_info    0x0001d9d4      0x983 obj\release\~#\source\nrf\sdk\nrf5_sdk_13.0.0\components\libraries\util\app_util_platform.o
 .debug_info    0x0001e357     0x272c obj\release\~#\source\nrf\sdk\nrf5_sdk_13.0.0\components\softdevice\common\softdevice_handler\softdevice_handler.o
 .debug_info    0x00020a83       0xa7 obj\release\~#\source\nrf\sdk\nrf5_sdk_13.0.0\components\toolchain\gcc\gcc_startup_nrf52.o
 .debug_info    0x00020b2a      0xe1e obj\release\~#\source\nrf\sdk\nrf5_sdk_13.0.0\components\toolchain\system_nrf52.o
 .debug_info    0x00021948     0x240e obj\release\~#\source\nrf\sdk\nrf5_sdk_13.0.0\external\segger_rtt\segger_rtt.o
 .debug_info    0x00023d56      0x5df obj\release\~#\source\open\mma8453.o
 .debug_info    0x00024335     0x1375 obj\release\~#\source\open\mma8453_port_nrf52.o
 .debug_info    0x000256aa      0xfa8 obj\release\~#\source\open\printf.o

.debug_abbrev   0x00000000     0x5499
 .debug_abbrev  0x00000000      0x1c1 obj\release\src\main.o
 .debug_abbrev  0x000001c1      0x43e obj\release\src\pecpec_ble.o
 .debug_abbrev  0x000005ff      0x444 obj\release\src\pecpec_nrf52.o
 .debug_abbrev  0x00000a43      0x498 obj\release\~#\source\nrf\sdk\nrf5_sdk_13.0.0\components\ble\ble_advertising\ble_advertising.o
 .debug_abbrev  0x00000edb      0x330 obj\release\~#\source\nrf\sdk\nrf5_sdk_13.0.0\components\ble\ble_services\ble_nus\ble_nus.o
 .debug_abbrev  0x0000120b      0x366 obj\release\~#\source\nrf\sdk\nrf5_sdk_13.0.0\components\ble\common\ble_advdata.o
 .debug_abbrev  0x00001571      0x406 obj\release\~#\source\nrf\sdk\nrf5_sdk_13.0.0\components\ble\common\ble_conn_params.o
 .debug_abbrev  0x00001977      0x24c obj\release\~#\source\nrf\sdk\nrf5_sdk_13.0.0\components\ble\common\ble_srv_common.o
 .debug_abbrev  0x00001bc3      0x3a3 obj\release\~#\source\nrf\sdk\nrf5_sdk_13.0.0\components\ble\nrf_ble_gatt\nrf_ble_gatt.o
 .debug_abbrev  0x00001f66      0x47f obj\release\~#\source\nrf\sdk\nrf5_sdk_13.0.0\components\drivers_nrf\clock\nrf_drv_clock.o
 .debug_abbrev  0x000023e5      0x1aa obj\release\~#\source\nrf\sdk\nrf5_sdk_13.0.0\components\drivers_nrf\common\nrf_drv_common.o
 .debug_abbrev  0x0000258f      0x41c obj\release\~#\source\nrf\sdk\nrf5_sdk_13.0.0\components\drivers_nrf\gpiote\nrf_drv_gpiote.o
 .debug_abbrev  0x000029ab      0x453 obj\release\~#\source\nrf\sdk\nrf5_sdk_13.0.0\components\drivers_nrf\twi_master\nrf_drv_twi.o
 .debug_abbrev  0x00002dfe      0x405 obj\release\~#\source\nrf\sdk\nrf5_sdk_13.0.0\components\libraries\fstorage\fstorage.o
 .debug_abbrev  0x00003203      0x1ab obj\release\~#\source\nrf\sdk\nrf5_sdk_13.0.0\components\libraries\hardfault\hardfault_implementation.o
 .debug_abbrev  0x000033ae       0x78 obj\release\~#\source\nrf\sdk\nrf5_sdk_13.0.0\components\libraries\hardfault\nrf52\handler\hardfault_handler_gcc.o
 .debug_abbrev  0x00003426      0x2d9 obj\release\~#\source\nrf\sdk\nrf5_sdk_13.0.0\components\libraries\log\src\nrf_log_backend_serial.o
 .debug_abbrev  0x000036ff      0x35a obj\release\~#\source\nrf\sdk\nrf5_sdk_13.0.0\components\libraries\log\src\nrf_log_frontend.o
 .debug_abbrev  0x00003a59      0x40a obj\release\~#\source\nrf\sdk\nrf5_sdk_13.0.0\components\libraries\timer\app_timer.o
 .debug_abbrev  0x00003e63      0x158 obj\release\~#\source\nrf\sdk\nrf5_sdk_13.0.0\components\libraries\util\app_error.o
 .debug_abbrev  0x00003fbb      0x186 obj\release\~#\source\nrf\sdk\nrf5_sdk_13.0.0\components\libraries\util\app_error_weak.o
 .debug_abbrev  0x00004141      0x2aa obj\release\~#\source\nrf\sdk\nrf5_sdk_13.0.0\components\libraries\util\app_util_platform.o
 .debug_abbrev  0x000043eb      0x4d1 obj\release\~#\source\nrf\sdk\nrf5_sdk_13.0.0\components\softdevice\common\softdevice_handler\softdevice_handler.o
 .debug_abbrev  0x000048bc       0x14 obj\release\~#\source\nrf\sdk\nrf5_sdk_13.0.0\components\toolchain\gcc\gcc_startup_nrf52.o
 .debug_abbrev  0x000048d0      0x1e4 obj\release\~#\source\nrf\sdk\nrf5_sdk_13.0.0\components\toolchain\system_nrf52.o
 .debug_abbrev  0x00004ab4      0x2ef obj\release\~#\source\nrf\sdk\nrf5_sdk_13.0.0\external\segger_rtt\segger_rtt.o
 .debug_abbrev  0x00004da3      0x1d3 obj\release\~#\source\open\mma8453.o
 .debug_abbrev  0x00004f76      0x2e0 obj\release\~#\source\open\mma8453_port_nrf52.o
 .debug_abbrev  0x00005256      0x243 obj\release\~#\source\open\printf.o

.debug_loc      0x00000000    0x15adb
 .debug_loc     0x00000000       0xe5 obj\release\src\main.o
 .debug_loc     0x000000e5      0x764 obj\release\src\pecpec_ble.o
 .debug_loc     0x00000849      0x669 obj\release\src\pecpec_nrf52.o
 .debug_loc     0x00000eb2      0x5fc obj\release\~#\source\nrf\sdk\nrf5_sdk_13.0.0\components\ble\ble_advertising\ble_advertising.o
 .debug_loc     0x000014ae      0x404 obj\release\~#\source\nrf\sdk\nrf5_sdk_13.0.0\components\ble\ble_services\ble_nus\ble_nus.o
 .debug_loc     0x000018b2     0x1acf obj\release\~#\source\nrf\sdk\nrf5_sdk_13.0.0\components\ble\common\ble_advdata.o
 .debug_loc     0x00003381      0x3ba obj\release\~#\source\nrf\sdk\nrf5_sdk_13.0.0\components\ble\common\ble_conn_params.o
 .debug_loc     0x0000373b      0x56c obj\release\~#\source\nrf\sdk\nrf5_sdk_13.0.0\components\ble\common\ble_srv_common.o
 .debug_loc     0x00003ca7      0xc29 obj\release\~#\source\nrf\sdk\nrf5_sdk_13.0.0\components\ble\nrf_ble_gatt\nrf_ble_gatt.o
 .debug_loc     0x000048d0      0x511 obj\release\~#\source\nrf\sdk\nrf5_sdk_13.0.0\components\drivers_nrf\clock\nrf_drv_clock.o
 .debug_loc     0x00004de1       0xea obj\release\~#\source\nrf\sdk\nrf5_sdk_13.0.0\components\drivers_nrf\common\nrf_drv_common.o
 .debug_loc     0x00004ecb     0x23f5 obj\release\~#\source\nrf\sdk\nrf5_sdk_13.0.0\components\drivers_nrf\gpiote\nrf_drv_gpiote.o
 .debug_loc     0x000072c0     0x1d1a obj\release\~#\source\nrf\sdk\nrf5_sdk_13.0.0\components\drivers_nrf\twi_master\nrf_drv_twi.o
 .debug_loc     0x00008fda      0x9bd obj\release\~#\source\nrf\sdk\nrf5_sdk_13.0.0\components\libraries\fstorage\fstorage.o
 .debug_loc     0x00009997       0x1e obj\release\~#\source\nrf\sdk\nrf5_sdk_13.0.0\components\libraries\hardfault\hardfault_implementation.o
 .debug_loc     0x000099b5     0x11e6 obj\release\~#\source\nrf\sdk\nrf5_sdk_13.0.0\components\libraries\log\src\nrf_log_backend_serial.o
 .debug_loc     0x0000ab9b     0x1dc2 obj\release\~#\source\nrf\sdk\nrf5_sdk_13.0.0\components\libraries\log\src\nrf_log_frontend.o
 .debug_loc     0x0000c95d      0xdc8 obj\release\~#\source\nrf\sdk\nrf5_sdk_13.0.0\components\libraries\timer\app_timer.o
 .debug_loc     0x0000d725       0xca obj\release\~#\source\nrf\sdk\nrf5_sdk_13.0.0\components\libraries\util\app_error.o
 .debug_loc     0x0000d7ef       0x63 obj\release\~#\source\nrf\sdk\nrf5_sdk_13.0.0\components\libraries\util\app_error_weak.o
 .debug_loc     0x0000d852       0xe4 obj\release\~#\source\nrf\sdk\nrf5_sdk_13.0.0\components\libraries\util\app_util_platform.o
 .debug_loc     0x0000d936      0x549 obj\release\~#\source\nrf\sdk\nrf5_sdk_13.0.0\components\softdevice\common\softdevice_handler\softdevice_handler.o
 .debug_loc     0x0000de7f     0x39d6 obj\release\~#\source\nrf\sdk\nrf5_sdk_13.0.0\external\segger_rtt\segger_rtt.o
 .debug_loc     0x00011855      0x2ca obj\release\~#\source\open\mma8453.o
 .debug_loc     0x00011b1f      0xfa0 obj\release\~#\source\open\mma8453_port_nrf52.o
 .debug_loc     0x00012abf     0x301c obj\release\~#\source\open\printf.o

.debug_aranges  0x00000000      0xb30
 .debug_aranges
                0x00000000       0x30 obj\release\src\main.o
 .debug_aranges
                0x00000030       0xb0 obj\release\src\pecpec_ble.o
 .debug_aranges
                0x000000e0       0x98 obj\release\src\pecpec_nrf52.o
 .debug_aranges
                0x00000178       0x70 obj\release\~#\source\nrf\sdk\nrf5_sdk_13.0.0\components\ble\ble_advertising\ble_advertising.o
 .debug_aranges
                0x000001e8       0x50 obj\release\~#\source\nrf\sdk\nrf5_sdk_13.0.0\components\ble\ble_services\ble_nus\ble_nus.o
 .debug_aranges
                0x00000238       0x58 obj\release\~#\source\nrf\sdk\nrf5_sdk_13.0.0\components\ble\common\ble_advdata.o
 .debug_aranges
                0x00000290       0x68 obj\release\~#\source\nrf\sdk\nrf5_sdk_13.0.0\components\ble\common\ble_conn_params.o
 .debug_aranges
                0x000002f8       0x58 obj\release\~#\source\nrf\sdk\nrf5_sdk_13.0.0\components\ble\common\ble_srv_common.o
 .debug_aranges
                0x00000350       0x68 obj\release\~#\source\nrf\sdk\nrf5_sdk_13.0.0\components\ble\nrf_ble_gatt\nrf_ble_gatt.o
 .debug_aranges
                0x000003b8       0xb0 obj\release\~#\source\nrf\sdk\nrf5_sdk_13.0.0\components\drivers_nrf\clock\nrf_drv_clock.o
 .debug_aranges
                0x00000468       0x28 obj\release\~#\source\nrf\sdk\nrf5_sdk_13.0.0\components\drivers_nrf\common\nrf_drv_common.o
 .debug_aranges
                0x00000490       0xd8 obj\release\~#\source\nrf\sdk\nrf5_sdk_13.0.0\components\drivers_nrf\gpiote\nrf_drv_gpiote.o
 .debug_aranges
                0x00000568       0x78 obj\release\~#\source\nrf\sdk\nrf5_sdk_13.0.0\components\drivers_nrf\twi_master\nrf_drv_twi.o
 .debug_aranges
                0x000005e0       0x78 obj\release\~#\source\nrf\sdk\nrf5_sdk_13.0.0\components\libraries\fstorage\fstorage.o
 .debug_aranges
                0x00000658       0x28 obj\release\~#\source\nrf\sdk\nrf5_sdk_13.0.0\components\libraries\hardfault\hardfault_implementation.o
 .debug_aranges
                0x00000680       0x20 obj\release\~#\source\nrf\sdk\nrf5_sdk_13.0.0\components\libraries\hardfault\nrf52\handler\hardfault_handler_gcc.o
 .debug_aranges
                0x000006a0       0x48 obj\release\~#\source\nrf\sdk\nrf5_sdk_13.0.0\components\libraries\log\src\nrf_log_backend_serial.o
 .debug_aranges
                0x000006e8       0x98 obj\release\~#\source\nrf\sdk\nrf5_sdk_13.0.0\components\libraries\log\src\nrf_log_frontend.o
 .debug_aranges
                0x00000780       0x70 obj\release\~#\source\nrf\sdk\nrf5_sdk_13.0.0\components\libraries\timer\app_timer.o
 .debug_aranges
                0x000007f0       0x30 obj\release\~#\source\nrf\sdk\nrf5_sdk_13.0.0\components\libraries\util\app_error.o
 .debug_aranges
                0x00000820       0x20 obj\release\~#\source\nrf\sdk\nrf5_sdk_13.0.0\components\libraries\util\app_error_weak.o
 .debug_aranges
                0x00000840       0x48 obj\release\~#\source\nrf\sdk\nrf5_sdk_13.0.0\components\libraries\util\app_util_platform.o
 .debug_aranges
                0x00000888       0xb0 obj\release\~#\source\nrf\sdk\nrf5_sdk_13.0.0\components\softdevice\common\softdevice_handler\softdevice_handler.o
 .debug_aranges
                0x00000938       0x20 obj\release\~#\source\nrf\sdk\nrf5_sdk_13.0.0\components\toolchain\gcc\gcc_startup_nrf52.o
 .debug_aranges
                0x00000958       0x28 obj\release\~#\source\nrf\sdk\nrf5_sdk_13.0.0\components\toolchain\system_nrf52.o
 .debug_aranges
                0x00000980       0xa0 obj\release\~#\source\nrf\sdk\nrf5_sdk_13.0.0\external\segger_rtt\segger_rtt.o
 .debug_aranges
                0x00000a20       0x60 obj\release\~#\source\open\mma8453.o
 .debug_aranges
                0x00000a80       0x78 obj\release\~#\source\open\mma8453_port_nrf52.o
 .debug_aranges
                0x00000af8       0x38 obj\release\~#\source\open\printf.o

.debug_ranges   0x00000000     0x41d0
 .debug_ranges  0x00000000       0x80 obj\release\src\main.o
 .debug_ranges  0x00000080      0x280 obj\release\src\pecpec_ble.o
 .debug_ranges  0x00000300      0x2f8 obj\release\src\pecpec_nrf52.o
 .debug_ranges  0x000005f8      0x1f0 obj\release\~#\source\nrf\sdk\nrf5_sdk_13.0.0\components\ble\ble_advertising\ble_advertising.o
 .debug_ranges  0x000007e8       0x60 obj\release\~#\source\nrf\sdk\nrf5_sdk_13.0.0\components\ble\ble_services\ble_nus\ble_nus.o
 .debug_ranges  0x00000848      0x310 obj\release\~#\source\nrf\sdk\nrf5_sdk_13.0.0\components\ble\common\ble_advdata.o
 .debug_ranges  0x00000b58       0xd0 obj\release\~#\source\nrf\sdk\nrf5_sdk_13.0.0\components\ble\common\ble_conn_params.o
 .debug_ranges  0x00000c28      0x160 obj\release\~#\source\nrf\sdk\nrf5_sdk_13.0.0\components\ble\common\ble_srv_common.o
 .debug_ranges  0x00000d88       0xd0 obj\release\~#\source\nrf\sdk\nrf5_sdk_13.0.0\components\ble\nrf_ble_gatt\nrf_ble_gatt.o
 .debug_ranges  0x00000e58      0x3d0 obj\release\~#\source\nrf\sdk\nrf5_sdk_13.0.0\components\drivers_nrf\clock\nrf_drv_clock.o
 .debug_ranges  0x00001228       0x38 obj\release\~#\source\nrf\sdk\nrf5_sdk_13.0.0\components\drivers_nrf\common\nrf_drv_common.o
 .debug_ranges  0x00001260      0xa18 obj\release\~#\source\nrf\sdk\nrf5_sdk_13.0.0\components\drivers_nrf\gpiote\nrf_drv_gpiote.o
 .debug_ranges  0x00001c78      0x718 obj\release\~#\source\nrf\sdk\nrf5_sdk_13.0.0\components\drivers_nrf\twi_master\nrf_drv_twi.o
 .debug_ranges  0x00002390      0x240 obj\release\~#\source\nrf\sdk\nrf5_sdk_13.0.0\components\libraries\fstorage\fstorage.o
 .debug_ranges  0x000025d0       0x18 obj\release\~#\source\nrf\sdk\nrf5_sdk_13.0.0\components\libraries\hardfault\hardfault_implementation.o
 .debug_ranges  0x000025e8       0x10 obj\release\~#\source\nrf\sdk\nrf5_sdk_13.0.0\components\libraries\hardfault\nrf52\handler\hardfault_handler_gcc.o
 .debug_ranges  0x000025f8      0x120 obj\release\~#\source\nrf\sdk\nrf5_sdk_13.0.0\components\libraries\log\src\nrf_log_backend_serial.o
 .debug_ranges  0x00002718      0x300 obj\release\~#\source\nrf\sdk\nrf5_sdk_13.0.0\components\libraries\log\src\nrf_log_frontend.o
 .debug_ranges  0x00002a18      0x4e8 obj\release\~#\source\nrf\sdk\nrf5_sdk_13.0.0\components\libraries\timer\app_timer.o
 .debug_ranges  0x00002f00       0x20 obj\release\~#\source\nrf\sdk\nrf5_sdk_13.0.0\components\libraries\util\app_error.o
 .debug_ranges  0x00002f20       0x10 obj\release\~#\source\nrf\sdk\nrf5_sdk_13.0.0\components\libraries\util\app_error_weak.o
 .debug_ranges  0x00002f30       0x80 obj\release\~#\source\nrf\sdk\nrf5_sdk_13.0.0\components\libraries\util\app_util_platform.o
 .debug_ranges  0x00002fb0      0x1e0 obj\release\~#\source\nrf\sdk\nrf5_sdk_13.0.0\components\softdevice\common\softdevice_handler\softdevice_handler.o
 .debug_ranges  0x00003190      0x130 obj\release\~#\source\nrf\sdk\nrf5_sdk_13.0.0\components\toolchain\system_nrf52.o
 .debug_ranges  0x000032c0      0x6b0 obj\release\~#\source\nrf\sdk\nrf5_sdk_13.0.0\external\segger_rtt\segger_rtt.o
 .debug_ranges  0x00003970       0x68 obj\release\~#\source\open\mma8453.o
 .debug_ranges  0x000039d8       0xf8 obj\release\~#\source\open\mma8453_port_nrf52.o
 .debug_ranges  0x00003ad0      0x700 obj\release\~#\source\open\printf.o

.debug_line     0x00000000     0xb7d5
 .debug_line    0x00000000      0x4f1 obj\release\src\main.o
 .debug_line    0x000004f1      0x8e8 obj\release\src\pecpec_ble.o
 .debug_line    0x00000dd9      0xa18 obj\release\src\pecpec_nrf52.o
 .debug_line    0x000017f1      0x779 obj\release\~#\source\nrf\sdk\nrf5_sdk_13.0.0\components\ble\ble_advertising\ble_advertising.o
 .debug_line    0x00001f6a      0x529 obj\release\~#\source\nrf\sdk\nrf5_sdk_13.0.0\components\ble\ble_services\ble_nus\ble_nus.o
 .debug_line    0x00002493      0x723 obj\release\~#\source\nrf\sdk\nrf5_sdk_13.0.0\components\ble\common\ble_advdata.o
 .debug_line    0x00002bb6      0x4fa obj\release\~#\source\nrf\sdk\nrf5_sdk_13.0.0\components\ble\common\ble_conn_params.o
 .debug_line    0x000030b0      0x4f5 obj\release\~#\source\nrf\sdk\nrf5_sdk_13.0.0\components\ble\common\ble_srv_common.o
 .debug_line    0x000035a5      0x533 obj\release\~#\source\nrf\sdk\nrf5_sdk_13.0.0\components\ble\nrf_ble_gatt\nrf_ble_gatt.o
 .debug_line    0x00003ad8      0x8a0 obj\release\~#\source\nrf\sdk\nrf5_sdk_13.0.0\components\drivers_nrf\clock\nrf_drv_clock.o
 .debug_line    0x00004378      0x35a obj\release\~#\source\nrf\sdk\nrf5_sdk_13.0.0\components\drivers_nrf\common\nrf_drv_common.o
 .debug_line    0x000046d2      0xd65 obj\release\~#\source\nrf\sdk\nrf5_sdk_13.0.0\components\drivers_nrf\gpiote\nrf_drv_gpiote.o
 .debug_line    0x00005437      0xd5e obj\release\~#\source\nrf\sdk\nrf5_sdk_13.0.0\components\drivers_nrf\twi_master\nrf_drv_twi.o
 .debug_line    0x00006195      0x750 obj\release\~#\source\nrf\sdk\nrf5_sdk_13.0.0\components\libraries\fstorage\fstorage.o
 .debug_line    0x000068e5      0x3f8 obj\release\~#\source\nrf\sdk\nrf5_sdk_13.0.0\components\libraries\hardfault\hardfault_implementation.o
 .debug_line    0x00006cdd      0x241 obj\release\~#\source\nrf\sdk\nrf5_sdk_13.0.0\components\libraries\hardfault\nrf52\handler\hardfault_handler_gcc.o
 .debug_line    0x00006f1e      0x5ae obj\release\~#\source\nrf\sdk\nrf5_sdk_13.0.0\components\libraries\log\src\nrf_log_backend_serial.o
 .debug_line    0x000074cc      0x84d obj\release\~#\source\nrf\sdk\nrf5_sdk_13.0.0\components\libraries\log\src\nrf_log_frontend.o
 .debug_line    0x00007d19      0x8c6 obj\release\~#\source\nrf\sdk\nrf5_sdk_13.0.0\components\libraries\timer\app_timer.o
 .debug_line    0x000085df      0x336 obj\release\~#\source\nrf\sdk\nrf5_sdk_13.0.0\components\libraries\util\app_error.o
 .debug_line    0x00008915      0x3e7 obj\release\~#\source\nrf\sdk\nrf5_sdk_13.0.0\components\libraries\util\app_error_weak.o
 .debug_line    0x00008cfc      0x3a7 obj\release\~#\source\nrf\sdk\nrf5_sdk_13.0.0\components\libraries\util\app_util_platform.o
 .debug_line    0x000090a3      0x825 obj\release\~#\source\nrf\sdk\nrf5_sdk_13.0.0\components\softdevice\common\softdevice_handler\softdevice_handler.o
 .debug_line    0x000098c8       0xa9 obj\release\~#\source\nrf\sdk\nrf5_sdk_13.0.0\components\toolchain\gcc\gcc_startup_nrf52.o
 .debug_line    0x00009971      0x34f obj\release\~#\source\nrf\sdk\nrf5_sdk_13.0.0\components\toolchain\system_nrf52.o
 .debug_line    0x00009cc0      0xc93 obj\release\~#\source\nrf\sdk\nrf5_sdk_13.0.0\external\segger_rtt\segger_rtt.o
 .debug_line    0x0000a953      0x2eb obj\release\~#\source\open\mma8453.o
 .debug_line    0x0000ac3e      0x5dd obj\release\~#\source\open\mma8453_port_nrf52.o
 .debug_line    0x0000b21b      0x5ba obj\release\~#\source\open\printf.o

.debug_str      0x00000000     0x92df
 .debug_str     0x00000000      0x439 obj\release\src\main.o
                                0x4a7 (size before relaxing)
 .debug_str     0x00000439     0x2954 obj\release\src\pecpec_ble.o
                               0x2e51 (size before relaxing)
 .debug_str     0x00002d8d      0xeb8 obj\release\src\pecpec_nrf52.o
                               0x1389 (size before relaxing)
 .debug_str     0x00003c45      0x5f6 obj\release\~#\source\nrf\sdk\nrf5_sdk_13.0.0\components\ble\ble_advertising\ble_advertising.o
                               0x215f (size before relaxing)
 .debug_str     0x0000423b      0x2de obj\release\~#\source\nrf\sdk\nrf5_sdk_13.0.0\components\ble\ble_services\ble_nus\ble_nus.o
                               0x193b (size before relaxing)
 .debug_str     0x00004519      0x323 obj\release\~#\source\nrf\sdk\nrf5_sdk_13.0.0\components\ble\common\ble_advdata.o
                                0xdd5 (size before relaxing)
 .debug_str     0x0000483c      0x1b7 obj\release\~#\source\nrf\sdk\nrf5_sdk_13.0.0\components\ble\common\ble_conn_params.o
                               0x1a77 (size before relaxing)
 .debug_str     0x000049f3      0x2ef obj\release\~#\source\nrf\sdk\nrf5_sdk_13.0.0\components\ble\common\ble_srv_common.o
                                0xa50 (size before relaxing)
 .debug_str     0x00004ce2      0x34d obj\release\~#\source\nrf\sdk\nrf5_sdk_13.0.0\components\ble\nrf_ble_gatt\nrf_ble_gatt.o
                               0x1f0e (size before relaxing)
 .debug_str     0x0000502f      0xc0a obj\release\~#\source\nrf\sdk\nrf5_sdk_13.0.0\components\drivers_nrf\clock\nrf_drv_clock.o
                               0x143d (size before relaxing)
 .debug_str     0x00005c39      0x105 obj\release\~#\source\nrf\sdk\nrf5_sdk_13.0.0\components\drivers_nrf\common\nrf_drv_common.o
                                0x6c6 (size before relaxing)
 .debug_str     0x00005d3e      0xc6e obj\release\~#\source\nrf\sdk\nrf5_sdk_13.0.0\components\drivers_nrf\gpiote\nrf_drv_gpiote.o
                               0x168e (size before relaxing)
 .debug_str     0x000069ac      0x843 obj\release\~#\source\nrf\sdk\nrf5_sdk_13.0.0\components\drivers_nrf\twi_master\nrf_drv_twi.o
                               0x1445 (size before relaxing)
 .debug_str     0x000071ef      0x55b obj\release\~#\source\nrf\sdk\nrf5_sdk_13.0.0\components\libraries\fstorage\fstorage.o
                                0xd57 (size before relaxing)
 .debug_str     0x0000774a      0x11d obj\release\~#\source\nrf\sdk\nrf5_sdk_13.0.0\components\libraries\hardfault\hardfault_implementation.o
                                0x419 (size before relaxing)
 .debug_str     0x00007867       0x79 obj\release\~#\source\nrf\sdk\nrf5_sdk_13.0.0\components\libraries\hardfault\nrf52\handler\hardfault_handler_gcc.o
                                0x299 (size before relaxing)
 .debug_str     0x000078e0      0x324 obj\release\~#\source\nrf\sdk\nrf5_sdk_13.0.0\components\libraries\log\src\nrf_log_backend_serial.o
                                0x5df (size before relaxing)
 .debug_str     0x00007c04      0x291 obj\release\~#\source\nrf\sdk\nrf5_sdk_13.0.0\components\libraries\log\src\nrf_log_frontend.o
                                0x77c (size before relaxing)
 .debug_str     0x00007e95      0x671 obj\release\~#\source\nrf\sdk\nrf5_sdk_13.0.0\components\libraries\timer\app_timer.o
                                0xe53 (size before relaxing)
 .debug_str     0x00008506       0xef obj\release\~#\source\nrf\sdk\nrf5_sdk_13.0.0\components\libraries\util\app_error.o
                                0x3d3 (size before relaxing)
 .debug_str     0x000085f5       0x4d obj\release\~#\source\nrf\sdk\nrf5_sdk_13.0.0\components\libraries\util\app_error_weak.o
                                0x3c7 (size before relaxing)
 .debug_str     0x00008642      0x1d5 obj\release\~#\source\nrf\sdk\nrf5_sdk_13.0.0\components\libraries\util\app_util_platform.o
                                0x897 (size before relaxing)
 .debug_str     0x00008817      0x428 obj\release\~#\source\nrf\sdk\nrf5_sdk_13.0.0\components\softdevice\common\softdevice_handler\softdevice_handler.o
                               0x1efd (size before relaxing)
 .debug_str     0x00008c3f      0x139 obj\release\~#\source\nrf\sdk\nrf5_sdk_13.0.0\components\toolchain\system_nrf52.o
                                0x69c (size before relaxing)
 .debug_str     0x00008d78      0x310 obj\release\~#\source\nrf\sdk\nrf5_sdk_13.0.0\external\segger_rtt\segger_rtt.o
                                0x615 (size before relaxing)
 .debug_str     0x00009088       0xd0 obj\release\~#\source\open\mma8453.o
                                0x3e5 (size before relaxing)
 .debug_str     0x00009158       0xef obj\release\~#\source\open\mma8453_port_nrf52.o
                                0x7ed (size before relaxing)
 .debug_str     0x00009247       0x98 obj\release\~#\source\open\printf.o
                                0x21c (size before relaxing)

.comment        0x00000000       0x6e
 .comment       0x00000000       0x6e obj\release\src\main.o
                                 0x6f (size before relaxing)
 .comment       0x0000006e       0x6f obj\release\src\pecpec_ble.o
 .comment       0x0000006e       0x6f obj\release\src\pecpec_nrf52.o
 .comment       0x0000006e       0x6f obj\release\~#\source\nrf\sdk\nrf5_sdk_13.0.0\components\ble\ble_advertising\ble_advertising.o
 .comment       0x0000006e       0x6f obj\release\~#\source\nrf\sdk\nrf5_sdk_13.0.0\components\ble\ble_services\ble_nus\ble_nus.o
 .comment       0x0000006e       0x6f obj\release\~#\source\nrf\sdk\nrf5_sdk_13.0.0\components\ble\common\ble_advdata.o
 .comment       0x0000006e       0x6f obj\release\~#\source\nrf\sdk\nrf5_sdk_13.0.0\components\ble\common\ble_conn_params.o
 .comment       0x0000006e       0x6f obj\release\~#\source\nrf\sdk\nrf5_sdk_13.0.0\components\ble\common\ble_srv_common.o
 .comment       0x0000006e       0x6f obj\release\~#\source\nrf\sdk\nrf5_sdk_13.0.0\components\ble\nrf_ble_gatt\nrf_ble_gatt.o
 .comment       0x0000006e       0x6f obj\release\~#\source\nrf\sdk\nrf5_sdk_13.0.0\components\drivers_nrf\clock\nrf_drv_clock.o
 .comment       0x0000006e       0x6f obj\release\~#\source\nrf\sdk\nrf5_sdk_13.0.0\components\drivers_nrf\common\nrf_drv_common.o
 .comment       0x0000006e       0x6f obj\release\~#\source\nrf\sdk\nrf5_sdk_13.0.0\components\drivers_nrf\gpiote\nrf_drv_gpiote.o
 .comment       0x0000006e       0x6f obj\release\~#\source\nrf\sdk\nrf5_sdk_13.0.0\components\drivers_nrf\twi_master\nrf_drv_twi.o
 .comment       0x0000006e       0x6f obj\release\~#\source\nrf\sdk\nrf5_sdk_13.0.0\components\libraries\fstorage\fstorage.o
 .comment       0x0000006e       0x6f obj\release\~#\source\nrf\sdk\nrf5_sdk_13.0.0\components\libraries\hardfault\hardfault_implementation.o
 .comment       0x0000006e       0x6f obj\release\~#\source\nrf\sdk\nrf5_sdk_13.0.0\components\libraries\hardfault\nrf52\handler\hardfault_handler_gcc.o
 .comment       0x0000006e       0x6f obj\release\~#\source\nrf\sdk\nrf5_sdk_13.0.0\components\libraries\log\src\nrf_log_backend_serial.o
 .comment       0x0000006e       0x6f obj\release\~#\source\nrf\sdk\nrf5_sdk_13.0.0\components\libraries\log\src\nrf_log_frontend.o
 .comment       0x0000006e       0x6f obj\release\~#\source\nrf\sdk\nrf5_sdk_13.0.0\components\libraries\timer\app_timer.o
 .comment       0x0000006e       0x6f obj\release\~#\source\nrf\sdk\nrf5_sdk_13.0.0\components\libraries\util\app_error.o
 .comment       0x0000006e       0x6f obj\release\~#\source\nrf\sdk\nrf5_sdk_13.0.0\components\libraries\util\app_error_weak.o
 .comment       0x0000006e       0x6f obj\release\~#\source\nrf\sdk\nrf5_sdk_13.0.0\components\libraries\util\app_util_platform.o
 .comment       0x0000006e       0x6f obj\release\~#\source\nrf\sdk\nrf5_sdk_13.0.0\components\softdevice\common\softdevice_handler\softdevice_handler.o
 .comment       0x0000006e       0x6f obj\release\~#\source\nrf\sdk\nrf5_sdk_13.0.0\components\toolchain\system_nrf52.o
 .comment       0x0000006e       0x6f obj\release\~#\source\nrf\sdk\nrf5_sdk_13.0.0\external\segger_rtt\segger_rtt.o
 .comment       0x0000006e       0x6f obj\release\~#\source\open\mma8453.o
 .comment       0x0000006e       0x6f obj\release\~#\source\open\mma8453_port_nrf52.o
 .comment       0x0000006e       0x6f obj\release\~#\source\open\printf.o

.ARM.attributes
                0x00000000       0x37
 .ARM.attributes
                0x00000000       0x35 obj\release\src\main.o
 .ARM.attributes
                0x00000035       0x35 obj\release\src\pecpec_ble.o
 .ARM.attributes
                0x0000006a       0x35 obj\release\src\pecpec_nrf52.o
 .ARM.attributes
                0x0000009f       0x35 obj\release\~#\source\nrf\sdk\nrf5_sdk_13.0.0\components\ble\ble_advertising\ble_advertising.o
 .ARM.attributes
                0x000000d4       0x35 obj\release\~#\source\nrf\sdk\nrf5_sdk_13.0.0\components\ble\ble_services\ble_nus\ble_nus.o
 .ARM.attributes
                0x00000109       0x35 obj\release\~#\source\nrf\sdk\nrf5_sdk_13.0.0\components\ble\common\ble_advdata.o
 .ARM.attributes
                0x0000013e       0x35 obj\release\~#\source\nrf\sdk\nrf5_sdk_13.0.0\components\ble\common\ble_conn_params.o
 .ARM.attributes
                0x00000173       0x35 obj\release\~#\source\nrf\sdk\nrf5_sdk_13.0.0\components\ble\common\ble_srv_common.o
 .ARM.attributes
                0x000001a8       0x35 obj\release\~#\source\nrf\sdk\nrf5_sdk_13.0.0\components\ble\nrf_ble_gatt\nrf_ble_gatt.o
 .ARM.attributes
                0x000001dd       0x35 obj\release\~#\source\nrf\sdk\nrf5_sdk_13.0.0\components\drivers_nrf\clock\nrf_drv_clock.o
 .ARM.attributes
                0x00000212       0x35 obj\release\~#\source\nrf\sdk\nrf5_sdk_13.0.0\components\drivers_nrf\common\nrf_drv_common.o
 .ARM.attributes
                0x00000247       0x35 obj\release\~#\source\nrf\sdk\nrf5_sdk_13.0.0\components\drivers_nrf\gpiote\nrf_drv_gpiote.o
 .ARM.attributes
                0x0000027c       0x35 obj\release\~#\source\nrf\sdk\nrf5_sdk_13.0.0\components\drivers_nrf\twi_master\nrf_drv_twi.o
 .ARM.attributes
                0x000002b1       0x35 obj\release\~#\source\nrf\sdk\nrf5_sdk_13.0.0\components\libraries\fstorage\fstorage.o
 .ARM.attributes
                0x000002e6       0x35 obj\release\~#\source\nrf\sdk\nrf5_sdk_13.0.0\components\libraries\hardfault\hardfault_implementation.o
 .ARM.attributes
                0x0000031b       0x35 obj\release\~#\source\nrf\sdk\nrf5_sdk_13.0.0\components\libraries\hardfault\nrf52\handler\hardfault_handler_gcc.o
 .ARM.attributes
                0x00000350       0x35 obj\release\~#\source\nrf\sdk\nrf5_sdk_13.0.0\components\libraries\log\src\nrf_log_backend_serial.o
 .ARM.attributes
                0x00000385       0x35 obj\release\~#\source\nrf\sdk\nrf5_sdk_13.0.0\components\libraries\log\src\nrf_log_frontend.o
 .ARM.attributes
                0x000003ba       0x35 obj\release\~#\source\nrf\sdk\nrf5_sdk_13.0.0\components\libraries\timer\app_timer.o
 .ARM.attributes
                0x000003ef       0x35 obj\release\~#\source\nrf\sdk\nrf5_sdk_13.0.0\components\libraries\util\app_error.o
 .ARM.attributes
                0x00000424       0x35 obj\release\~#\source\nrf\sdk\nrf5_sdk_13.0.0\components\libraries\util\app_error_weak.o
 .ARM.attributes
                0x00000459       0x35 obj\release\~#\source\nrf\sdk\nrf5_sdk_13.0.0\components\libraries\util\app_util_platform.o
 .ARM.attributes
                0x0000048e       0x35 obj\release\~#\source\nrf\sdk\nrf5_sdk_13.0.0\components\softdevice\common\softdevice_handler\softdevice_handler.o
 .ARM.attributes
                0x000004c3       0x20 obj\release\~#\source\nrf\sdk\nrf5_sdk_13.0.0\components\toolchain\gcc\gcc_startup_nrf52.o
 .ARM.attributes
                0x000004e3       0x35 obj\release\~#\source\nrf\sdk\nrf5_sdk_13.0.0\components\toolchain\system_nrf52.o
 .ARM.attributes
                0x00000518       0x35 obj\release\~#\source\nrf\sdk\nrf5_sdk_13.0.0\external\segger_rtt\segger_rtt.o
 .ARM.attributes
                0x0000054d       0x35 obj\release\~#\source\open\mma8453.o
 .ARM.attributes
                0x00000582       0x35 obj\release\~#\source\open\mma8453_port_nrf52.o
 .ARM.attributes
                0x000005b7       0x35 obj\release\~#\source\open\printf.o
 .ARM.attributes
                0x000005ec       0x34 c:/program files (x86)/embitz/1.11/share/em_armgcc/bin/../lib/gcc/arm-none-eabi/5.4.1/../../../../arm-none-eabi/lib/armv7e-m/fpu\libc_n.a(lib_a-ctype_.o)
 .ARM.attributes
                0x00000620       0x34 c:/program files (x86)/embitz/1.11/share/em_armgcc/bin/../lib/gcc/arm-none-eabi/5.4.1/../../../../arm-none-eabi/lib/armv7e-m/fpu\libc_n.a(lib_a-memcpy-stub.o)
 .ARM.attributes
                0x00000654       0x34 c:/program files (x86)/embitz/1.11/share/em_armgcc/bin/../lib/gcc/arm-none-eabi/5.4.1/../../../../arm-none-eabi/lib/armv7e-m/fpu\libc_n.a(lib_a-memset.o)
 .ARM.attributes
                0x00000688       0x34 c:/program files (x86)/embitz/1.11/share/em_armgcc/bin/../lib/gcc/arm-none-eabi/5.4.1/../../../../arm-none-eabi/lib/armv7e-m/fpu\libc_n.a(lib_a-snprintf.o)
 .ARM.attributes