Archive member included to satisfy reference by file (symbol)

c:/program files (x86)/embitz/1.11/share/em_armgcc/bin/../lib/gcc/arm-none-eabi/5.4.1/../../../../arm-none-eabi/lib/armv7e-m/fpu\libc_n.a(lib_a-ctype_.o)
                              obj\release\~#\~#\source\nrf\sdk\nrf5_sdk_13.0.0\components\libraries\log\src\nrf_log_backend_serial.o (__ctype_ptr__)
c:/program files (x86)/embitz/1.11/share/em_armgcc/bin/../lib/gcc/arm-none-eabi/5.4.1/../../../../arm-none-eabi/lib/armv7e-m/fpu\libc_n.a(lib_a-memcmp.o)
                              obj\release\~#\~#\source\nrf\sdk\nrf5_sdk_13.0.0\components\ble\peer_manager\id_manager.o (memcmp)
c:/program files (x86)/embitz/1.11/share/em_armgcc/bin/../lib/gcc/arm-none-eabi/5.4.1/../../../../arm-none-eabi/lib/armv7e-m/fpu\libc_n.a(lib_a-memcpy-stub.o)
                              obj\release\~#\~#\source\nrf\sdk\nrf5_sdk_13.0.0\components\ble\ble_advertising\ble_advertising.o (memcpy)
c:/program files (x86)/embitz/1.11/share/em_armgcc/bin/../lib/gcc/arm-none-eabi/5.4.1/../../../../arm-none-eabi/lib/armv7e-m/fpu\libc_n.a(lib_a-memmove.o)
                              obj\release\~#\~#\source\nrf\sdk\nrf5_sdk_13.0.0\components\ble\ble_services\ble_hrs\ble_hrs.o (memmove)
c:/program files (x86)/embitz/1.11/share/em_armgcc/bin/../lib/gcc/arm-none-eabi/5.4.1/../../../../arm-none-eabi/lib/armv7e-m/fpu\libc_n.a(lib_a-memset.o)
                              obj\release\src\pecpec_ble.o (memset)
c:/program files (x86)/embitz/1.11/share/em_armgcc/bin/../lib/gcc/arm-none-eabi/5.4.1/../../../../arm-none-eabi/lib/armv7e-m/fpu\libc_n.a(lib_a-snprintf.o)
                              obj\release\~#\~#\source\nrf\sdk\nrf5_sdk_13.0.0\components\libraries\log\src\nrf_log_backend_serial.o (snprintf)
c:/program files (x86)/embitz/1.11/share/em_armgcc/bin/../lib/gcc/arm-none-eabi/5.4.1/../../../../arm-none-eabi/lib/armv7e-m/fpu\libc_n.a(lib_a-strcpy.o)
                              obj\release\~#\~#\source\nrf\sdk\nrf5_sdk_13.0.0\external\segger_rtt\segger_rtt.o (strcpy)
c:/program files (x86)/embitz/1.11/share/em_armgcc/bin/../lib/gcc/arm-none-eabi/5.4.1/../../../../arm-none-eabi/lib/armv7e-m/fpu\libc_n.a(lib_a-strlen.o)
                              obj\release\src\pecpec_ble.o (strlen)
c:/program files (x86)/embitz/1.11/share/em_armgcc/bin/../lib/gcc/arm-none-eabi/5.4.1/../../../../arm-none-eabi/lib/armv7e-m/fpu\libc_n.a(lib_a-impure.o)
                              c:/program files (x86)/embitz/1.11/share/em_armgcc/bin/../lib/gcc/arm-none-eabi/5.4.1/../../../../arm-none-eabi/lib/armv7e-m/fpu\libc_n.a(lib_a-snprintf.o) (_impure_ptr)
c:/program files (x86)/embitz/1.11/share/em_armgcc/bin/../lib/gcc/arm-none-eabi/5.4.1/../../../../arm-none-eabi/lib/armv7e-m/fpu\libc_n.a(lib_a-nano-svfprintf.o)
                              c:/program files (x86)/embitz/1.11/share/em_armgcc/bin/../lib/gcc/arm-none-eabi/5.4.1/../../../../arm-none-eabi/lib/armv7e-m/fpu\libc_n.a(lib_a-snprintf.o) (_svfprintf_r)
c:/program files (x86)/embitz/1.11/share/em_armgcc/bin/../lib/gcc/arm-none-eabi/5.4.1/../../../../arm-none-eabi/lib/armv7e-m/fpu\libc_n.a(lib_a-nano-vfprintf_i.o)
                              c:/program files (x86)/embitz/1.11/share/em_armgcc/bin/../lib/gcc/arm-none-eabi/5.4.1/../../../../arm-none-eabi/lib/armv7e-m/fpu\libc_n.a(lib_a-nano-svfprintf.o) (_printf_i)
c:/program files (x86)/embitz/1.11/share/em_armgcc/bin/../lib/gcc/arm-none-eabi/5.4.1/../../../../arm-none-eabi/lib/armv7e-m/fpu\libc_n.a(lib_a-memchr.o)
                              c:/program files (x86)/embitz/1.11/share/em_armgcc/bin/../lib/gcc/arm-none-eabi/5.4.1/../../../../arm-none-eabi/lib/armv7e-m/fpu\libc_n.a(lib_a-nano-svfprintf.o) (memchr)
c:/program files (x86)/embitz/1.11/share/em_armgcc/bin/../lib/gcc/arm-none-eabi/5.4.1/../../../../arm-none-eabi/lib/armv7e-m/fpu\libc_n.a(lib_a-nano-freer.o)
                              c:/program files (x86)/embitz/1.11/share/em_armgcc/bin/../lib/gcc/arm-none-eabi/5.4.1/../../../../arm-none-eabi/lib/armv7e-m/fpu\libc_n.a(lib_a-nano-svfprintf.o) (_free_r)
c:/program files (x86)/embitz/1.11/share/em_armgcc/bin/../lib/gcc/arm-none-eabi/5.4.1/../../../../arm-none-eabi/lib/armv7e-m/fpu\libc_n.a(lib_a-nano-mallocr.o)
                              c:/program files (x86)/embitz/1.11/share/em_armgcc/bin/../lib/gcc/arm-none-eabi/5.4.1/../../../../arm-none-eabi/lib/armv7e-m/fpu\libc_n.a(lib_a-nano-svfprintf.o) (_malloc_r)
c:/program files (x86)/embitz/1.11/share/em_armgcc/bin/../lib/gcc/arm-none-eabi/5.4.1/../../../../arm-none-eabi/lib/armv7e-m/fpu\libc_n.a(lib_a-nano-reallocr.o)
                              c:/program files (x86)/embitz/1.11/share/em_armgcc/bin/../lib/gcc/arm-none-eabi/5.4.1/../../../../arm-none-eabi/lib/armv7e-m/fpu\libc_n.a(lib_a-nano-svfprintf.o) (_realloc_r)
c:/program files (x86)/embitz/1.11/share/em_armgcc/bin/../lib/gcc/arm-none-eabi/5.4.1/../../../../arm-none-eabi/lib/armv7e-m/fpu\libc_n.a(lib_a-sbrkr.o)
[...]
Memory Configuration

Name             Origin             Length             Attributes
FLASH            0x0001f000         0x00061000         xr
RAM              0x20002558         0x0000daa8         xrw
*default*        0x00000000         0xffffffff

Linker script and memory map


.text           0x0001f000     0xc1c2
 *(.isr_vector)
 .isr_vector    0x0001f000      0x200 obj\release\~#\~#\source\nrf\sdk\nrf5_sdk_13.0.0\components\toolchain\gcc\gcc_startup_nrf52.o
                0x0001f000                __isr_vector
 *(.text*)
 .text.startup.main
                0x0001f200       0x44 obj\release\src\main.o
                0x0001f200                main
 .text.sd_ble_gap_disconnect
                0x0001f244        0x4 obj\release\src\pecpec_ble.o
 .text.sd_ble_gap_appearance_set
                0x0001f248        0x4 obj\release\src\pecpec_ble.o
 .text.sd_ble_gap_ppcp_set
                0x0001f24c        0x4 obj\release\src\pecpec_ble.o
 .text.sd_ble_gap_device_name_set
                0x0001f250        0x4 obj\release\src\pecpec_ble.o
 .text.sd_ble_gatts_rw_authorize_reply
                0x0001f254        0x4 obj\release\src\pecpec_ble.o
 .text.sd_ble_cfg_set
                0x0001f258        0x4 obj\release\src\pecpec_ble.o
 .text.sd_ble_user_mem_reply
                0x0001f25c        0x4 obj\release\src\pecpec_ble.o
 .text.sd_power_system_off
                0x0001f260        0x4 obj\release\src\pecpec_ble.o
 .text.fds_evt_handler
                0x0001f264        0x4 obj\release\src\pecpec_ble.o
 .text.conn_params_error_handler
                0x0001f268        0x4 obj\release\src\pecpec_ble.o
 .text.sys_evt_dispatch
                0x0001f26c       0x14 obj\release\src\pecpec_ble.o
 .text.ble_evt_dispatch
                0x0001f280       0xe4 obj\release\src\pecpec_ble.o
 .text.gatt_evt_handler
                0x0001f364       0x3c obj\release\src\pecpec_ble.o
 .text.on_conn_params_evt
                0x0001f3a0       0x24 obj\release\src\pecpec_ble.o
 .text.on_adv_evt
                0x0001f3c4       0x28 obj\release\src\pecpec_ble.o
 .text.pm_evt_handler
                0x0001f3ec       0x94 obj\release\src\pecpec_ble.o
 .text.ble_init
                0x0001f480      0x438 obj\release\src\pecpec_ble.o
                0x0001f480                ble_init
 .text.advertising_start
                0x0001f8b8       0x2c obj\release\src\pecpec_ble.o
                0x0001f8b8                advertising_start
 .text.sd_app_evt_wait
                0x0001f8e4        0x4 obj\release\src\pecpec_nrf52.o
 .text.sensor_contact_detected_timeout_handler
                0x0001f8e8       0x1c obj\release\src\pecpec_nrf52.o
 .text.heart_rate_meas_timeout_handler
                0x0001f904       0x64 obj\release\src\pecpec_nrf52.o
 .text.battery_level_meas_timeout_handler
                0x0001f968       0x3c obj\release\src\pecpec_nrf52.o
 .text.rr_interval_timeout_handler
                0x0001f9a4       0x80 obj\release\src\pecpec_nrf52.o
 .text.app_init
                0x0001fa24       0x68 obj\release\src\pecpec_nrf52.o
                0x0001fa24                app_init
 .text.power_manage
                0x0001fa8c       0x14 obj\release\src\pecpec_nrf52.o
                0x0001fa8c                power_manage
 .text.timers_init
                0x0001faa0       0x7c obj\release\src\pecpec_nrf52.o
                0x0001faa0                timers_init
 .text.application_timers_start
                0x0001fb1c       0x68 obj\release\src\pecpec_nrf52.o
                0x0001fb1c                application_timers_start
 .text.buttons_leds_init
                0x0001fb84        0x4 obj\release\src\pecpec_nrf52.o
                0x0001fb84                buttons_leds_init
 .text.log_init
                0x0001fb88       0x14 obj\release\src\pecpec_nrf52.o
                0x0001fb88                log_init
 .text.sd_ble_gap_adv_start
                0x0001fb9c        0x4 obj\release\~#\~#\source\nrf\sdk\nrf5_sdk_13.0.0\components\ble\ble_advertising\ble_advertising.o
 .text.ble_advertising_start.part.1
                0x0001fba0      0x244 obj\release\~#\~#\source\nrf\sdk\nrf5_sdk_13.0.0\components\ble\ble_advertising\ble_advertising.o
 .text.ble_advertising_conn_cfg_tag_set
                0x0001fde4        0xc obj\release\~#\~#\source\nrf\sdk\nrf5_sdk_13.0.0\components\ble\ble_advertising\ble_advertising.o
                0x0001fde4                ble_advertising_conn_cfg_tag_set
 .text.ble_advertising_init
                0x0001fdf0      0x184 obj\release\~#\~#\source\nrf\sdk\nrf5_sdk_13.0.0\components\ble\ble_advertising\ble_advertising.o
                0x0001fdf0                ble_advertising_init
 .text.ble_advertising_start
                0x0001ff74       0x40 obj\release\~#\~#\source\nrf\sdk\nrf5_sdk_13.0.0\components\ble\ble_advertising\ble_advertising.o
                0x0001ff74                ble_advertising_start
 .text.ble_advertising_on_ble_evt
                0x0001ffb4       0xc0 obj\release\~#\~#\source\nrf\sdk\nrf5_sdk_13.0.0\components\ble\ble_advertising\ble_advertising.o
                0x0001ffb4                ble_advertising_on_ble_evt
 .text.ble_advertising_on_sys_evt
                0x00020074       0x60 obj\release\~#\~#\source\nrf\sdk\nrf5_sdk_13.0.0\components\ble\ble_advertising\ble_advertising.o
                0x00020074                ble_advertising_on_sys_evt
 .text.sd_ble_gatts_service_add
                0x000200d4        0x4 obj\release\~#\~#\source\nrf\sdk\nrf5_sdk_13.0.0\components\ble\ble_services\ble_bas\ble_bas.o
 .text.sd_ble_gatts_characteristic_add
                0x000200d8        0x4 obj\release\~#\~#\source\nrf\sdk\nrf5_sdk_13.0.0\components\ble\ble_services\ble_bas\ble_bas.o
 .text.sd_ble_gatts_descriptor_add
                0x000200dc        0x4 obj\release\~#\~#\source\nrf\sdk\nrf5_sdk_13.0.0\components\ble\ble_services\ble_bas\ble_bas.o
 .text.sd_ble_gatts_value_set
                0x000200e0        0x4 obj\release\~#\~#\source\nrf\sdk\nrf5_sdk_13.0.0\components\ble\ble_services\ble_bas\ble_bas.o
 .text.sd_ble_gatts_hvx
                0x000200e4        0x4 obj\release\~#\~#\source\nrf\sdk\nrf5_sdk_13.0.0\components\ble\ble_services\ble_bas\ble_bas.o
 .text.ble_bas_on_ble_evt
                0x000200e8       0x5c obj\release\~#\~#\source\nrf\sdk\nrf5_sdk_13.0.0\components\ble\ble_services\ble_bas\ble_bas.o
                0x000200e8                ble_bas_on_ble_evt
 .text.ble_bas_init
                0x00020144      0x1a4 obj\release\~#\~#\source\nrf\sdk\nrf5_sdk_13.0.0\components\ble\ble_services\ble_bas\ble_bas.o
                0x00020144                ble_bas_init
 .text.ble_bas_battery_level_update
                0x000202e8       0x90 obj\release\~#\~#\source\nrf\sdk\nrf5_sdk_13.0.0\components\ble\ble_services\ble_bas\ble_bas.o
                0x000202e8                ble_bas_battery_level_update
 .text.sd_ble_gatts_service_add
                0x00020378        0x4 obj\release\~#\~#\source\nrf\sdk\nrf5_sdk_13.0.0\components\ble\ble_services\ble_dis\ble_dis.o
 .text.sd_ble_gatts_characteristic_add
                0x0002037c        0x4 obj\release\~#\~#\source\nrf\sdk\nrf5_sdk_13.0.0\components\ble\ble_services\ble_dis\ble_dis.o
 .text.char_add
                0x00020380       0xb8 obj\release\~#\~#\source\nrf\sdk\nrf5_sdk_13.0.0\components\ble\ble_services\ble_dis\ble_dis.o
 .text.ble_dis_init
                0x00020438      0x2cc obj\release\~#\~#\source\nrf\sdk\nrf5_sdk_13.0.0\components\ble\ble_services\ble_dis\ble_dis.o
                0x00020438                ble_dis_init
 .text.sd_ble_gatts_service_add
                0x00020704        0x4 obj\release\~#\~#\source\nrf\sdk\nrf5_sdk_13.0.0\components\ble\ble_services\ble_hrs\ble_hrs.o
 .text.sd_ble_gatts_characteristic_add
                0x00020708        0x4 obj\release\~#\~#\source\nrf\sdk\nrf5_sdk_13.0.0\components\ble\ble_services\ble_hrs\ble_hrs.o
 .text.sd_ble_gatts_hvx
                0x0002070c        0x4 obj\release\~#\~#\source\nrf\sdk\nrf5_sdk_13.0.0\components\ble\ble_services\ble_hrs\ble_hrs.o
 .text.ble_hrs_on_ble_evt
                0x00020710       0x54 obj\release\~#\~#\source\nrf\sdk\nrf5_sdk_13.0.0\components\ble\ble_services\ble_hrs\ble_hrs.o
                0x00020710                ble_hrs_on_ble_evt
 .text.ble_hrs_init
                0x00020764      0x25c obj\release\~#\~#\source\nrf\sdk\nrf5_sdk_13.0.0\components\ble\ble_services\ble_hrs\ble_hrs.o
                0x00020764                ble_hrs_init
 .text.ble_hrs_heart_rate_measurement_send
                0x000209c0      0x128 obj\release\~#\~#\source\nrf\sdk\nrf5_sdk_13.0.0\components\ble\ble_services\ble_hrs\ble_hrs.o
                0x000209c0                ble_hrs_heart_rate_measurement_send
 .text.ble_hrs_rr_interval_add
                0x00020ae8       0x30 obj\release\~#\~#\source\nrf\sdk\nrf5_sdk_13.0.0\components\ble\ble_services\ble_hrs\ble_hrs.o
                0x00020ae8                ble_hrs_rr_interval_add
 .text.ble_hrs_sensor_contact_detected_update
                0x00020b18        0x8 obj\release\~#\~#\source\nrf\sdk\nrf5_sdk_13.0.0\components\ble\ble_services\ble_hrs\ble_hrs.o
                0x00020b18                ble_hrs_sensor_contact_detected_update
 .text.ble_hrs_on_gatt_evt
                0x00020b20       0x20 obj\release\~#\~#\source\nrf\sdk\nrf5_sdk_13.0.0\components\ble\ble_services\ble_hrs\ble_hrs.o
                0x00020b20                ble_hrs_on_gatt_evt
 .text.sd_ble_gap_addr_get
                0x00020b40        0x4 obj\release\~#\~#\source\nrf\sdk\nrf5_sdk_13.0.0\components\ble\common\ble_advdata.o
 .text.sd_ble_gap_adv_data_set
                0x00020b44        0x4 obj\release\~#\~#\source\nrf\sdk\nrf5_sdk_13.0.0\components\ble\common\ble_advdata.o
 .text.sd_ble_gap_appearance_get
                0x00020b48        0x4 obj\release\~#\~#\source\nrf\sdk\nrf5_sdk_13.0.0\components\ble\common\ble_advdata.o
 .text.sd_ble_gap_device_name_get
                0x00020b4c        0x4 obj\release\~#\~#\source\nrf\sdk\nrf5_sdk_13.0.0\components\ble\common\ble_advdata.o
 .text.sd_ble_uuid_encode
                0x00020b50        0x4 obj\release\~#\~#\source\nrf\sdk\nrf5_sdk_13.0.0\components\ble\common\ble_advdata.o
 .text.uuid_list_sized_encode
                0x00020b54       0xb8 obj\release\~#\~#\source\nrf\sdk\nrf5_sdk_13.0.0\components\ble\common\ble_advdata.o
 .text.adv_data_encode
                0x00020c0c      0x3f8 obj\release\~#\~#\source\nrf\sdk\nrf5_sdk_13.0.0\components\ble\common\ble_advdata.o
                0x00020c0c                adv_data_encode
 .text.ble_advdata_set
                0x00021004      0x4dc obj\release\~#\~#\source\nrf\sdk\nrf5_sdk_13.0.0\components\ble\common\ble_advdata.o
                0x00021004                ble_advdata_set
 .text.sd_ble_gap_conn_param_update
                0x000214e0        0x4 obj\release\~#\~#\source\nrf\sdk\nrf5_sdk_13.0.0\components\ble\common\ble_conn_params.o
 .text.sd_ble_gap_disconnect
                0x000214e4        0x4 obj\release\~#\~#\source\nrf\sdk\nrf5_sdk_13.0.0\components\ble\common\ble_conn_params.o
 .text.sd_ble_gap_ppcp_set
                0x000214e8        0x4 obj\release\~#\~#\source\nrf\sdk\nrf5_sdk_13.0.0\components\ble\common\ble_conn_params.o
 .text.sd_ble_gap_ppcp_get
                0x000214ec        0x4 obj\release\~#\~#\source\nrf\sdk\nrf5_sdk_13.0.0\components\ble\common\ble_conn_params.o
 .text.update_timeout_handler
                0x000214f0       0x74 obj\release\~#\~#\source\nrf\sdk\nrf5_sdk_13.0.0\components\ble\common\ble_conn_params.o
 .text.conn_params_negotiation
                0x00021564       0x94 obj\release\~#\~#\source\nrf\sdk\nrf5_sdk_13.0.0\components\ble\common\ble_conn_params.o
 .text.ble_conn_params_init
                0x000215f8       0x74 obj\release\~#\~#\source\nrf\sdk\nrf5_sdk_13.0.0\components\ble\common\ble_conn_params.o
                0x000215f8                ble_conn_params_init
 .text.ble_conn_params_on_ble_evt
                0x0002166c       0xb8 obj\release\~#\~#\source\nrf\sdk\nrf5_sdk_13.0.0\components\ble\common\ble_conn_params.o
                0x0002166c                ble_conn_params_on_ble_evt
 .text.ble_conn_state_on_ble_evt
                0x00021724      0x11c obj\release\~#\~#\source\nrf\sdk\nrf5_sdk_13.0.0\components\ble\common\ble_conn_state.o
                0x00021724                ble_conn_state_on_ble_evt
 .text.ble_conn_state_role
                0x00021840       0x2c obj\release\~#\~#\source\nrf\sdk\nrf5_sdk_13.0.0\components\ble\common\ble_conn_state.o
                0x00021840                ble_conn_state_role
 .text.ble_conn_state_encrypted
                0x0002186c       0x10 obj\release\~#\~#\source\nrf\sdk\nrf5_sdk_13.0.0\components\ble\common\ble_conn_state.o
                0x0002186c                ble_conn_state_encrypted
 .text.ble_conn_state_mitm_protected
                0x0002187c       0x10 obj\release\~#\~#\source\nrf\sdk\nrf5_sdk_13.0.0\components\ble\common\ble_conn_state.o
                0x0002187c                ble_conn_state_mitm_protected
 .text.ble_conn_state_conn_handles
                0x0002188c       0x18 obj\release\~#\~#\source\nrf\sdk\nrf5_sdk_13.0.0\components\ble\common\ble_conn_state.o
                0x0002188c                ble_conn_state_conn_handles
 .text.ble_conn_state_user_flag_acquire
                0x000218a4       0x30 obj\release\~#\~#\source\nrf\sdk\nrf5_sdk_13.0.0\components\ble\common\ble_conn_state.o
                0x000218a4                ble_conn_state_user_flag_acquire
 .text.ble_conn_state_user_flag_get
                0x000218d4       0x28 obj\release\~#\~#\source\nrf\sdk\nrf5_sdk_13.0.0\components\ble\common\ble_conn_state.o
                0x000218d4                ble_conn_state_user_flag_get
 .text.ble_conn_state_user_flag_set
                0x000218fc       0x28 obj\release\~#\~#\source\nrf\sdk\nrf5_sdk_13.0.0\components\ble\common\ble_conn_state.o
                0x000218fc                ble_conn_state_user_flag_set
 .text.ble_conn_state_user_flag_collection
                0x00021924       0x24 obj\release\~#\~#\source\nrf\sdk\nrf5_sdk_13.0.0\components\ble\common\ble_conn_state.o
                0x00021924                ble_conn_state_user_flag_collection
 .text.ble_srv_is_notification_enabled
                0x00021948        0x8 obj\release\~#\~#\source\nrf\sdk\nrf5_sdk_13.0.0\components\ble\common\ble_srv_common.o
                0x00021948                ble_srv_is_notification_enabled
 .text.ble_srv_report_ref_encode
                0x00021950        0xc obj\release\~#\~#\source\nrf\sdk\nrf5_sdk_13.0.0\components\ble\common\ble_srv_common.o
                0x00021950                ble_srv_report_ref_encode
 .text.ble_srv_ascii_to_utf8
                0x0002195c       0x14 obj\release\~#\~#\source\nrf\sdk\nrf5_sdk_13.0.0\components\ble\common\ble_srv_common.o
                0x0002195c                ble_srv_ascii_to_utf8
 .text.sd_ble_gap_data_length_update
                0x00021970        0x4 obj\release\~#\~#\source\nrf\sdk\nrf5_sdk_13.0.0\components\ble\nrf_ble_gatt\nrf_ble_gatt.o
 .text.sd_ble_gattc_exchange_mtu_request
                0x00021974        0x4 obj\release\~#\~#\source\nrf\sdk\nrf5_sdk_13.0.0\components\ble\nrf_ble_gatt\nrf_ble_gatt.o
 .text.sd_ble_gatts_exchange_mtu_reply
                0x00021978        0x4 obj\release\~#\~#\source\nrf\sdk\nrf5_sdk_13.0.0\components\ble\nrf_ble_gatt\nrf_ble_gatt.o
 .text.nrf_ble_gatt_init
                0x0002197c       0x2c obj\release\~#\~#\source\nrf\sdk\nrf5_sdk_13.0.0\components\ble\nrf_ble_gatt\nrf_ble_gatt.o
                0x0002197c                nrf_ble_gatt_init
 .text.nrf_ble_gatt_on_ble_evt
                0x000219a8      0x1e4 obj\release\~#\~#\source\nrf\sdk\nrf5_sdk_13.0.0\components\ble\nrf_ble_gatt\nrf_ble_gatt.o
                0x000219a8                nrf_ble_gatt_on_ble_evt
 .text.local_db_update_in_evt
                0x00021b8c       0x9c obj\release\~#\~#\source\nrf\sdk\nrf5_sdk_13.0.0\components\ble\peer_manager\gatt_cache_manager.o
 .text.local_db_apply_in_evt.part.1
                0x00021c28       0x94 obj\release\~#\~#\source\nrf\sdk\nrf5_sdk_13.0.0\components\ble\peer_manager\gatt_cache_manager.o
 .text.service_changed_pending_flags_check.part.2
                0x00021cbc      0x110 obj\release\~#\~#\source\nrf\sdk\nrf5_sdk_13.0.0\components\ble\peer_manager\gatt_cache_manager.o
 .text.gcm_gscm_evt_handler
                0x00021dcc       0x80 obj\release\~#\~#\source\nrf\sdk\nrf5_sdk_13.0.0\components\ble\peer_manager\gatt_cache_manager.o
                0x00021dcc                gcm_gscm_evt_handler
 .text.gcm_im_evt_handler
                0x00021e4c       0xa8 obj\release\~#\~#\source\nrf\sdk\nrf5_sdk_13.0.0\components\ble\peer_manager\gatt_cache_manager.o
                0x00021e4c                gcm_im_evt_handler
 .text.gcm_smd_evt_handler
                0x00021ef4       0xb0 obj\release\~#\~#\source\nrf\sdk\nrf5_sdk_13.0.0\components\ble\peer_manager\gatt_cache_manager.o
                0x00021ef4                gcm_smd_evt_handler
 .text.gcm_init
                0x00021fa4       0x54 obj\release\~#\~#\source\nrf\sdk\nrf5_sdk_13.0.0\components\ble\peer_manager\gatt_cache_manager.o
                0x00021fa4                gcm_init
 .text.gcm_ble_evt_handler
                0x00021ff8      0x128 obj\release\~#\~#\source\nrf\sdk\nrf5_sdk_13.0.0\components\ble\peer_manager\gatt_cache_manager.o
                0x00021ff8                gcm_ble_evt_handler
 .text.gcm_local_database_has_changed
                0x00022120       0x70 obj\release\~#\~#\source\nrf\sdk\nrf5_sdk_13.0.0\components\ble\peer_manager\gatt_cache_manager.o
                0x00022120                gcm_local_database_has_changed
 .text.sd_ble_gatts_service_changed
                0x00022190        0x4 obj\release\~#\~#\source\nrf\sdk\nrf5_sdk_13.0.0\components\ble\peer_manager\gatts_cache_manager.o
 .text.sd_ble_gatts_sys_attr_set
                0x00022194        0x4 obj\release\~#\~#\source\nrf\sdk\nrf5_sdk_13.0.0\components\ble\peer_manager\gatts_cache_manager.o
 .text.sd_ble_gatts_sys_attr_get
                0x00022198        0x4 obj\release\~#\~#\source\nrf\sdk\nrf5_sdk_13.0.0\components\ble\peer_manager\gatts_cache_manager.o
 .text.gscm_pdb_evt_handler
                0x0002219c       0x88 obj\release\~#\~#\source\nrf\sdk\nrf5_sdk_13.0.0\components\ble\peer_manager\gatts_cache_manager.o
                0x0002219c                gscm_pdb_evt_handler
 .text.gscm_init
                0x00022224       0x10 obj\release\~#\~#\source\nrf\sdk\nrf5_sdk_13.0.0\components\ble\peer_manager\gatts_cache_manager.o
                0x00022224                gscm_init
 .text.gscm_local_db_cache_update
                0x00022234       0x90 obj\release\~#\~#\source\nrf\sdk\nrf5_sdk_13.0.0\components\ble\peer_manager\gatts_cache_manager.o
                0x00022234                gscm_local_db_cache_update
 .text.gscm_local_db_cache_apply
                0x000222c4       0x84 obj\release\~#\~#\source\nrf\sdk\nrf5_sdk_13.0.0\components\ble\peer_manager\gatts_cache_manager.o
                0x000222c4                gscm_local_db_cache_apply
 .text.gscm_local_database_has_changed
                0x00022348       0x5c obj\release\~#\~#\source\nrf\sdk\nrf5_sdk_13.0.0\components\ble\peer_manager\gatts_cache_manager.o
                0x00022348                gscm_local_database_has_changed
 .text.gscm_service_changed_ind_needed
                0x000223a4       0x24 obj\release\~#\~#\source\nrf\sdk\nrf5_sdk_13.0.0\components\ble\peer_manager\gatts_cache_manager.o
                0x000223a4                gscm_service_changed_ind_needed
 .text.gscm_service_changed_ind_send
                0x000223c8       0x2c obj\release\~#\~#\source\nrf\sdk\nrf5_sdk_13.0.0\components\ble\peer_manager\gatts_cache_manager.o
                0x000223c8                gscm_service_changed_ind_send
 .text.gscm_db_change_notification_done
                0x000223f4       0x24 obj\release\~#\~#\source\nrf\sdk\nrf5_sdk_13.0.0\components\ble\peer_manager\gatts_cache_manager.o
                0x000223f4                gscm_db_change_notification_done
 .text.sd_ecb_block_encrypt
                0x00022418        0x4 obj\release\~#\~#\source\nrf\sdk\nrf5_sdk_13.0.0\components\ble\peer_manager\id_manager.o
 .text.im_ble_evt_handler
                0x0002241c      0x270 obj\release\~#\~#\source\nrf\sdk\nrf5_sdk_13.0.0\components\ble\peer_manager\id_manager.o
                0x0002241c                im_ble_evt_handler
 .text.im_pdb_evt_handler
                0x0002268c      0x114 obj\release\~#\~#\source\nrf\sdk\nrf5_sdk_13.0.0\components\ble\peer_manager\id_manager.o
                0x0002268c                im_pdb_evt_handler
 .text.im_init  0x000227a0       0x34 obj\release\~#\~#\source\nrf\sdk\nrf5_sdk_13.0.0\components\ble\peer_manager\id_manager.o
                0x000227a0                im_init
 .text.im_peer_id_get_by_conn_handle
                0x000227d4       0x40 obj\release\~#\~#\source\nrf\sdk\nrf5_sdk_13.0.0\components\ble\peer_manager\id_manager.o
                0x000227d4                im_peer_id_get_by_conn_handle
 .text.im_ble_addr_get
                0x00022814       0x54 obj\release\~#\~#\source\nrf\sdk\nrf5_sdk_13.0.0\components\ble\peer_manager\id_manager.o
                0x00022814                im_ble_addr_get
 .text.im_master_ids_compare
                0x00022868       0x48 obj\release\~#\~#\source\nrf\sdk\nrf5_sdk_13.0.0\components\ble\peer_manager\id_manager.o
                0x00022868                im_master_ids_compare
 .text.im_peer_id_get_by_master_id
                0x000228b0       0xe0 obj\release\~#\~#\source\nrf\sdk\nrf5_sdk_13.0.0\components\ble\peer_manager\id_manager.o
                0x000228b0                im_peer_id_get_by_master_id
 .text.im_conn_handle_get
                0x00022990       0x34 obj\release\~#\~#\source\nrf\sdk\nrf5_sdk_13.0.0\components\ble\peer_manager\id_manager.o
                0x00022990                im_conn_handle_get
 .text.im_master_id_is_valid
                0x000229c4       0x30 obj\release\~#\~#\source\nrf\sdk\nrf5_sdk_13.0.0\components\ble\peer_manager\id_manager.o
                0x000229c4                im_master_id_is_valid
 .text.im_new_peer_id
                0x000229f4       0x3c obj\release\~#\~#\source\nrf\sdk\nrf5_sdk_13.0.0\components\ble\peer_manager\id_manager.o
                0x000229f4                im_new_peer_id
 .text.im_peer_free
                0x00022a30       0x7c obj\release\~#\~#\source\nrf\sdk\nrf5_sdk_13.0.0\components\ble\peer_manager\id_manager.o
                0x00022a30                im_peer_free
 .text.peer_data_delete
                0x00022aac       0x90 obj\release\~#\~#\source\nrf\sdk\nrf5_sdk_13.0.0\components\ble\peer_manager\peer_data_storage.o
 .text.fds_evt_handler
                0x00022b3c      0x12c obj\release\~#\~#\source\nrf\sdk\nrf5_sdk_13.0.0\components\ble\peer_manager\peer_data_storage.o
 .text.pds_init
                0x00022c68       0x68 obj\release\~#\~#\source\nrf\sdk\nrf5_sdk_13.0.0\components\ble\peer_manager\peer_data_storage.o
                0x00022c68                pds_init
 .text.pds_peer_data_read
                0x00022cd0       0x84 obj\release\~#\~#\source\nrf\sdk\nrf5_sdk_13.0.0\components\ble\peer_manager\peer_data_storage.o
                0x00022cd0                pds_peer_data_read
 .text.pds_peer_data_iterate_prepare
                0x00022d54       0x10 obj\release\~#\~#\source\nrf\sdk\nrf5_sdk_13.0.0\components\ble\peer_manager\peer_data_storage.o
                0x00022d54                pds_peer_data_iterate_prepare
 .text.pds_peer_data_iterate
                0x00022d64       0x50 obj\release\~#\~#\source\nrf\sdk\nrf5_sdk_13.0.0\components\ble\peer_manager\peer_data_storage.o
                0x00022d64                pds_peer_data_iterate
 .text.pds_space_reserve
                0x00022db4       0x34 obj\release\~#\~#\source\nrf\sdk\nrf5_sdk_13.0.0\components\ble\peer_manager\peer_data_storage.o
                0x00022db4                pds_space_reserve
 .text.pds_space_reserve_cancel
                0x00022de8       0x20 obj\release\~#\~#\source\nrf\sdk\nrf5_sdk_13.0.0\components\ble\peer_manager\peer_data_storage.o
                0x00022de8                pds_space_reserve_cancel
 .text.pds_peer_data_store
                0x00022e08       0xc0 obj\release\~#\~#\source\nrf\sdk\nrf5_sdk_13.0.0\components\ble\peer_manager\peer_data_storage.o
                0x00022e08                pds_peer_data_store
 .text.pds_peer_id_allocate
                0x00022ec8        0x8 obj\release\~#\~#\source\nrf\sdk\nrf5_sdk_13.0.0\components\ble\peer_manager\peer_data_storage.o
                0x00022ec8                pds_peer_id_allocate
 .text.pds_peer_id_free
                0x00022ed0       0x18 obj\release\~#\~#\source\nrf\sdk\nrf5_sdk_13.0.0\components\ble\peer_manager\peer_data_storage.o
                0x00022ed0                pds_peer_id_free
 .text.pds_peer_id_is_allocated
                0x00022ee8        0x4 obj\release\~#\~#\source\nrf\sdk\nrf5_sdk_13.0.0\components\ble\peer_manager\peer_data_storage.o
                0x00022ee8                pds_peer_id_is_allocated
 .text.pds_next_peer_id_get
                0x00022eec        0x4 obj\release\~#\~#\source\nrf\sdk\nrf5_sdk_13.0.0\components\ble\peer_manager\peer_data_storage.o
                0x00022eec                pds_next_peer_id_get
 .text.pds_next_deleted_peer_id_get
                0x00022ef0        0x4 obj\release\~#\~#\source\nrf\sdk\nrf5_sdk_13.0.0\components\ble\peer_manager\peer_data_storage.o
                0x00022ef0                pds_next_deleted_peer_id_get
 .text.pdb_write_buf_store.part.2
                0x00022ef4      0x31c obj\release\~#\~#\source\nrf\sdk\nrf5_sdk_13.0.0\components\ble\peer_manager\peer_database.o
 .text.pdb_pds_evt_handler
                0x00023210      0x500 obj\release\~#\~#\source\nrf\sdk\nrf5_sdk_13.0.0\components\ble\peer_manager\peer_database.o
                0x00023210                pdb_pds_evt_handler
 .text.pdb_init
                0x00023710      0x150 obj\release\~#\~#\source\nrf\sdk\nrf5_sdk_13.0.0\components\ble\peer_manager\peer_database.o
                0x00023710                pdb_init
 .text.pdb_peer_allocate
                0x00023860        0x4 obj\release\~#\~#\source\nrf\sdk\nrf5_sdk_13.0.0\components\ble\peer_manager\peer_database.o
                0x00023860                pdb_peer_allocate
 .text.pdb_peer_free
                0x00023864      0x3f4 obj\release\~#\~#\source\nrf\sdk\nrf5_sdk_13.0.0\components\ble\peer_manager\peer_database.o
                0x00023864                pdb_peer_free
 .text.pdb_peer_data_ptr_get
                0x00023c58        0x8 obj\release\~#\~#\source\nrf\sdk\nrf5_sdk_13.0.0\components\ble\peer_manager\peer_database.o
                0x00023c58                pdb_peer_data_ptr_get
 .text.pdb_write_buf_get
                0x00023c60      0x540 obj\release\~#\~#\source\nrf\sdk\nrf5_sdk_13.0.0\components\ble\peer_manager\peer_database.o
                0x00023c60                pdb_write_buf_get
 .text.pdb_write_buf_release
                0x000241a0      0x284 obj\release\~#\~#\source\nrf\sdk\nrf5_sdk_13.0.0\components\ble\peer_manager\peer_database.o
                0x000241a0                pdb_write_buf_release
 .text.pdb_write_buf_store_prepare
                0x00024424      0x288 obj\release\~#\~#\source\nrf\sdk\nrf5_sdk_13.0.0\components\ble\peer_manager\peer_database.o
                0x00024424                pdb_write_buf_store_prepare
 .text.pdb_write_buf_store
                0x000246ac       0x10 obj\release\~#\~#\source\nrf\sdk\nrf5_sdk_13.0.0\components\ble\peer_manager\peer_database.o
                0x000246ac                pdb_write_buf_store
 .text.pdb_next_peer_id_get
                0x000246bc        0x4 obj\release\~#\~#\source\nrf\sdk\nrf5_sdk_13.0.0\components\ble\peer_manager\peer_database.o
                0x000246bc                pdb_next_peer_id_get
 .text.pdb_next_deleted_peer_id_get
                0x000246c0        0x4 obj\release\~#\~#\source\nrf\sdk\nrf5_sdk_13.0.0\components\ble\peer_manager\peer_database.o
                0x000246c0                pdb_next_deleted_peer_id_get
 .text.pdb_raw_store
                0x000246c4        0x8 obj\release\~#\~#\source\nrf\sdk\nrf5_sdk_13.0.0\components\ble\peer_manager\peer_database.o
                0x000246c4                pdb_raw_store
 .text.peer_id_init
                0x000246cc       0x2c obj\release\~#\~#\source\nrf\sdk\nrf5_sdk_13.0.0\components\ble\peer_manager\peer_id.o
                0x000246cc                peer_id_init
 .text.peer_id_allocate
                0x000246f8       0x40 obj\release\~#\~#\source\nrf\sdk\nrf5_sdk_13.0.0\components\ble\peer_manager\peer_id.o
                0x000246f8                peer_id_allocate
 .text.peer_id_delete
                0x00024738       0x28 obj\release\~#\~#\source\nrf\sdk\nrf5_sdk_13.0.0\components\ble\peer_manager\peer_id.o
                0x00024738                peer_id_delete
 .text.peer_id_free
                0x00024760       0x28 obj\release\~#\~#\source\nrf\sdk\nrf5_sdk_13.0.0\components\ble\peer_manager\peer_id.o
                0x00024760                peer_id_free
 .text.peer_id_is_allocated
                0x00024788       0x14 obj\release\~#\~#\source\nrf\sdk\nrf5_sdk_13.0.0\components\ble\peer_manager\peer_id.o
                0x00024788                peer_id_is_allocated
 .text.peer_id_get_next_used
                0x0002479c       0x68 obj\release\~#\~#\source\nrf\sdk\nrf5_sdk_13.0.0\components\ble\peer_manager\peer_id.o
                0x0002479c                peer_id_get_next_used
 .text.peer_id_get_next_deleted
                0x00024804       0x3c obj\release\~#\~#\source\nrf\sdk\nrf5_sdk_13.0.0\components\ble\peer_manager\peer_id.o
                0x00024804                peer_id_get_next_deleted
 .text.pm_pdb_evt_handler
                0x00024840      0x228 obj\release\~#\~#\source\nrf\sdk\nrf5_sdk_13.0.0\components\ble\peer_manager\peer_manager.o
                0x00024840                pm_pdb_evt_handler
 .text.pm_sm_evt_handler
                0x00024a68      0x1bc obj\release\~#\~#\source\nrf\sdk\nrf5_sdk_13.0.0\components\ble\peer_manager\peer_manager.o
                0x00024a68                pm_sm_evt_handler
 .text.pm_gcm_evt_handler
                0x00024c24       0xb8 obj\release\~#\~#\source\nrf\sdk\nrf5_sdk_13.0.0\components\ble\peer_manager\peer_manager.o
                0x00024c24                pm_gcm_evt_handler
 .text.pm_im_evt_handler
                0x00024cdc       0x74 obj\release\~#\~#\source\nrf\sdk\nrf5_sdk_13.0.0\components\ble\peer_manager\peer_manager.o
                0x00024cdc                pm_im_evt_handler
 .text.pm_on_ble_evt
                0x00024d50       0x24 obj\release\~#\~#\source\nrf\sdk\nrf5_sdk_13.0.0\components\ble\peer_manager\peer_manager.o
                0x00024d50                pm_on_ble_evt
 .text.pm_init  0x00024d74       0x90 obj\release\~#\~#\source\nrf\sdk\nrf5_sdk_13.0.0\components\ble\peer_manager\peer_manager.o
                0x00024d74                pm_init
 .text.pm_register
                0x00024e04       0x38 obj\release\~#\~#\source\nrf\sdk\nrf5_sdk_13.0.0\components\ble\peer_manager\peer_manager.o
                0x00024e04                pm_register
 .text.pm_sec_params_set
                0x00024e3c       0x14 obj\release\~#\~#\source\nrf\sdk\nrf5_sdk_13.0.0\components\ble\peer_manager\peer_manager.o
                0x00024e3c                pm_sec_params_set
 .text.pm_conn_sec_config_reply
                0x00024e50        0x4 obj\release\~#\~#\source\nrf\sdk\nrf5_sdk_13.0.0\components\ble\peer_manager\peer_manager.o
                0x00024e50                pm_conn_sec_config_reply
 .text.pm_local_database_has_changed
                0x00024e54       0x10 obj\release\~#\~#\source\nrf\sdk\nrf5_sdk_13.0.0\components\ble\peer_manager\peer_manager.o
                0x00024e54                pm_local_database_has_changed
 .text.pm_peers_delete
                0x00024e64       0xa8 obj\release\~#\~#\source\nrf\sdk\nrf5_sdk_13.0.0\components\ble\peer_manager\peer_manager.o
                0x00024e64                pm_peers_delete
 .text.pm_buffer_init
                0x00024f0c       0x54 obj\release\~#\~#\source\nrf\sdk\nrf5_sdk_13.0.0\components\ble\peer_manager\pm_buffer.o
                0x00024f0c                pm_buffer_init
 .text.pm_buffer_block_acquire
                0x00024f60       0x98 obj\release\~#\~#\source\nrf\sdk\nrf5_sdk_13.0.0\components\ble\peer_manager\pm_buffer.o
                0x00024f60                pm_buffer_block_acquire
 .text.pm_buffer_ptr_get
                0x00024ff8       0x30 obj\release\~#\~#\source\nrf\sdk\nrf5_sdk_13.0.0\components\ble\peer_manager\pm_buffer.o
                0x00024ff8                pm_buffer_ptr_get
 .text.pm_buffer_release
                0x00025028       0x30 obj\release\~#\~#\source\nrf\sdk\nrf5_sdk_13.0.0\components\ble\peer_manager\pm_buffer.o
                0x00025028                pm_buffer_release
 .text.pm_mutex_init
                0x00025058       0x10 obj\release\~#\~#\source\nrf\sdk\nrf5_sdk_13.0.0\components\ble\peer_manager\pm_mutex.o
                0x00025058                pm_mutex_init
 .text.pm_mutex_lock
                0x00025068       0x54 obj\release\~#\~#\source\nrf\sdk\nrf5_sdk_13.0.0\components\ble\peer_manager\pm_mutex.o
                0x00025068                pm_mutex_lock
 .text.pm_mutex_unlock
                0x000250bc       0x40 obj\release\~#\~#\source\nrf\sdk\nrf5_sdk_13.0.0\components\ble\peer_manager\pm_mutex.o
                0x000250bc                pm_mutex_unlock
 .text.pm_mutex_lock_first_available
                0x000250fc       0x74 obj\release\~#\~#\source\nrf\sdk\nrf5_sdk_13.0.0\components\ble\peer_manager\pm_mutex.o
                0x000250fc                pm_mutex_lock_first_available
 .text.pm_mutex_lock_status_get
                0x00025170       0x20 obj\release\~#\~#\source\nrf\sdk\nrf5_sdk_13.0.0\components\ble\peer_manager\pm_mutex.o
                0x00025170                pm_mutex_lock_status_get
 .text.sd_ble_gap_authenticate
                0x00025190        0x4 obj\release\~#\~#\source\nrf\sdk\nrf5_sdk_13.0.0\components\ble\peer_manager\security_dispatcher.o
 .text.sd_ble_gap_sec_params_reply
                0x00025194        0x4 obj\release\~#\~#\source\nrf\sdk\nrf5_sdk_13.0.0\components\ble\peer_manager\security_dispatcher.o
 .text.sd_ble_gap_encrypt
                0x00025198        0x4 obj\release\~#\~#\source\nrf\sdk\nrf5_sdk_13.0.0\components\ble\peer_manager\security_dispatcher.o
 .text.sd_ble_gap_sec_info_reply
                0x0002519c        0x4 obj\release\~#\~#\source\nrf\sdk\nrf5_sdk_13.0.0\components\ble\peer_manager\security_dispatcher.o
 .text.pairing_failure
                0x000251a0       0x80 obj\release\~#\~#\source\nrf\sdk\nrf5_sdk_13.0.0\components\ble\peer_manager\security_dispatcher.o
 .text.smd_pdb_evt_handler
                0x00025220       0x3c obj\release\~#\~#\source\nrf\sdk\nrf5_sdk_13.0.0\components\ble\peer_manager\security_dispatcher.o
                0x00025220                smd_pdb_evt_handler
 .text.smd_init
                0x0002525c       0x60 obj\release\~#\~#\source\nrf\sdk\nrf5_sdk_13.0.0\components\ble\peer_manager\security_dispatcher.o
                0x0002525c                smd_init
 .text.smd_params_reply
                0x000252bc      0x1d8 obj\release\~#\~#\source\nrf\sdk\nrf5_sdk_13.0.0\components\ble\peer_manager\security_dispatcher.o
                0x000252bc                smd_params_reply
 .text.smd_link_secure
                0x00025494      0x254 obj\release\~#\~#\source\nrf\sdk\nrf5_sdk_13.0.0\components\ble\peer_manager\security_dispatcher.o
                0x00025494                smd_link_secure
 .text.smd_ble_evt_handler
                0x000256e8      0x3b8 obj\release\~#\~#\source\nrf\sdk\nrf5_sdk_13.0.0\components\ble\peer_manager\security_dispatcher.o
                0x000256e8                smd_ble_evt_handler
 .text.link_secure.part.1
                0x00025aa0      0x148 obj\release\~#\~#\source\nrf\sdk\nrf5_sdk_13.0.0\components\ble\peer_manager\security_manager.o
 .text.smd_params_reply_perform
                0x00025be8      0x178 obj\release\~#\~#\source\nrf\sdk\nrf5_sdk_13.0.0\components\ble\peer_manager\security_manager.o
 .text.sm_smd_evt_handler
                0x00025d60       0x80 obj\release\~#\~#\source\nrf\sdk\nrf5_sdk_13.0.0\components\ble\peer_manager\security_manager.o
                0x00025d60                sm_smd_evt_handler
 .text.sm_pdb_evt_handler
                0x00025de0      0x1a4 obj\release\~#\~#\source\nrf\sdk\nrf5_sdk_13.0.0\components\ble\peer_manager\security_manager.o
                0x00025de0                sm_pdb_evt_handler
 .text.sm_init  0x00025f84       0xbc obj\release\~#\~#\source\nrf\sdk\nrf5_sdk_13.0.0\components\ble\peer_manager\security_manager.o
                0x00025f84                sm_init
 .text.sm_ble_evt_handler
                0x00026040       0x90 obj\release\~#\~#\source\nrf\sdk\nrf5_sdk_13.0.0\components\ble\peer_manager\security_manager.o
                0x00026040                sm_ble_evt_handler
 .text.sm_sec_params_set
                0x000260d0       0x74 obj\release\~#\~#\source\nrf\sdk\nrf5_sdk_13.0.0\components\ble\peer_manager\security_manager.o
                0x000260d0                sm_sec_params_set
 .text.sm_conn_sec_config_reply
                0x00026144       0x14 obj\release\~#\~#\source\nrf\sdk\nrf5_sdk_13.0.0\components\ble\peer_manager\security_manager.o
                0x00026144                sm_conn_sec_config_reply
 .text.POWER_CLOCK_IRQHandler
                0x00026158       0x78 obj\release\~#\~#\source\nrf\sdk\nrf5_sdk_13.0.0\components\drivers_nrf\clock\nrf_drv_clock.o
                0x00026158                POWER_CLOCK_IRQHandler
 .text.nrf_drv_clock_on_soc_event
                0x000261d0       0x20 obj\release\~#\~#\source\nrf\sdk\nrf5_sdk_13.0.0\components\drivers_nrf\clock\nrf_drv_clock.o
                0x000261d0                nrf_drv_clock_on_soc_event
 .text.nrf_drv_clock_on_sd_enable
                0x000261f0       0x64 obj\release\~#\~#\source\nrf\sdk\nrf5_sdk_13.0.0\components\drivers_nrf\clock\nrf_drv_clock.o
                0x000261f0                nrf_drv_clock_on_sd_enable
 .text.nrf_drv_common_irq_enable
                0x00026254       0x50 obj\release\~#\~#\source\nrf\sdk\nrf5_sdk_13.0.0\components\drivers_nrf\common\nrf_drv_common.o
                0x00026254                nrf_drv_common_irq_enable
 .text.GPIOTE_IRQHandler
                0x000262a4      0x4f4 obj\release\~#\~#\source\nrf\sdk\nrf5_sdk_13.0.0\components\drivers_nrf\gpiote\nrf_drv_gpiote.o
                0x000262a4                GPIOTE_IRQHandler
 .text.SPIM0_SPIS0_TWIM0_TWIS0_SPI0_TWI0_IRQHandler
                0x00026798      0x184 obj\release\~#\~#\source\nrf\sdk\nrf5_sdk_13.0.0\components\drivers_nrf\twi_master\nrf_drv_twi.o
                0x00026798                SPIM0_SPIS0_TWIM0_TWIS0_SPI0_TWI0_IRQHandler
 .text.UARTE0_UART0_IRQHandler
                0x0002691c      0x2fc obj\release\~#\~#\source\nrf\sdk\nrf5_sdk_13.0.0\components\drivers_nrf\uart\nrf_drv_uart.o
                0x0002691c                UARTE0_UART0_IRQHandler
 .text.gc_record_find_next
                0x00026c18       0xc0 obj\release\~#\~#\source\nrf\sdk\nrf5_sdk_13.0.0\components\libraries\fds\fds.o
 .text.record_find_by_desc
                0x00026cd8       0xd8 obj\release\~#\~#\source\nrf\sdk\nrf5_sdk_13.0.0\components\libraries\fds\fds.o
 .text.record_find.part.3
                0x00026db0       0xc0 obj\release\~#\~#\source\nrf\sdk\nrf5_sdk_13.0.0\components\libraries\fds\fds.o
 .text.queue_process
                0x00026e70      0x860 obj\release\~#\~#\source\nrf\sdk\nrf5_sdk_13.0.0\components\libraries\fds\fds.o
 .text.fs_event_handler
                0x000276d0        0x8 obj\release\~#\~#\source\nrf\sdk\nrf5_sdk_13.0.0\components\libraries\fds\fds.o
 .text.write_enqueue.part.7
                0x000276d8      0x1f4 obj\release\~#\~#\source\nrf\sdk\nrf5_sdk_13.0.0\components\libraries\fds\fds.o
 .text.fds_register
                0x000278cc       0x28 obj\release\~#\~#\source\nrf\sdk\nrf5_sdk_13.0.0\components\libraries\fds\fds.o
                0x000278cc                fds_register
 .text.fds_init
                0x000278f4      0x2e8 obj\release\~#\~#\source\nrf\sdk\nrf5_sdk_13.0.0\components\libraries\fds\fds.o
                0x000278f4                fds_init
 .text.fds_record_open
                0x00027bdc       0x48 obj\release\~#\~#\source\nrf\sdk\nrf5_sdk_13.0.0\components\libraries\fds\fds.o
                0x00027bdc                fds_record_open
 .text.fds_record_close
                0x00027c24       0x48 obj\release\~#\~#\source\nrf\sdk\nrf5_sdk_13.0.0\components\libraries\fds\fds.o
                0x00027c24                fds_record_close
 .text.fds_reserve
                0x00027c6c       0x84 obj\release\~#\~#\source\nrf\sdk\nrf5_sdk_13.0.0\components\libraries\fds\fds.o
                0x00027c6c                fds_reserve
 .text.fds_reserve_cancel
                0x00027cf0       0x54 obj\release\~#\~#\source\nrf\sdk\nrf5_sdk_13.0.0\components\libraries\fds\fds.o
                0x00027cf0                fds_reserve_cancel
 .text.fds_record_write
                0x00027d44       0x3c obj\release\~#\~#\source\nrf\sdk\nrf5_sdk_13.0.0\components\libraries\fds\fds.o
                0x00027d44                fds_record_write
 .text.fds_record_write_reserved
                0x00027d80       0x3c obj\release\~#\~#\source\nrf\sdk\nrf5_sdk_13.0.0\components\libraries\fds\fds.o
                0x00027d80                fds_record_write_reserved
 .text.fds_record_update
                0x00027dbc       0x40 obj\release\~#\~#\source\nrf\sdk\nrf5_sdk_13.0.0\components\libraries\fds\fds.o
                0x00027dbc                fds_record_update
 .text.fds_file_delete
                0x00027dfc       0x78 obj\release\~#\~#\source\nrf\sdk\nrf5_sdk_13.0.0\components\libraries\fds\fds.o
                0x00027dfc                fds_file_delete
 .text.fds_gc   0x00027e74       0x70 obj\release\~#\~#\source\nrf\sdk\nrf5_sdk_13.0.0\components\libraries\fds\fds.o
                0x00027e74                fds_gc
 .text.fds_record_find
                0x00027ee4       0x38 obj\release\~#\~#\source\nrf\sdk\nrf5_sdk_13.0.0\components\libraries\fds\fds.o
                0x00027ee4                fds_record_find
 .text.fds_record_find_by_key
                0x00027f1c       0x3c obj\release\~#\~#\source\nrf\sdk\nrf5_sdk_13.0.0\components\libraries\fds\fds.o
                0x00027f1c                fds_record_find_by_key
 .text.fds_record_find_in_file
                0x00027f58       0x3c obj\release\~#\~#\source\nrf\sdk\nrf5_sdk_13.0.0\components\libraries\fds\fds.o
                0x00027f58                fds_record_find_in_file
 .text.fds_record_id_from_desc
                0x00027f94       0x10 obj\release\~#\~#\source\nrf\sdk\nrf5_sdk_13.0.0\components\libraries\fds\fds.o
                0x00027f94                fds_record_id_from_desc
 .text.sd_flash_write
                0x00027fa4        0x4 obj\release\~#\~#\source\nrf\sdk\nrf5_sdk_13.0.0\components\libraries\fstorage\fstorage.o
 .text.sd_flash_page_erase
                0x00027fa8        0x4 obj\release\~#\~#\source\nrf\sdk\nrf5_sdk_13.0.0\components\libraries\fstorage\fstorage.o
 .text.unlikely.queue_get_next_free
                0x00027fac       0x38 obj\release\~#\~#\source\nrf\sdk\nrf5_sdk_13.0.0\components\libraries\fstorage\fstorage.o
 .text.queue_process
                0x00027fe4       0xcc obj\release\~#\~#\source\nrf\sdk\nrf5_sdk_13.0.0\components\libraries\fstorage\fstorage.o
 .text.fs_init  0x000280b0       0xb8 obj\release\~#\~#\source\nrf\sdk\nrf5_sdk_13.0.0\components\libraries\fstorage\fstorage.o
                0x000280b0                fs_init
 .text.fs_store
                0x00028168       0xb0 obj\release\~#\~#\source\nrf\sdk\nrf5_sdk_13.0.0\components\libraries\fstorage\fstorage.o
                0x00028168                fs_store
 .text.fs_erase
                0x00028218       0xa4 obj\release\~#\~#\source\nrf\sdk\nrf5_sdk_13.0.0\components\libraries\fstorage\fstorage.o
                0x00028218                fs_erase
 .text.fs_queued_op_count_get
                0x000282bc       0x14 obj\release\~#\~#\source\nrf\sdk\nrf5_sdk_13.0.0\components\libraries\fstorage\fstorage.o
                0x000282bc                fs_queued_op_count_get
 .text.fs_sys_event_handler
                0x000282d0      0x2bc obj\release\~#\~#\source\nrf\sdk\nrf5_sdk_13.0.0\components\libraries\fstorage\fstorage.o
                0x000282d0                fs_sys_event_handler
 .text.HardFault_process
                0x0002858c       0x24 obj\release\~#\~#\source\nrf\sdk\nrf5_sdk_13.0.0\components\libraries\hardfault\hardfault_implementation.o
                0x0002858c                HardFault_process
 .text.HardFault_c_handler
                0x000285b0       0x34 obj\release\~#\~#\source\nrf\sdk\nrf5_sdk_13.0.0\components\libraries\hardfault\hardfault_implementation.o
                0x000285b0                HardFault_c_handler
 .text.HardFault_Handler
                0x000285e4       0x34 obj\release\~#\~#\source\nrf\sdk\nrf5_sdk_13.0.0\components\libraries\hardfault\nrf52\handler\hardfault_handler_gcc.o
                0x000285e4                HardFault_Handler
 .text.nrf_log_backend_serial_std_handler
                0x00028618      0x194 obj\release\~#\~#\source\nrf\sdk\nrf5_sdk_13.0.0\components\libraries\log\src\nrf_log_backend_serial.o
 .text.nrf_log_backend_serial_hexdump_handler
                0x000287ac      0x260 obj\release\~#\~#\source\nrf\sdk\nrf5_sdk_13.0.0\components\libraries\log\src\nrf_log_backend_serial.o
 .text.nrf_log_backend_init
                0x00028a0c       0x28 obj\release\~#\~#\source\nrf\sdk\nrf5_sdk_13.0.0\components\libraries\log\src\nrf_log_backend_serial.o
                0x00028a0c                nrf_log_backend_init
 .text.nrf_log_backend_std_handler_get
                0x00028a34        0x8 obj\release\~#\~#\source\nrf\sdk\nrf5_sdk_13.0.0\components\libraries\log\src\nrf_log_backend_serial.o
                0x00028a34                nrf_log_backend_std_handler_get
 .text.nrf_log_backend_hexdump_handler_get
                0x00028a3c        0x8 obj\release\~#\~#\source\nrf\sdk\nrf5_sdk_13.0.0\components\libraries\log\src\nrf_log_backend_serial.o
                0x00028a3c                nrf_log_backend_hexdump_handler_get
 .text.nrf_log_init
                0x00028a44       0x38 obj\release\~#\~#\source\nrf\sdk\nrf5_sdk_13.0.0\components\libraries\log\src\nrf_log_frontend.o
                0x00028a44                nrf_log_init
 .text.nrf_log_blocking_backend_set
                0x00028a7c        0x8 obj\release\~#\~#\source\nrf\sdk\nrf5_sdk_13.0.0\components\libraries\log\src\nrf_log_frontend.o
                0x00028a7c                nrf_log_blocking_backend_set
 .text.nrf_log_frontend_std_0
                0x00028a84       0xb0 obj\release\~#\~#\source\nrf\sdk\nrf5_sdk_13.0.0\components\libraries\log\src\nrf_log_frontend.o
                0x00028a84                nrf_log_frontend_std_0
 .text.nrf_log_frontend_std_1
                0x00028b34       0xbc obj\release\~#\~#\source\nrf\sdk\nrf5_sdk_13.0.0\components\libraries\log\src\nrf_log_frontend.o
                0x00028b34                nrf_log_frontend_std_1
 .text.nrf_log_frontend_std_2
                0x00028bf0       0xcc obj\release\~#\~#\source\nrf\sdk\nrf5_sdk_13.0.0\components\libraries\log\src\nrf_log_frontend.o
                0x00028bf0                nrf_log_frontend_std_2
 .text.nrf_log_frontend_std_3
                0x00028cbc       0xdc obj\release\~#\~#\source\nrf\sdk\nrf5_sdk_13.0.0\components\libraries\log\src\nrf_log_frontend.o
                0x00028cbc                nrf_log_frontend_std_3
 .text.nrf_log_frontend_dequeue
                0x00028d98      0x144 obj\release\~#\~#\source\nrf\sdk\nrf5_sdk_13.0.0\components\libraries\log\src\nrf_log_frontend.o
                0x00028d98                nrf_log_frontend_dequeue
 .text.sensorsim_init
                0x00028edc       0x1c obj\release\~#\~#\source\nrf\sdk\nrf5_sdk_13.0.0\components\libraries\sensorsim\sensorsim.o
                0x00028edc                sensorsim_init
 .text.sensorsim_measure
                0x00028ef8       0x4c obj\release\~#\~#\source\nrf\sdk\nrf5_sdk_13.0.0\components\libraries\sensorsim\sensorsim.o
                0x00028ef8                sensorsim_measure
 .text.RTC1_IRQHandler
                0x00028f44       0xa0 obj\release\~#\~#\source\nrf\sdk\nrf5_sdk_13.0.0\components\libraries\timer\app_timer.o
                0x00028f44                RTC1_IRQHandler
 .text.SWI0_EGU0_IRQHandler
                0x00028fe4      0x610 obj\release\~#\~#\source\nrf\sdk\nrf5_sdk_13.0.0\components\libraries\timer\app_timer.o
                0x00028fe4                SWI0_EGU0_IRQHandler
 .text.app_timer_init
                0x000295f4      0x184 obj\release\~#\~#\source\nrf\sdk\nrf5_sdk_13.0.0\components\libraries\timer\app_timer.o
                0x000295f4                app_timer_init
 .text.app_timer_create
                0x00029778       0x24 obj\release\~#\~#\source\nrf\sdk\nrf5_sdk_13.0.0\components\libraries\timer\app_timer.o
                0x00029778                app_timer_create
 .text.app_timer_start
                0x0002979c       0xac obj\release\~#\~#\source\nrf\sdk\nrf5_sdk_13.0.0\components\libraries\timer\app_timer.o
                0x0002979c                app_timer_start
 .text.app_timer_stop
                0x00029848       0x78 obj\release\~#\~#\source\nrf\sdk\nrf5_sdk_13.0.0\components\libraries\timer\app_timer.o
                0x00029848                app_timer_stop
 .text.app_error_handler_bare
                0x000298c0       0x20 obj\release\~#\~#\source\nrf\sdk\nrf5_sdk_13.0.0\components\libraries\util\app_error.o
                0x000298c0                app_error_handler_bare
 .text.app_error_fault_handler
                0x000298e0       0x58 obj\release\~#\~#\source\nrf\sdk\nrf5_sdk_13.0.0\components\libraries\util\app_error_weak.o
                0x000298e0                app_error_fault_handler
 .text.app_util_critical_region_enter
                0x00029938       0x50 obj\release\~#\~#\source\nrf\sdk\nrf5_sdk_13.0.0\components\libraries\util\app_util_platform.o
                0x00029938                app_util_critical_region_enter
 .text.app_util_critical_region_exit
                0x00029988       0x30 obj\release\~#\~#\source\nrf\sdk\nrf5_sdk_13.0.0\components\libraries\util\app_util_platform.o
                0x00029988                app_util_critical_region_exit
 .text.sdk_mapped_flags_first_key_index_get
                0x000299b8       0x2c obj\release\~#\~#\source\nrf\sdk\nrf5_sdk_13.0.0\components\libraries\util\sdk_mapped_flags.o
                0x000299b8                sdk_mapped_flags_first_key_index_get
 .text.sdk_mapped_flags_update_by_key
                0x000299e4       0x3c obj\release\~#\~#\source\nrf\sdk\nrf5_sdk_13.0.0\components\libraries\util\sdk_mapped_flags.o
                0x000299e4                sdk_mapped_flags_update_by_key
 .text.sdk_mapped_flags_bulk_update_by_key
                0x00029a20       0x58 obj\release\~#\~#\source\nrf\sdk\nrf5_sdk_13.0.0\components\libraries\util\sdk_mapped_flags.o
                0x00029a20                sdk_mapped_flags_bulk_update_by_key
 .text.sdk_mapped_flags_get_by_key
                0x00029a78       0x30 obj\release\~#\~#\source\nrf\sdk\nrf5_sdk_13.0.0\components\libraries\util\sdk_mapped_flags.o
                0x00029a78                sdk_mapped_flags_get_by_key
 .text.sdk_mapped_flags_key_list_get
                0x00029aa8       0x34 obj\release\~#\~#\source\nrf\sdk\nrf5_sdk_13.0.0\components\libraries\util\sdk_mapped_flags.o
                0x00029aa8                sdk_mapped_flags_key_list_get
 .text.sd_evt_get
                0x00029adc        0x4 obj\release\~#\~#\source\nrf\sdk\nrf5_sdk_13.0.0\components\softdevice\common\softdevice_handler\softdevice_handler.o
 .text.sd_softdevice_enable
                0x00029ae0        0x4 obj\release\~#\~#\source\nrf\sdk\nrf5_sdk_13.0.0\components\softdevice\common\softdevice_handler\softdevice_handler.o
 .text.sd_ble_enable
                0x00029ae4        0x4 obj\release\~#\~#\source\nrf\sdk\nrf5_sdk_13.0.0\components\softdevice\common\softdevice_handler\softdevice_handler.o
 .text.sd_ble_evt_get
                0x00029ae8        0x4 obj\release\~#\~#\source\nrf\sdk\nrf5_sdk_13.0.0\components\softdevice\common\softdevice_handler\softdevice_handler.o
 .text.softdevice_fault_handler
                0x00029aec        0x4 obj\release\~#\~#\source\nrf\sdk\nrf5_sdk_13.0.0\components\softdevice\common\softdevice_handler\softdevice_handler.o
                0x00029aec                softdevice_fault_handler
 .text.intern_softdevice_events_execute.part.2
                0x00029af0       0xc0 obj\release\~#\~#\source\nrf\sdk\nrf5_sdk_13.0.0\components\softdevice\common\softdevice_handler\softdevice_handler.o
 .text.softdevice_handler_is_enabled
                0x00029bb0        0xc obj\release\~#\~#\source\nrf\sdk\nrf5_sdk_13.0.0\components\softdevice\common\softdevice_handler\softdevice_handler.o
                0x00029bb0                softdevice_handler_is_enabled
 .text.softdevice_handler_init
                0x00029bbc       0x94 obj\release\~#\~#\source\nrf\sdk\nrf5_sdk_13.0.0\components\softdevice\common\softdevice_handler\softdevice_handler.o
                0x00029bbc                softdevice_handler_init
 .text.softdevice_ble_evt_handler_set
                0x00029c50       0x14 obj\release\~#\~#\source\nrf\sdk\nrf5_sdk_13.0.0\components\softdevice\common\softdevice_handler\softdevice_handler.o
                0x00029c50                softdevice_ble_evt_handler_set
 .text.softdevice_sys_evt_handler_set
                0x00029c64       0x14 obj\release\~#\~#\source\nrf\sdk\nrf5_sdk_13.0.0\components\softdevice\common\softdevice_handler\softdevice_handler.o
                0x00029c64                softdevice_sys_evt_handler_set
 .text.SWI2_EGU2_IRQHandler
                0x00029c78       0x30 obj\release\~#\~#\source\nrf\sdk\nrf5_sdk_13.0.0\components\softdevice\common\softdevice_handler\softdevice_handler.o
                0x00029c78                SWI2_EGU2_IRQHandler
 .text.softdevice_app_ram_start_get
                0x00029ca8       0x14 obj\release\~#\~#\source\nrf\sdk\nrf5_sdk_13.0.0\components\softdevice\common\softdevice_handler\softdevice_handler.o
                0x00029ca8                softdevice_app_ram_start_get
 .text.softdevice_enable
                0x00029cbc       0x68 obj\release\~#\~#\source\nrf\sdk\nrf5_sdk_13.0.0\components\softdevice\common\softdevice_handler\softdevice_handler.o
                0x00029cbc                softdevice_enable
 .text          0x00029d24       0x50 obj\release\~#\~#\source\nrf\sdk\nrf5_sdk_13.0.0\components\toolchain\gcc\gcc_startup_nrf52.o
                0x00029d24                Reset_Handler
                0x00029d60                NMI_Handler
                0x00029d64                MemoryManagement_Handler
                0x00029d66                BusFault_Handler
                0x00029d68                UsageFault_Handler
                0x00029d6a                SVC_Handler
                0x00029d6c                DebugMon_Handler
                0x00029d6e                PendSV_Handler
                0x00029d70                SysTick_Handler
                0x00029d72                TEMP_IRQHandler
                0x00029d72                QDEC_IRQHandler
                0x00029d72                TIMER3_IRQHandler
                0x00029d72                FPU_IRQHandler
                0x00029d72                PDM_IRQHandler
                0x00029d72                TIMER4_IRQHandler
                0x00029d72                I2S_IRQHandler
                0x00029d72                SWI4_EGU4_IRQHandler
                0x00029d72                TIMER0_IRQHandler
                0x00029d72                RADIO_IRQHandler
                0x00029d72                TIMER1_IRQHandler
                0x00029d72                RTC0_IRQHandler
                0x00029d72                ECB_IRQHandler
                0x00029d72                SPIM1_SPIS1_TWIM1_TWIS1_SPI1_TWI1_IRQHandler
                0x00029d72                Default_Handler
                0x00029d72                SAADC_IRQHandler
                0x00029d72                CCM_AAR_IRQHandler
                0x00029d72                WDT_IRQHandler
                0x00029d72                PWM1_IRQHandler
                0x00029d72                SWI5_EGU5_IRQHandler
                0x00029d72                RNG_IRQHandler
                0x00029d72                RTC2_IRQHandler
                0x00029d72                PWM0_IRQHandler
                0x00029d72                SWI3_EGU3_IRQHandler
                0x00029d72                SWI1_EGU1_IRQHandler
                0x00029d72                SPIM2_SPIS2_SPI2_IRQHandler
                0x00029d72                NFCT_IRQHandler
                0x00029d72                PWM2_IRQHandler
                0x00029d72                MWU_IRQHandler
                0x00029d72                TIMER2_IRQHandler
                0x00029d72                COMP_LPCOMP_IRQHandler
 .text.SystemInit
                0x00029d74      0x348 obj\release\~#\~#\source\nrf\sdk\nrf5_sdk_13.0.0\components\toolchain\system_nrf52.o
                0x00029d74                SystemInit
 .text.SEGGER_RTT_WriteNoLock
                0x0002a0bc      0x17c obj\release\~#\~#\source\nrf\sdk\nrf5_sdk_13.0.0\external\segger_rtt\segger_rtt.o
                0x0002a0bc                SEGGER_RTT_WriteNoLock
 .text.SEGGER_RTT_Init
                0x0002a238       0x64 obj\release\~#\~#\source\nrf\sdk\nrf5_sdk_13.0.0\external\segger_rtt\segger_rtt.o
                0x0002a238                SEGGER_RTT_Init
 .text.memcmp   0x0002a29c       0x1e c:/program files (x86)/embitz/1.11/share/em_armgcc/bin/../lib/gcc/arm-none-eabi/5.4.1/../../../../arm-none-eabi/lib/armv7e-m/fpu\libc_n.a(lib_a-memcmp.o)
                0x0002a29c                memcmp
 .text.memcpy   0x0002a2ba       0x16 c:/program files (x86)/embitz/1.11/share/em_armgcc/bin/../lib/gcc/arm-none-eabi/5.4.1/../../../../arm-none-eabi/lib/armv7e-m/fpu\libc_n.a(lib_a-memcpy-stub.o)
                0x0002a2ba                memcpy
 .text.memmove  0x0002a2d0       0x36 c:/program files (x86)/embitz/1.11/share/em_armgcc/bin/../lib/gcc/arm-none-eabi/5.4.1/../../../../arm-none-eabi/lib/armv7e-m/fpu\libc_n.a(lib_a-memmove.o)
                0x0002a2d0                memmove
 .text.memset   0x0002a306       0x10 c:/program files (x86)/embitz/1.11/share/em_armgcc/bin/../lib/gcc/arm-none-eabi/5.4.1/../../../../arm-none-eabi/lib/armv7e-m/fpu\libc_n.a(lib_a-memset.o)
                0x0002a306                memset
 *fill*         0x0002a316        0x2 
 .text.snprintf
                0x0002a318       0x64 c:/program files (x86)/embitz/1.11/share/em_armgcc/bin/../lib/gcc/arm-none-eabi/5.4.1/../../../../arm-none-eabi/lib/armv7e-m/fpu\libc_n.a(lib_a-snprintf.o)
                0x0002a318                sniprintf
                0x0002a318                snprintf
 .text.strcpy   0x0002a37c       0x10 c:/program files (x86)/embitz/1.11/share/em_armgcc/bin/../lib/gcc/arm-none-eabi/5.4.1/../../../../arm-none-eabi/lib/armv7e-m/fpu\libc_n.a(lib_a-strcpy.o)
                0x0002a37c                strcpy
 .text          0x0002a38c       0x10 c:/program files (x86)/embitz/1.11/share/em_armgcc/bin/../lib/gcc/arm-none-eabi/5.4.1/../../../../arm-none-eabi/lib/armv7e-m/fpu\libc_n.a(lib_a-strlen.o)
                0x0002a38c                strlen
 .text.__ssputs_r
                0x0002a39c       0xb2 c:/program files (x86)/embitz/1.11/share/em_armgcc/bin/../lib/gcc/arm-none-eabi/5.4.1/../../../../arm-none-eabi/lib/armv7e-m/fpu\libc_n.a(lib_a-nano-svfprintf.o)
                0x0002a39c                __ssputs_r
 *fill*         0x0002a44e        0x2 
 .text._svfprintf_r
                0x0002a450      0x1e8 c:/program files (x86)/embitz/1.11/share/em_armgcc/bin/../lib/gcc/arm-none-eabi/5.4.1/../../../../arm-none-eabi/lib/armv7e-m/fpu\libc_n.a(lib_a-nano-svfprintf.o)
                0x0002a450                _svfiprintf_r
                0x0002a450                _svfprintf_r
 .text._printf_common
                0x0002a638       0xec c:/program files (x86)/embitz/1.11/share/em_armgcc/bin/../lib/gcc/arm-none-eabi/5.4.1/../../../../arm-none-eabi/lib/armv7e-m/fpu\libc_n.a(lib_a-nano-vfprintf_i.o)
                0x0002a638                _printf_common
 .text._printf_i
                0x0002a724      0x24c c:/program files (x86)/embitz/1.11/share/em_armgcc/bin/../lib/gcc/arm-none-eabi/5.4.1/../../../../arm-none-eabi/lib/armv7e-m/fpu\libc_n.a(lib_a-nano-vfprintf_i.o)
                0x0002a724                _printf_i
 .text          0x0002a970       0xa0 c:/program files (x86)/embitz/1.11/share/em_armgcc/bin/../lib/gcc/arm-none-eabi/5.4.1/../../../../arm-none-eabi/lib/armv7e-m/fpu\libc_n.a(lib_a-memchr.o)
                0x0002a970                memchr
 .text._free_r  0x0002aa10       0x9c c:/program files (x86)/embitz/1.11/share/em_armgcc/bin/../lib/gcc/arm-none-eabi/5.4.1/../../../../arm-none-eabi/lib/armv7e-m/fpu\libc_n.a(lib_a-nano-freer.o)
                0x0002aa10                _free_r
 .text._malloc_r
                0x0002aaac       0xbc c:/program files (x86)/embitz/1.11/share/em_armgcc/bin/../lib/gcc/arm-none-eabi/5.4.1/../../../../arm-none-eabi/lib/armv7e-m/fpu\libc_n.a(lib_a-nano-mallocr.o)
                0x0002aaac                _malloc_r
 .text._realloc_r
                0x0002ab68       0x4c c:/program files (x86)/embitz/1.11/share/em_armgcc/bin/../lib/gcc/arm-none-eabi/5.4.1/../../../../arm-none-eabi/lib/armv7e-m/fpu\libc_n.a(lib_a-nano-reallocr.o)
                0x0002ab68                _realloc_r
 .text._sbrk_r  0x0002abb4       0x20 c:/program files (x86)/embitz/1.11/share/em_armgcc/bin/../lib/gcc/arm-none-eabi/5.4.1/../../../../arm-none-eabi/lib/armv7e-m/fpu\libc_n.a(lib_a-sbrkr.o)
                0x0002abb4                _sbrk_r
 .text.__malloc_lock
                0x0002abd4        0x2 c:/program files (x86)/embitz/1.11/share/em_armgcc/bin/../lib/gcc/arm-none-eabi/5.4.1/../../../../arm-none-eabi/lib/armv7e-m/fpu\libc_n.a(lib_a-mlock.o)
                0x0002abd4                __malloc_lock
 .text.__malloc_unlock
                0x0002abd6        0x2 c:/program files (x86)/embitz/1.11/share/em_armgcc/bin/../lib/gcc/arm-none-eabi/5.4.1/../../../../arm-none-eabi/lib/armv7e-m/fpu\libc_n.a(lib_a-mlock.o)
                0x0002abd6                __malloc_unlock
 .text._malloc_usable_size_r
                0x0002abd8       0x14 c:/program files (x86)/embitz/1.11/share/em_armgcc/bin/../lib/gcc/arm-none-eabi/5.4.1/../../../../arm-none-eabi/lib/armv7e-m/fpu\libc_n.a(lib_a-nano-msizer.o)
                0x0002abd8                _malloc_usable_size_r
 .text._sbrk    0x0002abec       0x1c c:/program files (x86)/embitz/1.11/share/em_armgcc/bin/../lib/gcc/arm-none-eabi/5.4.1/../../../../arm-none-eabi/lib/armv7e-m/fpu\libnosys.a(sbrk.o)
                0x0002abec                _sbrk
 *(.init)
 *(.fini)
 *crtbegin.o(.ctors)
 *crtbegin?.o(.ctors)
 *(EXCLUDE_FILE(*crtend.o *crtend?.o) .ctors)
 *(SORT(.ctors.*))
 *(.ctors)
 *crtbegin.o(.dtors)
 *crtbegin?.o(.dtors)
 *(EXCLUDE_FILE(*crtend.o *crtend?.o) .dtors)
 *(SORT(.dtors.*))
 *(.dtors)
 *(.rodata*)
 .rodata.str1.4
                0x0002ac08       0x2f obj\release\src\main.o
 *fill*         0x0002ac37        0x1 
 .rodata        0x0002ac38        0x4 obj\release\src\pecpec_ble.o
 .rodata.str1.4
                0x0002ac3c      0x150 obj\release\src\pecpec_ble.o
 .rodata.m_sensor_contact_timer_id
                0x0002ad8c        0x4 obj\release\src\pecpec_nrf52.o
 .rodata.m_rr_interval_timer_id
                0x0002ad90        0x4 obj\release\src\pecpec_nrf52.o
 .rodata.m_battery_timer_id
                0x0002ad94        0x4 obj\release\src\pecpec_nrf52.o
 .rodata.m_heart_rate_timer_id
                0x0002ad98        0x4 obj\release\src\pecpec_nrf52.o
 .rodata.m_conn_params_timer_id
                0x0002ad9c        0x4 obj\release\~#\~#\source\nrf\sdk\nrf5_sdk_13.0.0\components\ble\common\ble_conn_params.o
 .rodata.str1.4
                0x0002ada0      0x185 obj\release\~#\~#\source\nrf\sdk\nrf5_sdk_13.0.0\components\ble\nrf_ble_gatt\nrf_ble_gatt.o
 *fill*         0x0002af25        0x3 
 .rodata        0x0002af28       0x10 obj\release\~#\~#\source\nrf\sdk\nrf5_sdk_13.0.0\components\ble\peer_manager\gatts_cache_manager.o
 .rodata.service_changed_pending.8890
                0x0002af38        0x4 obj\release\~#\~#\source\nrf\sdk\nrf5_sdk_13.0.0\components\ble\peer_manager\gatts_cache_manager.o
 .rodata.service_changed_pending.8827
                0x0002af3c        0x4 obj\release\~#\~#\source\nrf\sdk\nrf5_sdk_13.0.0\components\ble\peer_manager\gatts_cache_manager.o
 .rodata.m_evt_handlers
                0x0002af40       0x14 obj\release\~#\~#\source\nrf\sdk\nrf5_sdk_13.0.0\components\ble\peer_manager\peer_database.o
 .rodata.m_fds_tl_dirty
                0x0002af54        0x4 obj\release\~#\~#\source\nrf\sdk\nrf5_sdk_13.0.0\components\libraries\fds\fds.o
 .rodata.page_tag_swap.7854
                0x0002af58        0x8 obj\release\~#\~#\source\nrf\sdk\nrf5_sdk_13.0.0\components\libraries\fds\fds.o
 .rodata.page_tag_data.7858
                0x0002af60        0x8 obj\release\~#\~#\source\nrf\sdk\nrf5_sdk_13.0.0\components\libraries\fds\fds.o
 .rodata.str1.4
                0x0002af68       0x22 obj\release\~#\~#\source\nrf\sdk\nrf5_sdk_13.0.0\components\libraries\hardfault\hardfault_implementation.o
 *fill*         0x0002af8a        0x2 
 .rodata.str1.4
                0x0002af8c        0x7 obj\release\~#\~#\source\nrf\sdk\nrf5_sdk_13.0.0\components\libraries\log\src\nrf_log_backend_serial.o
 *fill*         0x0002af93        0x1 
 .rodata.str1.4
                0x0002af94        0xb obj\release\~#\~#\source\nrf\sdk\nrf5_sdk_13.0.0\components\libraries\log\src\nrf_log_frontend.o
 *fill*         0x0002af9f        0x1 
 .rodata.str1.4
                0x0002afa0       0x29 obj\release\~#\~#\source\nrf\sdk\nrf5_sdk_13.0.0\components\libraries\util\app_error_weak.o
 *fill*         0x0002afc9        0x3 
 .rodata.str1.4
                0x0002afcc       0xa5 obj\release\~#\~#\source\nrf\sdk\nrf5_sdk_13.0.0\components\softdevice\common\softdevice_handler\softdevice_handler.o
 *fill*         0x0002b071        0x3 
 .rodata.str1.4
                0x0002b074       0x18 obj\release\~#\~#\source\nrf\sdk\nrf5_sdk_13.0.0\external\segger_rtt\segger_rtt.o
                                 0x17 (size before relaxing)
 .rodata._ctype_
                0x0002b08c      0x101 c:/program files (x86)/embitz/1.11/share/em_armgcc/bin/../lib/gcc/arm-none-eabi/5.4.1/../../../../arm-none-eabi/lib/armv7e-m/fpu\libc_n.a(lib_a-ctype_.o)
                0x0002b08c                _ctype_
 .rodata.str1.1
                0x0002b18d        0x2 c:/program files (x86)/embitz/1.11/share/em_armgcc/bin/../lib/gcc/arm-none-eabi/5.4.1/../../../../arm-none-eabi/lib/armv7e-m/fpu\libc_n.a(lib_a-impure.o)
 .rodata.str1.1
                0x0002b18f       0x11 c:/program files (x86)/embitz/1.11/share/em_armgcc/bin/../lib/gcc/arm-none-eabi/5.4.1/../../../../arm-none-eabi/lib/armv7e-m/fpu\libc_n.a(lib_a-nano-svfprintf.o)
 .rodata.str1.1
                0x0002b1a0       0x22 c:/program files (x86)/embitz/1.11/share/em_armgcc/bin/../lib/gcc/arm-none-eabi/5.4.1/../../../../arm-none-eabi/lib/armv7e-m/fpu\libc_n.a(lib_a-nano-vfprintf_i.o)
 *(.eh_frame*)

.glue_7         0x0002b1c4        0x0
 .glue_7        0x0002b1c4        0x0 linker stubs

.glue_7t        0x0002b1c4        0x0
 .glue_7t       0x0002b1c4        0x0 linker stubs

.vfp11_veneer   0x0002b1c4        0x0
 .vfp11_veneer  0x0002b1c4        0x0 linker stubs

.v4_bx          0x0002b1c4        0x0
 .v4_bx         0x0002b1c4        0x0 linker stubs

.iplt           0x0002b1c4        0x0
 .iplt          0x0002b1c4        0x0 obj\release\src\main.o

.rel.dyn        0x0002b1c4        0x0
 .rel.iplt      0x0002b1c4        0x0 obj\release\src\main.o

.pwr_mgmt_data  0x0002b1c2        0x0
                [!provide]                PROVIDE (__start_pwr_mgmt_data, .)
 *(SORT(.pwr_mgmt_data*))
                [!provide]                PROVIDE (__stop_pwr_mgmt_data, .)

.ARM.extab
 *(.ARM.extab* .gnu.linkonce.armextab.*)
                0x0002b1c2                __exidx_start = .

.ARM.exidx
 *(.ARM.exidx* .gnu.linkonce.armexidx.*)
                0x0002b1c2                __exidx_end = .
                0x0002b1c2                __etext = .

.data           0x20002558       0x88 load address 0x0002b1c2
                0x20002558                __data_start__ = .
 *(vtable)
 *(.data*)
 .data.m_adv_uuids
                0x20002558        0xc obj\release\src\pecpec_ble.o
 .data.m_conn_handle
                0x20002564        0x2 obj\release\src\pecpec_ble.o
 .data.m_rr_interval_enabled
                0x20002566        0x1 obj\release\src\pecpec_nrf52.o
 .data.m_flag_sec_proc_new_peer
                0x20002567        0x1 obj\release\~#\~#\source\nrf\sdk\nrf5_sdk_13.0.0\components\ble\peer_manager\security_dispatcher.o
 .data.m_flag_sec_proc
                0x20002568        0x1 obj\release\~#\~#\source\nrf\sdk\nrf5_sdk_13.0.0\components\ble\peer_manager\security_dispatcher.o
 .data.m_flag_sec_proc_pairing
                0x20002569        0x1 obj\release\~#\~#\source\nrf\sdk\nrf5_sdk_13.0.0\components\ble\peer_manager\security_dispatcher.o
 .data.m_flag_params_reply_pending_flash_full
                0x2000256a        0x1 obj\release\~#\~#\source\nrf\sdk\nrf5_sdk_13.0.0\components\ble\peer_manager\security_manager.o
 .data.m_flag_reject_pairing
                0x2000256b        0x1 obj\release\~#\~#\source\nrf\sdk\nrf5_sdk_13.0.0\components\ble\peer_manager\security_manager.o
 .data.m_flag_params_reply_pending_busy
                0x2000256c        0x1 obj\release\~#\~#\source\nrf\sdk\nrf5_sdk_13.0.0\components\ble\peer_manager\security_manager.o
 .data.m_flag_link_secure_null_params
                0x2000256d        0x1 obj\release\~#\~#\source\nrf\sdk\nrf5_sdk_13.0.0\components\ble\peer_manager\security_manager.o
 .data.m_flag_link_secure_pending_flash_full
                0x2000256e        0x1 obj\release\~#\~#\source\nrf\sdk\nrf5_sdk_13.0.0\components\ble\peer_manager\security_manager.o
 .data.m_flag_link_secure_force_repairing
                0x2000256f        0x1 obj\release\~#\~#\source\nrf\sdk\nrf5_sdk_13.0.0\components\ble\peer_manager\security_manager.o
 .data.m_flag_link_secure_pending_busy
                0x20002570        0x1 obj\release\~#\~#\source\nrf\sdk\nrf5_sdk_13.0.0\components\ble\peer_manager\security_manager.o
 *fill*         0x20002571        0x3 
 .data.SystemCoreClock
                0x20002574        0x4 obj\release\~#\~#\source\nrf\sdk\nrf5_sdk_13.0.0\components\toolchain\system_nrf52.o
                0x20002574                SystemCoreClock
 .data.__ctype_ptr__
                0x20002578        0x4 c:/program files (x86)/embitz/1.11/share/em_armgcc/bin/../lib/gcc/arm-none-eabi/5.4.1/../../../../arm-none-eabi/lib/armv7e-m/fpu\libc_n.a(lib_a-ctype_.o)
                0x20002578                __ctype_ptr__
 .data.impure_data
                0x2000257c       0x60 c:/program files (x86)/embitz/1.11/share/em_armgcc/bin/../lib/gcc/arm-none-eabi/5.4.1/../../../../arm-none-eabi/lib/armv7e-m/fpu\libc_n.a(lib_a-impure.o)
 .data._impure_ptr
                0x200025dc        0x4 c:/program files (x86)/embitz/1.11/share/em_armgcc/bin/../lib/gcc/arm-none-eabi/5.4.1/../../../../arm-none-eabi/lib/armv7e-m/fpu\libc_n.a(lib_a-impure.o)
                0x200025dc                _impure_ptr
                0x200025e0                . = ALIGN (0x4)
                [!provide]                PROVIDE (__preinit_array_start, .)
 *(.preinit_array)
                [!provide]                PROVIDE (__preinit_array_end, .)
                0x200025e0                . = ALIGN (0x4)
                [!provide]                PROVIDE (__init_array_start, .)
 *(SORT(.init_array.*))
 *(.init_array)
                [!provide]                PROVIDE (__init_array_end, .)
                0x200025e0                . = ALIGN (0x4)
                [!provide]                PROVIDE (__fini_array_start, .)
 *(SORT(.fini_array.*))
 *(.fini_array)
                [!provide]                PROVIDE (__fini_array_end, .)
 *(.jcr*)
                0x200025e0                . = ALIGN (0x4)
                0x200025e0                __data_end__ = .
                0x00001024                __HEAP_SIZE = 0x1024
                0x00002048                __STACK_SIZE = 0x2048
START GROUP
LOAD c:/program files (x86)/embitz/1.11/share/em_armgcc/bin/../lib/gcc/arm-none-eabi/5.4.1/armv7e-m/fpu\libgcc.a
LOAD c:/program files (x86)/embitz/1.11/share/em_armgcc/bin/../lib/gcc/arm-none-eabi/5.4.1/../../../../arm-none-eabi/lib/armv7e-m/fpu\libc.a
LOAD c:/program files (x86)/embitz/1.11/share/em_armgcc/bin/../lib/gcc/arm-none-eabi/5.4.1/../../../../arm-none-eabi/lib/armv7e-m/fpu\libnosys.a
END GROUP

.igot.plt       0x200025e0        0x0 load address 0x0002b24c
 .igot.plt      0x200025e0        0x0 obj\release\src\main.o

.fs_data        0x200025e0       0x10 load address 0x0002b24c
                0x200025e0                PROVIDE (__start_fs_data, .)
 *(.fs_data)
 .fs_data       0x200025e0       0x10 obj\release\~#\~#\source\nrf\sdk\nrf5_sdk_13.0.0\components\libraries\fds\fds.o
                0x200025f0                PROVIDE (__stop_fs_data, .)

.bss            0x200025f0     0x1f9c load address 0x0002b25c
                0x200025f0                . = ALIGN (0x4)
                0x200025f0                __bss_start__ = .
 *(.bss*)
 .bss.m_gatt    0x200025f0       0x14 obj\release\src\pecpec_ble.o
 .bss.BLE_EVT_BUFFER.10799
                0x20002604       0xd8 obj\release\src\pecpec_ble.o
 .bss.sensor_contact_detected.9693
                0x200026dc        0x1 obj\release\src\pecpec_nrf52.o
 *fill*         0x200026dd        0x3 
 .bss.m_heart_rate_sim_state
                0x200026e0        0x8 obj\release\src\pecpec_nrf52.o
 .bss.m_rr_interval_sim_state
                0x200026e8        0x8 obj\release\src\pecpec_nrf52.o
 .bss.m_battery_sim_state
                0x200026f0        0x8 obj\release\src\pecpec_nrf52.o
 .bss.m_battery_sim_cfg
                0x200026f8       0x10 obj\release\src\pecpec_nrf52.o
 .bss.cnt.9683  0x20002708        0x4 obj\release\src\pecpec_nrf52.o
 .bss.m_rr_interval_timer_id_data
                0x2000270c       0x20 obj\release\src\pecpec_nrf52.o
 .bss.m_rr_interval_sim_cfg
                0x2000272c       0x10 obj\release\src\pecpec_nrf52.o
 .bss.m_heart_rate_sim_cfg
                0x2000273c       0x10 obj\release\src\pecpec_nrf52.o
 .bss.m_sensor_contact_timer_id_data
                0x2000274c       0x20 obj\release\src\pecpec_nrf52.o
 .bss.m_battery_timer_id_data
                0x2000276c       0x20 obj\release\src\pecpec_nrf52.o
 .bss.m_heart_rate_timer_id_data
                0x2000278c       0x20 obj\release\src\pecpec_nrf52.o
 .bss.m_advdata
                0x200027ac       0x3c obj\release\~#\~#\source\nrf\sdk\nrf5_sdk_13.0.0\components\ble\ble_advertising\ble_advertising.o
 .bss.m_whitelist_in_use
                0x200027e8        0x1 obj\release\~#\~#\source\nrf\sdk\nrf5_sdk_13.0.0\components\ble\ble_advertising\ble_advertising.o
 *fill*         0x200027e9        0x3 
 .bss.m_manuf_specific_data
                0x200027ec        0xc obj\release\~#\~#\source\nrf\sdk\nrf5_sdk_13.0.0\components\ble\ble_advertising\ble_advertising.o
 .bss.m_evt_handler
                0x200027f8        0x4 obj\release\~#\~#\source\nrf\sdk\nrf5_sdk_13.0.0\components\ble\ble_advertising\ble_advertising.o
 .bss.m_advertising_start_pending
                0x200027fc        0x1 obj\release\~#\~#\source\nrf\sdk\nrf5_sdk_13.0.0\components\ble\ble_advertising\ble_advertising.o
 *fill*         0x200027fd        0x3 
 .bss.m_manuf_data_array
                0x20002800       0x1f obj\release\~#\~#\source\nrf\sdk\nrf5_sdk_13.0.0\components\ble\ble_advertising\ble_advertising.o
 .bss.m_whitelist_temporarily_disabled
                0x2000281f        0x1 obj\release\~#\~#\source\nrf\sdk\nrf5_sdk_13.0.0\components\ble\ble_advertising\ble_advertising.o
 .bss.m_error_handler
                0x20002820        0x4 obj\release\~#\~#\source\nrf\sdk\nrf5_sdk_13.0.0\components\ble\ble_advertising\ble_advertising.o
 .bss.m_peer_address
                0x20002824        0x7 obj\release\~#\~#\source\nrf\sdk\nrf5_sdk_13.0.0\components\ble\ble_advertising\ble_advertising.o
 *fill*         0x2000282b        0x1 
 .bss.m_adv_modes_config
                0x2000282c       0x20 obj\release\~#\~#\source\nrf\sdk\nrf5_sdk_13.0.0\components\ble\ble_advertising\ble_advertising.o
 .bss.m_current_slave_link_conn_handle
                0x2000284c        0x2 obj\release\~#\~#\source\nrf\sdk\nrf5_sdk_13.0.0\components\ble\ble_advertising\ble_advertising.o
 *fill*         0x2000284e        0x2 
 .bss.m_slave_conn_int
                0x20002850        0x4 obj\release\~#\~#\source\nrf\sdk\nrf5_sdk_13.0.0\components\ble\ble_advertising\ble_advertising.o
 .bss.m_service_data_array
                0x20002854       0x1f obj\release\~#\~#\source\nrf\sdk\nrf5_sdk_13.0.0\components\ble\ble_advertising\ble_advertising.o
 .bss.m_whitelist_reply_expected
                0x20002873        0x1 obj\release\~#\~#\source\nrf\sdk\nrf5_sdk_13.0.0\components\ble\ble_advertising\ble_advertising.o
 .bss.m_conn_cfg_tag
                0x20002874        0x1 obj\release\~#\~#\source\nrf\sdk\nrf5_sdk_13.0.0\components\ble\ble_advertising\ble_advertising.o
 .bss.m_adv_mode_current
                0x20002875        0x1 obj\release\~#\~#\source\nrf\sdk\nrf5_sdk_13.0.0\components\ble\ble_advertising\ble_advertising.o
 .bss.m_peer_addr_reply_expected
                0x20002876        0x1 obj\release\~#\~#\source\nrf\sdk\nrf5_sdk_13.0.0\components\ble\ble_advertising\ble_advertising.o
 .bss.m_initialized
                0x20002877        0x1 obj\release\~#\~#\source\nrf\sdk\nrf5_sdk_13.0.0\components\ble\ble_advertising\ble_advertising.o
 .bss.m_service_data
                0x20002878        0xc obj\release\~#\~#\source\nrf\sdk\nrf5_sdk_13.0.0\components\ble\ble_advertising\ble_advertising.o
 .bss.m_adv_evt
                0x20002884        0x1 obj\release\~#\~#\source\nrf\sdk\nrf5_sdk_13.0.0\components\ble\ble_advertising\ble_advertising.o
 *fill*         0x20002885        0x3 
 .bss.sw_rev_handles
                0x20002888        0x8 obj\release\~#\~#\source\nrf\sdk\nrf5_sdk_13.0.0\components\ble\ble_services\ble_dis\ble_dis.o
 .bss.model_num_handles
                0x20002890        0x8 obj\release\~#\~#\source\nrf\sdk\nrf5_sdk_13.0.0\components\ble\ble_services\ble_dis\ble_dis.o
 .bss.sys_id_handles
                0x20002898        0x8 obj\release\~#\~#\source\nrf\sdk\nrf5_sdk_13.0.0\components\ble\ble_services\ble_dis\ble_dis.o
 .bss.manufact_name_handles
                0x200028a0        0x8 obj\release\~#\~#\source\nrf\sdk\nrf5_sdk_13.0.0\components\ble\ble_services\ble_dis\ble_dis.o
 .bss.reg_cert_data_list_handles
                0x200028a8        0x8 obj\release\~#\~#\source\nrf\sdk\nrf5_sdk_13.0.0\components\ble\ble_services\ble_dis\ble_dis.o
 .bss.pnp_id_handles
                0x200028b0        0x8 obj\release\~#\~#\source\nrf\sdk\nrf5_sdk_13.0.0\components\ble\ble_services\ble_dis\ble_dis.o
 .bss.hw_rev_handles
                0x200028b8        0x8 obj\release\~#\~#\source\nrf\sdk\nrf5_sdk_13.0.0\components\ble\ble_services\ble_dis\ble_dis.o
 .bss.serial_num_handles
                0x200028c0        0x8 obj\release\~#\~#\source\nrf\sdk\nrf5_sdk_13.0.0\components\ble\ble_services\ble_dis\ble_dis.o
 .bss.fw_rev_handles
                0x200028c8        0x8 obj\release\~#\~#\source\nrf\sdk\nrf5_sdk_13.0.0\components\ble\ble_services\ble_dis\ble_dis.o
 .bss.service_handle
                0x200028d0        0x2 obj\release\~#\~#\source\nrf\sdk\nrf5_sdk_13.0.0\components\ble\ble_services\ble_dis\ble_dis.o
 .bss.m_change_param
                0x200028d2        0x1 obj\release\~#\~#\source\nrf\sdk\nrf5_sdk_13.0.0\components\ble\common\ble_conn_params.o
 *fill*         0x200028d3        0x1 
 .bss.m_current_conn_params
                0x200028d4        0x8 obj\release\~#\~#\source\nrf\sdk\nrf5_sdk_13.0.0\components\ble\common\ble_conn_params.o
 .bss.m_update_count
                0x200028dc        0x1 obj\release\~#\~#\source\nrf\sdk\nrf5_sdk_13.0.0\components\ble\common\ble_conn_params.o
 *fill*         0x200028dd        0x3 
 .bss.m_conn_params_config
                0x200028e0       0x1c obj\release\~#\~#\source\nrf\sdk\nrf5_sdk_13.0.0\components\ble\common\ble_conn_params.o
 .bss.m_conn_params_timer_id_data
                0x200028fc       0x20 obj\release\~#\~#\source\nrf\sdk\nrf5_sdk_13.0.0\components\ble\common\ble_conn_params.o
 .bss.m_conn_handle
                0x2000291c        0x2 obj\release\~#\~#\source\nrf\sdk\nrf5_sdk_13.0.0\components\ble\common\ble_conn_params.o
 *fill*         0x2000291e        0x2 
 .bss.m_preferred_conn_params
                0x20002920        0x8 obj\release\~#\~#\source\nrf\sdk\nrf5_sdk_13.0.0\components\ble\common\ble_conn_params.o
 .bss.m_bcs     0x20002928       0xb8 obj\release\~#\~#\source\nrf\sdk\nrf5_sdk_13.0.0\components\ble\common\ble_conn_state.o
 .bss.m_flag_service_changed_pending
                0x200029e0        0x1 obj\release\~#\~#\source\nrf\sdk\nrf5_sdk_13.0.0\components\ble\peer_manager\gatt_cache_manager.o
 .bss.m_flag_service_changed_sent
                0x200029e1        0x1 obj\release\~#\~#\source\nrf\sdk\nrf5_sdk_13.0.0\components\ble\peer_manager\gatt_cache_manager.o
 .bss.m_flag_local_db_update_pending
                0x200029e2        0x1 obj\release\~#\~#\source\nrf\sdk\nrf5_sdk_13.0.0\components\ble\peer_manager\gatt_cache_manager.o
 .bss.m_flag_local_db_apply_pending
                0x200029e3        0x1 obj\release\~#\~#\source\nrf\sdk\nrf5_sdk_13.0.0\components\ble\peer_manager\gatt_cache_manager.o
 .bss.start_handle.8882
                0x200029e4        0x2 obj\release\~#\~#\source\nrf\sdk\nrf5_sdk_13.0.0\components\ble\peer_manager\gatts_cache_manager.o
 .bss.m_current_sc_store_peer_id
                0x200029e6        0x2 obj\release\~#\~#\source\nrf\sdk\nrf5_sdk_13.0.0\components\ble\peer_manager\gatts_cache_manager.o
 .bss.m_connections
                0x200029e8       0xf0 obj\release\~#\~#\source\nrf\sdk\nrf5_sdk_13.0.0\components\ble\peer_manager\id_manager.o
 .bss.m_conn_state_user_flag_id
                0x20002ad8        0x1 obj\release\~#\~#\source\nrf\sdk\nrf5_sdk_13.0.0\components\ble\peer_manager\id_manager.o
 *fill*         0x20002ad9        0x3 
 .bss.m_fds_ftok
                0x20002adc        0x8 obj\release\~#\~#\source\nrf\sdk\nrf5_sdk_13.0.0\components\ble\peer_manager\peer_data_storage.o
 .bss.m_peer_delete_queued
                0x20002ae4        0x1 obj\release\~#\~#\source\nrf\sdk\nrf5_sdk_13.0.0\components\ble\peer_manager\peer_data_storage.o
 .bss.m_peer_delete_ongoing
                0x20002ae5        0x1 obj\release\~#\~#\source\nrf\sdk\nrf5_sdk_13.0.0\components\ble\peer_manager\peer_data_storage.o
 *fill*         0x20002ae6        0x2 
 .bss.m_write_buffer_records
                0x20002ae8       0xa0 obj\release\~#\~#\source\nrf\sdk\nrf5_sdk_13.0.0\components\ble\peer_manager\peer_database.o
 .bss.m_n_writes
                0x20002b88        0x4 obj\release\~#\~#\source\nrf\sdk\nrf5_sdk_13.0.0\components\ble\peer_manager\peer_database.o
 .bss.m_write_buffer
                0x20002b8c       0x10 obj\release\~#\~#\source\nrf\sdk\nrf5_sdk_13.0.0\components\ble\peer_manager\peer_database.o
 .bss.mutex_memory.8905
                0x20002b9c        0x1 obj\release\~#\~#\source\nrf\sdk\nrf5_sdk_13.0.0\components\ble\peer_manager\peer_database.o
 *fill*         0x20002b9d        0x3 
 .bss.buffer_memory.8904
                0x20002ba0      0x280 obj\release\~#\~#\source\nrf\sdk\nrf5_sdk_13.0.0\components\ble\peer_manager\peer_database.o
 .bss.m_pi      0x20002e20       0x40 obj\release\~#\~#\source\nrf\sdk\nrf5_sdk_13.0.0\components\ble\peer_manager\peer_id.o
 .bss.m_pairing_flag_id
                0x20002e60        0x1 obj\release\~#\~#\source\nrf\sdk\nrf5_sdk_13.0.0\components\ble\peer_manager\peer_manager.o
 *fill*         0x20002e61        0x3 
 .bss.m_current_highest_peer_rank
                0x20002e64        0x4 obj\release\~#\~#\source\nrf\sdk\nrf5_sdk_13.0.0\components\ble\peer_manager\peer_manager.o
 .bss.m_module_initialized
                0x20002e68        0x1 obj\release\~#\~#\source\nrf\sdk\nrf5_sdk_13.0.0\components\ble\peer_manager\peer_manager.o
 *fill*         0x20002e69        0x3 
 .bss.m_evt_handlers
                0x20002e6c        0xc obj\release\~#\~#\source\nrf\sdk\nrf5_sdk_13.0.0\components\ble\peer_manager\peer_manager.o
 .bss.m_peer_rank_initialized
                0x20002e78        0x1 obj\release\~#\~#\source\nrf\sdk\nrf5_sdk_13.0.0\components\ble\peer_manager\peer_manager.o
 .bss.m_deleting_all
                0x20002e79        0x1 obj\release\~#\~#\source\nrf\sdk\nrf5_sdk_13.0.0\components\ble\peer_manager\peer_manager.o
 .bss.m_n_registrants
                0x20002e7a        0x1 obj\release\~#\~#\source\nrf\sdk\nrf5_sdk_13.0.0\components\ble\peer_manager\peer_manager.o
 *fill*         0x20002e7b        0x1 
 .bss.m_peer_rank_token
                0x20002e7c        0x4 obj\release\~#\~#\source\nrf\sdk\nrf5_sdk_13.0.0\components\ble\peer_manager\peer_manager.o
 .bss.m_bonding_flag_id
                0x20002e80        0x1 obj\release\~#\~#\source\nrf\sdk\nrf5_sdk_13.0.0\components\ble\peer_manager\peer_manager.o
 *fill*         0x20002e81        0x1 
 .bss.m_highest_ranked_peer
                0x20002e82        0x2 obj\release\~#\~#\source\nrf\sdk\nrf5_sdk_13.0.0\components\ble\peer_manager\peer_manager.o
 .bss.m_peer_pk
                0x20002e84       0x40 obj\release\~#\~#\source\nrf\sdk\nrf5_sdk_13.0.0\components\ble\peer_manager\security_dispatcher.o
 .bss.m_p_public_key
                0x20002ec4        0x4 obj\release\~#\~#\source\nrf\sdk\nrf5_sdk_13.0.0\components\ble\peer_manager\security_manager.o
 .bss.m_sec_params
                0x20002ec8        0x5 obj\release\~#\~#\source\nrf\sdk\nrf5_sdk_13.0.0\components\ble\peer_manager\security_manager.o
 .bss.m_sec_params_valid
                0x20002ecd        0x1 obj\release\~#\~#\source\nrf\sdk\nrf5_sdk_13.0.0\components\ble\peer_manager\security_manager.o
 *fill*         0x20002ece        0x2 
 .bss.m_clock_cb
                0x20002ed0       0x14 obj\release\~#\~#\source\nrf\sdk\nrf5_sdk_13.0.0\components\drivers_nrf\clock\nrf_drv_clock.o
 .bss.m_cb      0x20002ee4       0x58 obj\release\~#\~#\source\nrf\sdk\nrf5_sdk_13.0.0\components\drivers_nrf\gpiote\nrf_drv_gpiote.o
 .bss.m_cb      0x20002f3c       0x28 obj\release\~#\~#\source\nrf\sdk\nrf5_sdk_13.0.0\components\drivers_nrf\twi_master\nrf_drv_twi.o
 .bss.m_cb      0x20002f64       0x20 obj\release\~#\~#\source\nrf\sdk\nrf5_sdk_13.0.0\components\drivers_nrf\uart\nrf_drv_uart.o
 .bss.m_chunk_queue
                0x20002f84       0x48 obj\release\~#\~#\source\nrf\sdk\nrf5_sdk_13.0.0\components\libraries\fds\fds.o
 .bss.m_latest_rec_id
                0x20002fcc        0x4 obj\release\~#\~#\source\nrf\sdk\nrf5_sdk_13.0.0\components\libraries\fds\fds.o
 .bss.m_users   0x20002fd0        0x1 obj\release\~#\~#\source\nrf\sdk\nrf5_sdk_13.0.0\components\libraries\fds\fds.o
 *fill*         0x20002fd1        0x3 
 .bss.m_pages   0x20002fd4       0x20 obj\release\~#\~#\source\nrf\sdk\nrf5_sdk_13.0.0\components\libraries\fds\fds.o
 .bss.m_gc      0x20002ff4       0x10 obj\release\~#\~#\source\nrf\sdk\nrf5_sdk_13.0.0\components\libraries\fds\fds.o
 .bss.m_op_queue
                0x20003004       0x78 obj\release\~#\~#\source\nrf\sdk\nrf5_sdk_13.0.0\components\libraries\fds\fds.o
 .bss.page.8088
                0x2000307c        0x2 obj\release\~#\~#\source\nrf\sdk\nrf5_sdk_13.0.0\components\libraries\fds\fds.o
 *fill*         0x2000307e        0x2 
 .bss.m_swap_page
                0x20003080        0x8 obj\release\~#\~#\source\nrf\sdk\nrf5_sdk_13.0.0\components\libraries\fds\fds.o
 .bss.tok.7993  0x20003088        0x8 obj\release\~#\~#\source\nrf\sdk\nrf5_sdk_13.0.0\components\libraries\fds\fds.o
 .bss.m_flags   0x20003090        0x1 obj\release\~#\~#\source\nrf\sdk\nrf5_sdk_13.0.0\components\libraries\fds\fds.o
 *fill*         0x20003091        0x3 
 .bss.desc.8087
                0x20003094        0xc obj\release\~#\~#\source\nrf\sdk\nrf5_sdk_13.0.0\components\libraries\fds\fds.o
 .bss.m_cb_table
                0x200030a0       0x20 obj\release\~#\~#\source\nrf\sdk\nrf5_sdk_13.0.0\components\libraries\fds\fds.o
 .bss.m_flags   0x200030c0        0x1 obj\release\~#\~#\source\nrf\sdk\nrf5_sdk_13.0.0\components\libraries\fstorage\fstorage.o
 *fill*         0x200030c1        0x3 
 .bss.m_queue   0x200030c4       0x68 obj\release\~#\~#\source\nrf\sdk\nrf5_sdk_13.0.0\components\libraries\fstorage\fstorage.o
 .bss.m_retry_count
                0x2000312c        0x1 obj\release\~#\~#\source\nrf\sdk\nrf5_sdk_13.0.0\components\libraries\fstorage\fstorage.o
 .bss.m_blocking_mode
                0x2000312d        0x1 obj\release\~#\~#\source\nrf\sdk\nrf5_sdk_13.0.0\components\libraries\log\src\nrf_log_backend_serial.o
 .bss.m_initialized
                0x2000312e        0x1 obj\release\~#\~#\source\nrf\sdk\nrf5_sdk_13.0.0\components\libraries\log\src\nrf_log_backend_serial.o
 *fill*         0x2000312f        0x1 
 .bss.m_log_data
                0x20003130     0x1018 obj\release\~#\~#\source\nrf\sdk\nrf5_sdk_13.0.0\components\libraries\log\src\nrf_log_frontend.o
 .bss.m_ticks_latest
                0x20004148        0x4 obj\release\~#\~#\source\nrf\sdk\nrf5_sdk_13.0.0\components\libraries\timer\app_timer.o
 .bss.mp_timer_id_head
                0x2000414c        0x4 obj\release\~#\~#\source\nrf\sdk\nrf5_sdk_13.0.0\components\libraries\timer\app_timer.o
 .bss.m_ticks_elapsed_q_read_ind
                0x20004150        0x1 obj\release\~#\~#\source\nrf\sdk\nrf5_sdk_13.0.0\components\libraries\timer\app_timer.o
 .bss.m_ticks_elapsed_q_write_ind
                0x20004151        0x1 obj\release\~#\~#\source\nrf\sdk\nrf5_sdk_13.0.0\components\libraries\timer\app_timer.o
 .bss.m_rtc1_reset
                0x20004152        0x1 obj\release\~#\~#\source\nrf\sdk\nrf5_sdk_13.0.0\components\libraries\timer\app_timer.o
 *fill*         0x20004153        0x1 
 .bss.m_op_queue
                0x20004154      0x10c obj\release\~#\~#\source\nrf\sdk\nrf5_sdk_13.0.0\components\libraries\timer\app_timer.o
 .bss.m_ticks_elapsed
                0x20004260        0x8 obj\release\~#\~#\source\nrf\sdk\nrf5_sdk_13.0.0\components\libraries\timer\app_timer.o
 .bss.m_rtc1_running
                0x20004268        0x1 obj\release\~#\~#\source\nrf\sdk\nrf5_sdk_13.0.0\components\libraries\timer\app_timer.o
 .bss.m_suspended
                0x20004269        0x1 obj\release\~#\~#\source\nrf\sdk\nrf5_sdk_13.0.0\components\softdevice\common\softdevice_handler\softdevice_handler.o
 .bss.m_softdevice_enabled
                0x2000426a        0x1 obj\release\~#\~#\source\nrf\sdk\nrf5_sdk_13.0.0\components\softdevice\common\softdevice_handler\softdevice_handler.o
 *fill*         0x2000426b        0x1 
 .bss.m_ble_evt_buffer_size
                0x2000426c        0x2 obj\release\~#\~#\source\nrf\sdk\nrf5_sdk_13.0.0\components\softdevice\common\softdevice_handler\softdevice_handler.o
 *fill*         0x2000426e        0x2 
 .bss.mp_ble_evt_buffer
                0x20004270        0x4 obj\release\~#\~#\source\nrf\sdk\nrf5_sdk_13.0.0\components\softdevice\common\softdevice_handler\softdevice_handler.o
 .bss.m_sys_evt_handler
                0x20004274        0x4 obj\release\~#\~#\source\nrf\sdk\nrf5_sdk_13.0.0\components\softdevice\common\softdevice_handler\softdevice_handler.o
 .bss.m_ble_evt_handler
                0x20004278        0x4 obj\release\~#\~#\source\nrf\sdk\nrf5_sdk_13.0.0\components\softdevice\common\softdevice_handler\softdevice_handler.o
 .bss.m_evt_schedule_func
                0x2000427c        0x4 obj\release\~#\~#\source\nrf\sdk\nrf5_sdk_13.0.0\components\softdevice\common\softdevice_handler\softdevice_handler.o
 .bss._acDownBuffer
                0x20004280       0x10 obj\release\~#\~#\source\nrf\sdk\nrf5_sdk_13.0.0\external\segger_rtt\segger_rtt.o
 .bss._acUpBuffer
                0x20004290      0x200 obj\release\~#\~#\source\nrf\sdk\nrf5_sdk_13.0.0\external\segger_rtt\segger_rtt.o
 .bss.__malloc_sbrk_start
                0x20004490        0x4 c:/program files (x86)/embitz/1.11/share/em_armgcc/bin/../lib/gcc/arm-none-eabi/5.4.1/../../../../arm-none-eabi/lib/armv7e-m/fpu\libc_n.a(lib_a-nano-mallocr.o)
                0x20004490                __malloc_sbrk_start
 .bss.__malloc_free_list
                0x20004494        0x4 c:/program files (x86)/embitz/1.11/share/em_armgcc/bin/../lib/gcc/arm-none-eabi/5.4.1/../../../../arm-none-eabi/lib/armv7e-m/fpu\libc_n.a(lib_a-nano-mallocr.o)
                0x20004494                __malloc_free_list
 .bss.heap_end.4169
                0x20004498        0x4 c:/program files (x86)/embitz/1.11/share/em_armgcc/bin/../lib/gcc/arm-none-eabi/5.4.1/../../../../arm-none-eabi/lib/armv7e-m/fpu\libnosys.a(sbrk.o)
 *(COMMON)
 COMMON         0x2000449c       0x68 obj\release\src\pecpec_nrf52.o
                0x2000449c                m_hrs
                0x200044ec                m_bas
 COMMON         0x20004504        0xc obj\release\~#\~#\source\nrf\sdk\nrf5_sdk_13.0.0\components\libraries\util\app_util_platform.o
                0x20004504                nrf_nvic_state
 COMMON         0x20004510       0x78 obj\release\~#\~#\source\nrf\sdk\nrf5_sdk_13.0.0\external\segger_rtt\segger_rtt.o
                0x20004510                _SEGGER_RTT
 COMMON         0x20004588        0x4 c:/program files (x86)/embitz/1.11/share/em_armgcc/bin/../lib/gcc/arm-none-eabi/5.4.1/../../../../arm-none-eabi/lib/armv7e-m/fpu\libc_n.a(lib_a-reent.o)
                0x20004588                errno
                0x2000458c                . = ALIGN (0x4)
                0x2000458c                __bss_end__ = .

.heap           0x20004590     0x1024